Archive member included to satisfy reference by file (symbol)

/home/bnuy/.mcuxpressotools/arm-gnu-toolchain-14.2.rel1-x86_64-arm-none-eabi/bin/../lib/gcc/arm-none-eabi/14.2.1/../../../../arm-none-eabi/lib/thumb/v8-m.main/nofp/libc_nano.a(libc_a-exit.o)
                              /home/bnuy/.mcuxpressotools/arm-gnu-toolchain-14.2.rel1-x86_64-arm-none-eabi/bin/../lib/gcc/arm-none-eabi/14.2.1/../../../../arm-none-eabi/lib/thumb/v8-m.main/nofp/crt0.o (exit)
/home/bnuy/.mcuxpressotools/arm-gnu-toolchain-14.2.rel1-x86_64-arm-none-eabi/bin/../lib/gcc/arm-none-eabi/14.2.1/../../../../arm-none-eabi/lib/thumb/v8-m.main/nofp/libc_nano.a(libc_a-malloc.o)
                              CMakeFiles/Mecha-Iepurele_HWSide.dir/home/bnuy/Desktop/mcusdk/mcuxsdk/mcuxsdk/drivers/common/fsl_common.c.obj (malloc)
/home/bnuy/.mcuxpressotools/arm-gnu-toolchain-14.2.rel1-x86_64-arm-none-eabi/bin/../lib/gcc/arm-none-eabi/14.2.1/../../../../arm-none-eabi/lib/thumb/v8-m.main/nofp/libc_nano.a(libc_a-mallocr.o)
                              /home/bnuy/.mcuxpressotools/arm-gnu-toolchain-14.2.rel1-x86_64-arm-none-eabi/bin/../lib/gcc/arm-none-eabi/14.2.1/../../../../arm-none-eabi/lib/thumb/v8-m.main/nofp/libc_nano.a(libc_a-malloc.o) (_malloc_r)
/home/bnuy/.mcuxpressotools/arm-gnu-toolchain-14.2.rel1-x86_64-arm-none-eabi/bin/../lib/gcc/arm-none-eabi/14.2.1/../../../../arm-none-eabi/lib/thumb/v8-m.main/nofp/libc_nano.a(libc_a-mlock.o)
                              /home/bnuy/.mcuxpressotools/arm-gnu-toolchain-14.2.rel1-x86_64-arm-none-eabi/bin/../lib/gcc/arm-none-eabi/14.2.1/../../../../arm-none-eabi/lib/thumb/v8-m.main/nofp/libc_nano.a(libc_a-mallocr.o) (__malloc_lock)
/home/bnuy/.mcuxpressotools/arm-gnu-toolchain-14.2.rel1-x86_64-arm-none-eabi/bin/../lib/gcc/arm-none-eabi/14.2.1/../../../../arm-none-eabi/lib/thumb/v8-m.main/nofp/libc_nano.a(libc_a-strtoul.o)
                              CMakeFiles/Mecha-Iepurele_HWSide.dir/home/bnuy/Desktop/mcusdk/mcuxsdk/mcuxsdk/components/str/fsl_str.c.obj (strtoul)
/home/bnuy/.mcuxpressotools/arm-gnu-toolchain-14.2.rel1-x86_64-arm-none-eabi/bin/../lib/gcc/arm-none-eabi/14.2.1/../../../../arm-none-eabi/lib/thumb/v8-m.main/nofp/libc_nano.a(libc_a-ctype_.o)
                              /home/bnuy/.mcuxpressotools/arm-gnu-toolchain-14.2.rel1-x86_64-arm-none-eabi/bin/../lib/gcc/arm-none-eabi/14.2.1/../../../../arm-none-eabi/lib/thumb/v8-m.main/nofp/libc_nano.a(libc_a-strtoul.o) (_ctype_)
/home/bnuy/.mcuxpressotools/arm-gnu-toolchain-14.2.rel1-x86_64-arm-none-eabi/bin/../lib/gcc/arm-none-eabi/14.2.1/../../../../arm-none-eabi/lib/thumb/v8-m.main/nofp/libc_nano.a(libc_a-findfp.o)
                              /home/bnuy/.mcuxpressotools/arm-gnu-toolchain-14.2.rel1-x86_64-arm-none-eabi/bin/../lib/gcc/arm-none-eabi/14.2.1/../../../../arm-none-eabi/lib/thumb/v8-m.main/nofp/libc_nano.a(libc_a-exit.o) (__stdio_exit_handler)
/home/bnuy/.mcuxpressotools/arm-gnu-toolchain-14.2.rel1-x86_64-arm-none-eabi/bin/../lib/gcc/arm-none-eabi/14.2.1/../../../../arm-none-eabi/lib/thumb/v8-m.main/nofp/libc_nano.a(libc_a-fwalk.o)
                              /home/bnuy/.mcuxpressotools/arm-gnu-toolchain-14.2.rel1-x86_64-arm-none-eabi/bin/../lib/gcc/arm-none-eabi/14.2.1/../../../../arm-none-eabi/lib/thumb/v8-m.main/nofp/libc_nano.a(libc_a-findfp.o) (_fwalk_sglue)
/home/bnuy/.mcuxpressotools/arm-gnu-toolchain-14.2.rel1-x86_64-arm-none-eabi/bin/../lib/gcc/arm-none-eabi/14.2.1/../../../../arm-none-eabi/lib/thumb/v8-m.main/nofp/libc_nano.a(libc_a-stdio.o)
                              /home/bnuy/.mcuxpressotools/arm-gnu-toolchain-14.2.rel1-x86_64-arm-none-eabi/bin/../lib/gcc/arm-none-eabi/14.2.1/../../../../arm-none-eabi/lib/thumb/v8-m.main/nofp/libc_nano.a(libc_a-findfp.o) (__sread)
/home/bnuy/.mcuxpressotools/arm-gnu-toolchain-14.2.rel1-x86_64-arm-none-eabi/bin/../lib/gcc/arm-none-eabi/14.2.1/../../../../arm-none-eabi/lib/thumb/v8-m.main/nofp/libc_nano.a(libc_a-closer.o)
                              /home/bnuy/.mcuxpressotools/arm-gnu-toolchain-14.2.rel1-x86_64-arm-none-eabi/bin/../lib/gcc/arm-none-eabi/14.2.1/../../../../arm-none-eabi/lib/thumb/v8-m.main/nofp/libc_nano.a(libc_a-stdio.o) (_close_r)
/home/bnuy/.mcuxpressotools/arm-gnu-toolchain-14.2.rel1-x86_64-arm-none-eabi/bin/../lib/gcc/arm-none-eabi/14.2.1/../../../../arm-none-eabi/lib/thumb/v8-m.main/nofp/libc_nano.a(libc_a-reent.o)
                              /home/bnuy/.mcuxpressotools/arm-gnu-toolchain-14.2.rel1-x86_64-arm-none-eabi/bin/../lib/gcc/arm-none-eabi/14.2.1/../../../../arm-none-eabi/lib/thumb/v8-m.main/nofp/libc_nano.a(libc_a-closer.o) (errno)
/home/bnuy/.mcuxpressotools/arm-gnu-toolchain-14.2.rel1-x86_64-arm-none-eabi/bin/../lib/gcc/arm-none-eabi/14.2.1/../../../../arm-none-eabi/lib/thumb/v8-m.main/nofp/libc_nano.a(libc_a-impure.o)
[...]
Memory Configuration

Name             Origin             Length             Attributes
m_interrupts     0x00000000         0x00000200         xr
m_text           0x00000200         0x0001fe00         xr
m_data           0x20000000         0x00006000         rw
m_sramx0         0x04000000         0x00002000         rw
*default*        0x00000000         0xffffffff

Linker script and memory map

LOAD /home/bnuy/.mcuxpressotools/arm-gnu-toolchain-14.2.rel1-x86_64-arm-none-eabi/bin/../lib/gcc/arm-none-eabi/14.2.1/thumb/v8-m.main/nofp/crti.o
LOAD /home/bnuy/.mcuxpressotools/arm-gnu-toolchain-14.2.rel1-x86_64-arm-none-eabi/bin/../lib/gcc/arm-none-eabi/14.2.1/thumb/v8-m.main/nofp/crtbegin.o
LOAD /home/bnuy/.mcuxpressotools/arm-gnu-toolchain-14.2.rel1-x86_64-arm-none-eabi/bin/../lib/gcc/arm-none-eabi/14.2.1/../../../../arm-none-eabi/lib/thumb/v8-m.main/nofp/crt0.o
LOAD CMakeFiles/Mecha-Iepurele_HWSide.dir/home/bnuy/Desktop/mcusdk/mcuxsdk/mcuxsdk/devices/MCX/MCXA/MCXA153/system_MCXA153.c.obj
LOAD CMakeFiles/Mecha-Iepurele_HWSide.dir/home/bnuy/Desktop/mcusdk/mcuxsdk/mcuxsdk/devices/MCX/MCXA/MCXA153/gcc/startup_MCXA153.S.obj
LOAD CMakeFiles/Mecha-Iepurele_HWSide.dir/home/bnuy/Desktop/mcusdk/mcuxsdk/mcuxsdk/devices/MCX/MCXA/MCXA153/drivers/fsl_clock.c.obj
LOAD CMakeFiles/Mecha-Iepurele_HWSide.dir/home/bnuy/Desktop/mcusdk/mcuxsdk/mcuxsdk/devices/MCX/MCXA/MCXA153/drivers/fsl_reset.c.obj
LOAD CMakeFiles/Mecha-Iepurele_HWSide.dir/home/bnuy/Desktop/mcusdk/mcuxsdk/mcuxsdk/drivers/common/fsl_common.c.obj
LOAD CMakeFiles/Mecha-Iepurele_HWSide.dir/home/bnuy/Desktop/mcusdk/mcuxsdk/mcuxsdk/drivers/common/fsl_common_arm.c.obj
LOAD CMakeFiles/Mecha-Iepurele_HWSide.dir/home/bnuy/Desktop/mcusdk/mcuxsdk/mcuxsdk/drivers/gpio/fsl_gpio.c.obj
LOAD CMakeFiles/Mecha-Iepurele_HWSide.dir/home/bnuy/Desktop/mcusdk/mcuxsdk/mcuxsdk/drivers/lpuart/fsl_lpuart.c.obj
LOAD CMakeFiles/Mecha-Iepurele_HWSide.dir/home/bnuy/Desktop/mcusdk/mcuxsdk/mcuxsdk/drivers/mcx_spc/fsl_spc.c.obj
LOAD CMakeFiles/Mecha-Iepurele_HWSide.dir/home/bnuy/Desktop/mcusdk/mcuxsdk/mcuxsdk/drivers/pwm/fsl_pwm.c.obj
LOAD CMakeFiles/Mecha-Iepurele_HWSide.dir/home/bnuy/Desktop/mcusdk/mcuxsdk/mcuxsdk/components/assert/fsl_assert.c.obj
LOAD CMakeFiles/Mecha-Iepurele_HWSide.dir/home/bnuy/Desktop/mcusdk/mcuxsdk/mcuxsdk/components/debug_console_lite/fsl_debug_console.c.obj
LOAD CMakeFiles/Mecha-Iepurele_HWSide.dir/home/bnuy/Desktop/mcusdk/mcuxsdk/mcuxsdk/components/misc_utilities/fsl_syscall_stub.c.obj
LOAD CMakeFiles/Mecha-Iepurele_HWSide.dir/home/bnuy/Desktop/mcusdk/mcuxsdk/mcuxsdk/components/misc_utilities/fsl_sbrk.c.obj
LOAD CMakeFiles/Mecha-Iepurele_HWSide.dir/home/bnuy/Desktop/mcusdk/mcuxsdk/mcuxsdk/components/misc_utilities/fsl_memcpy.S.obj
LOAD CMakeFiles/Mecha-Iepurele_HWSide.dir/home/bnuy/Desktop/mcusdk/mcuxsdk/mcuxsdk/components/misc_utilities/fsl_memset.S.obj
LOAD CMakeFiles/Mecha-Iepurele_HWSide.dir/home/bnuy/Desktop/mcusdk/mcuxsdk/mcuxsdk/components/str/fsl_str.c.obj
LOAD CMakeFiles/Mecha-Iepurele_HWSide.dir/home/bnuy/Desktop/mcusdk/mcuxsdk/mcuxsdk/components/uart/fsl_adapter_lpuart.c.obj
LOAD CMakeFiles/Mecha-Iepurele_HWSide.dir/frdmmcxa153/frdmmcxa153/board.c.obj
LOAD CMakeFiles/Mecha-Iepurele_HWSide.dir/frdmmcxa153/frdmmcxa153/clock_config.c.obj
LOAD CMakeFiles/Mecha-Iepurele_HWSide.dir/frdmmcxa153/led_blinky/pin_mux.c.obj
LOAD CMakeFiles/Mecha-Iepurele_HWSide.dir/frdmmcxa153/led_blinky/hardware_init.c.obj
LOAD CMakeFiles/Mecha-Iepurele_HWSide.dir/led_blinky.c.obj
LOAD CMakeFiles/Mecha-Iepurele_HWSide.dir/led_blinky/peripherals.c.obj
START GROUP
LOAD /home/bnuy/.mcuxpressotools/arm-gnu-toolchain-14.2.rel1-x86_64-arm-none-eabi/bin/../lib/gcc/arm-none-eabi/14.2.1/../../../../arm-none-eabi/lib/thumb/v8-m.main/nofp/libm.a
LOAD /home/bnuy/.mcuxpressotools/arm-gnu-toolchain-14.2.rel1-x86_64-arm-none-eabi/bin/../lib/gcc/arm-none-eabi/14.2.1/../../../../arm-none-eabi/lib/thumb/v8-m.main/nofp/libc_nano.a
LOAD /home/bnuy/.mcuxpressotools/arm-gnu-toolchain-14.2.rel1-x86_64-arm-none-eabi/bin/../lib/gcc/arm-none-eabi/14.2.1/thumb/v8-m.main/nofp/libgcc.a
LOAD /home/bnuy/.mcuxpressotools/arm-gnu-toolchain-14.2.rel1-x86_64-arm-none-eabi/bin/../lib/gcc/arm-none-eabi/14.2.1/../../../../arm-none-eabi/lib/thumb/v8-m.main/nofp/libnosys.a
END GROUP
START GROUP
LOAD /home/bnuy/.mcuxpressotools/arm-gnu-toolchain-14.2.rel1-x86_64-arm-none-eabi/bin/../lib/gcc/arm-none-eabi/14.2.1/thumb/v8-m.main/nofp/libgcc.a
LOAD /home/bnuy/.mcuxpressotools/arm-gnu-toolchain-14.2.rel1-x86_64-arm-none-eabi/bin/../lib/gcc/arm-none-eabi/14.2.1/../../../../arm-none-eabi/lib/thumb/v8-m.main/nofp/libg_nano.a
LOAD /home/bnuy/.mcuxpressotools/arm-gnu-toolchain-14.2.rel1-x86_64-arm-none-eabi/bin/../lib/gcc/arm-none-eabi/14.2.1/../../../../arm-none-eabi/lib/thumb/v8-m.main/nofp/libc_nano.a
END GROUP
START GROUP
LOAD /home/bnuy/.mcuxpressotools/arm-gnu-toolchain-14.2.rel1-x86_64-arm-none-eabi/bin/../lib/gcc/arm-none-eabi/14.2.1/thumb/v8-m.main/nofp/libgcc.a
LOAD /home/bnuy/.mcuxpressotools/arm-gnu-toolchain-14.2.rel1-x86_64-arm-none-eabi/bin/../lib/gcc/arm-none-eabi/14.2.1/../../../../arm-none-eabi/lib/thumb/v8-m.main/nofp/libc_nano.a
LOAD /home/bnuy/.mcuxpressotools/arm-gnu-toolchain-14.2.rel1-x86_64-arm-none-eabi/bin/../lib/gcc/arm-none-eabi/14.2.1/../../../../arm-none-eabi/lib/thumb/v8-m.main/nofp/libnosys.a
END GROUP
START GROUP
LOAD /home/bnuy/.mcuxpressotools/arm-gnu-toolchain-14.2.rel1-x86_64-arm-none-eabi/bin/../lib/gcc/arm-none-eabi/14.2.1/thumb/v8-m.main/nofp/libgcc.a
LOAD /home/bnuy/.mcuxpressotools/arm-gnu-toolchain-14.2.rel1-x86_64-arm-none-eabi/bin/../lib/gcc/arm-none-eabi/14.2.1/../../../../arm-none-eabi/lib/thumb/v8-m.main/nofp/libc_nano.a
LOAD /home/bnuy/.mcuxpressotools/arm-gnu-toolchain-14.2.rel1-x86_64-arm-none-eabi/bin/../lib/gcc/arm-none-eabi/14.2.1/../../../../arm-none-eabi/lib/thumb/v8-m.main/nofp/libnosys.a
END GROUP
LOAD /home/bnuy/.mcuxpressotools/arm-gnu-toolchain-14.2.rel1-x86_64-arm-none-eabi/bin/../lib/gcc/arm-none-eabi/14.2.1/thumb/v8-m.main/nofp/crtend.o
LOAD /home/bnuy/.mcuxpressotools/arm-gnu-toolchain-14.2.rel1-x86_64-arm-none-eabi/bin/../lib/gcc/arm-none-eabi/14.2.1/thumb/v8-m.main/nofp/crtn.o
                0x00000400                        HEAP_SIZE = DEFINED (__heap_size__)?__heap_size__:0x400
                0x00000800                        STACK_SIZE = DEFINED (__stack_size__)?__stack_size__:0x800

.interrupts     0x00000000      0x180
                0x00000000                        . = ALIGN (0x4)
 *(.isr_vector)
 .isr_vector    0x00000000      0x180 CMakeFiles/Mecha-Iepurele_HWSide.dir/home/bnuy/Desktop/mcusdk/mcuxsdk/mcuxsdk/devices/MCX/MCXA/MCXA153/gcc/startup_MCXA153.S.obj
                0x00000000                __Vectors
                0x00000180                        . = ALIGN (0x4)

.text           0x00000200     0x4de4
                0x00000200                        . = ALIGN (0x4)
 *(.text)
 .text          0x00000200       0x7c /home/bnuy/.mcuxpressotools/arm-gnu-toolchain-14.2.rel1-x86_64-arm-none-eabi/bin/../lib/gcc/arm-none-eabi/14.2.1/../../../../arm-none-eabi/lib/thumb/v8-m.main/nofp/crt0.o
                0x00000200                _stack_init
                0x00000208                _mainCRTStartup
                0x00000208                _start
 .text          0x0000027c      0x340 CMakeFiles/Mecha-Iepurele_HWSide.dir/home/bnuy/Desktop/mcusdk/mcuxsdk/mcuxsdk/devices/MCX/MCXA/MCXA153/gcc/startup_MCXA153.S.obj
                0x0000027c                Reset_Handler
                0x00000310                GLIKEY0_DriverIRQHandler
                0x00000310                CMC_DriverIRQHandler
                0x00000310                WUU0_DriverIRQHandler
                0x00000310                DebugMon_Handler
                0x00000310                Reserved33_DriverIRQHandler
                0x00000310                I3C0_DriverIRQHandler
                0x00000310                Reserved39_DriverIRQHandler
                0x00000310                WAKETIMER0_DriverIRQHandler
                0x00000310                MBC0_DriverIRQHandler
                0x00000310                LPTMR0_DriverIRQHandler
                0x00000310                FLEXPWM0_SUBMODULE1_DriverIRQHandler
                0x00000310                LPI2C0_DriverIRQHandler
                0x00000310                FLEXPWM0_RELOAD_ERROR_DriverIRQHandler
                0x00000310                QDC0_HOME_DriverIRQHandler
                0x00000310                Reserved82_DriverIRQHandler
                0x00000310                QDC0_WATCHDOG_DriverIRQHandler
                0x00000310                ERM0_MULTI_BIT_DriverIRQHandler
                0x00000310                Reserved36_DriverIRQHandler
                0x00000310                CTIMER2_DriverIRQHandler
                0x00000310                UsageFault_Handler
                0x00000310                CMP1_DriverIRQHandler
                0x00000310                DefaultISR
                0x00000310                USB0_DriverIRQHandler
                0x00000310                QDC0_INDEX_DriverIRQHandler
                0x00000310                UTICK0_DriverIRQHandler
                0x00000310                Reserved41_DriverIRQHandler
                0x00000310                FLEXPWM0_SUBMODULE2_DriverIRQHandler
                0x00000310                WWDT0_DriverIRQHandler
                0x00000310                Reserved84_DriverIRQHandler
                0x00000310                FLEXPWM0_FAULT_DriverIRQHandler
                0x00000310                GPIO0_DriverIRQHandler
                0x00000310                Reserved38_DriverIRQHandler
                0x00000310                FREQME0_DriverIRQHandler
                0x00000310                Reserved22_DriverIRQHandler
                0x00000310                Reserved53_DriverIRQHandler
                0x00000310                Reserved35_DriverIRQHandler
                0x00000310                CTIMER0_DriverIRQHandler
                0x00000310                Reserved79_DriverIRQHandler
                0x00000310                Reserved91_DriverIRQHandler
                0x00000310                Reserved24_DriverIRQHandler
                0x00000310                CTIMER1_DriverIRQHandler
                0x00000310                QDC0_COMPARE_DriverIRQHandler
                0x00000310                SecureFault_Handler
                0x00000310                Reserved92_DriverIRQHandler
                0x00000310                Reserved95_DriverIRQHandler
                0x00000310                LPSPI0_DriverIRQHandler
                0x00000310                DMA_CH3_DriverIRQHandler
                0x00000310                Reserved83_DriverIRQHandler
                0x00000310                Reserved72_DriverIRQHandler
                0x00000310                Reserved23_DriverIRQHandler
                0x00000310                Reserved93_DriverIRQHandler
                0x00000310                Reserved65_DriverIRQHandler
                0x00000310                ERM0_SINGLE_BIT_DriverIRQHandler
                0x00000310                DMA_CH2_DriverIRQHandler
                0x00000310                MemManage_Handler
                0x00000310                Reserved51_DriverIRQHandler
                0x00000310                Reserved25_DriverIRQHandler
                0x00000310                Reserved94_DriverIRQHandler
                0x00000310                FMU0_DriverIRQHandler
                0x00000310                LPSPI1_DriverIRQHandler
                0x00000310                Reserved77_DriverIRQHandler
                0x00000310                Reserved16_DriverIRQHandler
                0x00000310                GPIO2_DriverIRQHandler
                0x00000310                Reserved85_DriverIRQHandler
                0x00000310                ADC0_DriverIRQHandler
                0x00000310                CMP0_DriverIRQHandler
                0x00000310                CDOG0_DriverIRQHandler
                0x00000310                Reserved59_DriverIRQHandler
                0x00000310                DMA_CH0_DriverIRQHandler
                0x00000310                Reserved58_DriverIRQHandler
                0x00000310                DMA_CH1_DriverIRQHandler
                0x00000310                SPC0_DriverIRQHandler
                0x00000310                BusFault_Handler
                0x00000310                Reserved43_DriverIRQHandler
                0x00000310                Reserved46_DriverIRQHandler
                0x00000310                Reserved37_DriverIRQHandler
                0x00000310                Reserved86_DriverIRQHandler
                0x00000310                GPIO1_DriverIRQHandler
                0x00000310                FLEXPWM0_SUBMODULE0_DriverIRQHandler
                0x00000310                Reserved50_DriverIRQHandler
                0x00000310                OS_EVENT_DriverIRQHandler
                0x00000310                SCG0_DriverIRQHandler
                0x00000310                GPIO3_DriverIRQHandler
                0x00000314                NMI_Handler
                0x00000318                HardFault_Handler
                0x0000031c                SVC_Handler
                0x00000320                PendSV_Handler
                0x00000328                Reserved16_IRQHandler
                0x0000032c                CMC_IRQHandler
                0x00000330                DMA_CH0_IRQHandler
                0x00000334                DMA_CH1_IRQHandler
                0x00000338                DMA_CH2_IRQHandler
                0x0000033c                DMA_CH3_IRQHandler
                0x00000340                Reserved22_IRQHandler
                0x00000344                Reserved23_IRQHandler
                0x00000348                Reserved24_IRQHandler
                0x0000034c                Reserved25_IRQHandler
                0x00000350                ERM0_SINGLE_BIT_IRQHandler
                0x00000354                ERM0_MULTI_BIT_IRQHandler
                0x00000358                FMU0_IRQHandler
                0x0000035c                GLIKEY0_IRQHandler
                0x00000360                MBC0_IRQHandler
                0x00000364                SCG0_IRQHandler
                0x00000368                SPC0_IRQHandler
                0x0000036c                Reserved33_IRQHandler
                0x00000370                WUU0_IRQHandler
                0x00000374                Reserved35_IRQHandler
                0x00000378                Reserved36_IRQHandler
                0x0000037c                Reserved37_IRQHandler
                0x00000380                Reserved38_IRQHandler
                0x00000384                Reserved39_IRQHandler
                0x00000388                I3C0_IRQHandler
                0x0000038c                Reserved41_IRQHandler
                0x00000390                LPI2C0_IRQHandler
                0x00000394                Reserved43_IRQHandler
                0x00000398                LPSPI0_IRQHandler
                0x0000039c                LPSPI1_IRQHandler
                0x000003a0                Reserved46_IRQHandler
                0x000003a4                LPUART0_IRQHandler
                0x000003a8                LPUART1_IRQHandler
                0x000003ac                LPUART2_IRQHandler
                0x000003b0                Reserved50_IRQHandler
                0x000003b4                Reserved51_IRQHandler
                0x000003b8                USB0_IRQHandler
                0x000003bc                Reserved53_IRQHandler
                0x000003c0                CDOG0_IRQHandler
                0x000003c4                CTIMER0_IRQHandler
                0x000003c8                CTIMER1_IRQHandler
                0x000003cc                CTIMER2_IRQHandler
                0x000003d0                Reserved58_IRQHandler
                0x000003d4                Reserved59_IRQHandler
                0x000003d8                FLEXPWM0_RELOAD_ERROR_IRQHandler
                0x000003dc                FLEXPWM0_FAULT_IRQHandler
                0x000003e0                FLEXPWM0_SUBMODULE0_IRQHandler
                0x000003e4                FLEXPWM0_SUBMODULE1_IRQHandler
                0x000003e8                FLEXPWM0_SUBMODULE2_IRQHandler
                0x000003ec                Reserved65_IRQHandler
                0x000003f0                QDC0_COMPARE_IRQHandler
                0x000003f4                QDC0_HOME_IRQHandler
                0x000003f8                QDC0_WATCHDOG_IRQHandler
                0x000003fc                QDC0_INDEX_IRQHandler
                0x00000400                FREQME0_IRQHandler
                0x00000404                LPTMR0_IRQHandler
                0x00000408                Reserved72_IRQHandler
                0x0000040c                OS_EVENT_IRQHandler
                0x00000410                WAKETIMER0_IRQHandler
                0x00000414                UTICK0_IRQHandler
                0x00000418                WWDT0_IRQHandler
                0x0000041c                Reserved77_IRQHandler
                0x00000420                ADC0_IRQHandler
                0x00000424                Reserved79_IRQHandler
                0x00000428                CMP0_IRQHandler
                0x0000042c                CMP1_IRQHandler
                0x00000430                Reserved82_IRQHandler
                0x00000434                Reserved83_IRQHandler
                0x00000438                Reserved84_IRQHandler
                0x0000043c                Reserved85_IRQHandler
                0x00000440                Reserved86_IRQHandler
                0x00000444                GPIO0_IRQHandler
                0x00000448                GPIO1_IRQHandler
                0x0000044c                GPIO2_IRQHandler
                0x00000450                GPIO3_IRQHandler
                0x00000454                Reserved91_IRQHandler
                0x00000458                Reserved92_IRQHandler
                0x0000045c                Reserved93_IRQHandler
                0x00000460                Reserved94_IRQHandler
                0x00000464                Reserved95_IRQHandler
 .text          0x000005bc       0x10 /home/bnuy/.mcuxpressotools/arm-gnu-toolchain-14.2.rel1-x86_64-arm-none-eabi/bin/../lib/gcc/arm-none-eabi/14.2.1/../../../../arm-none-eabi/lib/thumb/v8-m.main/nofp/libc_nano.a(libc_a-strlen.o)
                0x000005bc                strlen
 *(.text*)
 .text.deregister_tm_clones
                0x000005cc       0x1c /home/bnuy/.mcuxpressotools/arm-gnu-toolchain-14.2.rel1-x86_64-arm-none-eabi/bin/../lib/gcc/arm-none-eabi/14.2.1/thumb/v8-m.main/nofp/crtbegin.o
 .text.register_tm_clones
                0x000005e8       0x28 /home/bnuy/.mcuxpressotools/arm-gnu-toolchain-14.2.rel1-x86_64-arm-none-eabi/bin/../lib/gcc/arm-none-eabi/14.2.1/thumb/v8-m.main/nofp/crtbegin.o
 .text.__do_global_dtors_aux
                0x00000610       0x28 /home/bnuy/.mcuxpressotools/arm-gnu-toolchain-14.2.rel1-x86_64-arm-none-eabi/bin/../lib/gcc/arm-none-eabi/14.2.1/thumb/v8-m.main/nofp/crtbegin.o
 .text.frame_dummy
                0x00000638       0x24 /home/bnuy/.mcuxpressotools/arm-gnu-toolchain-14.2.rel1-x86_64-arm-none-eabi/bin/../lib/gcc/arm-none-eabi/14.2.1/thumb/v8-m.main/nofp/crtbegin.o
 .text.SystemInit
                0x0000065c      0x168 CMakeFiles/Mecha-Iepurele_HWSide.dir/home/bnuy/Desktop/mcusdk/mcuxsdk/mcuxsdk/devices/MCX/MCXA/MCXA153/system_MCXA153.c.obj
                0x0000065c                SystemInit
 .text.SystemInitHook
                0x000007c4        0xc CMakeFiles/Mecha-Iepurele_HWSide.dir/home/bnuy/Desktop/mcusdk/mcuxsdk/mcuxsdk/devices/MCX/MCXA/MCXA153/system_MCXA153.c.obj
                0x000007c4                SystemInitHook
 .text.CLOCK_AttachClk
                0x000007d0       0x30 CMakeFiles/Mecha-Iepurele_HWSide.dir/home/bnuy/Desktop/mcusdk/mcuxsdk/mcuxsdk/devices/MCX/MCXA/MCXA153/drivers/fsl_clock.c.obj
                0x000007d0                CLOCK_AttachClk
 .text.CLOCK_SetClockSelect
                0x00000800       0xa4 CMakeFiles/Mecha-Iepurele_HWSide.dir/home/bnuy/Desktop/mcusdk/mcuxsdk/mcuxsdk/devices/MCX/MCXA/MCXA153/drivers/fsl_clock.c.obj
                0x00000800                CLOCK_SetClockSelect
 .text.CLOCK_SetClockDiv
                0x000008a4       0xe0 CMakeFiles/Mecha-Iepurele_HWSide.dir/home/bnuy/Desktop/mcusdk/mcuxsdk/mcuxsdk/devices/MCX/MCXA/MCXA153/drivers/fsl_clock.c.obj
                0x000008a4                CLOCK_SetClockDiv
 .text.CLOCK_SetupFRO12MClocking
                0x00000984       0x54 CMakeFiles/Mecha-Iepurele_HWSide.dir/home/bnuy/Desktop/mcusdk/mcuxsdk/mcuxsdk/devices/MCX/MCXA/MCXA153/drivers/fsl_clock.c.obj
                0x00000984                CLOCK_SetupFRO12MClocking
 .text.CLOCK_GetFro12MFreq
                0x000009d8       0x28 CMakeFiles/Mecha-Iepurele_HWSide.dir/home/bnuy/Desktop/mcusdk/mcuxsdk/mcuxsdk/devices/MCX/MCXA/MCXA153/drivers/fsl_clock.c.obj
 .text.CLOCK_GetFroHfFreq
                0x00000a00       0x9c CMakeFiles/Mecha-Iepurele_HWSide.dir/home/bnuy/Desktop/mcusdk/mcuxsdk/mcuxsdk/devices/MCX/MCXA/MCXA153/drivers/fsl_clock.c.obj
 .text.CLOCK_GetClk16KFreq
                0x00000a9c       0x48 CMakeFiles/Mecha-Iepurele_HWSide.dir/home/bnuy/Desktop/mcusdk/mcuxsdk/mcuxsdk/devices/MCX/MCXA/MCXA153/drivers/fsl_clock.c.obj
 .text.CLOCK_GetExtClkFreq
                0x00000ae4       0x2c CMakeFiles/Mecha-Iepurele_HWSide.dir/home/bnuy/Desktop/mcusdk/mcuxsdk/mcuxsdk/devices/MCX/MCXA/MCXA153/drivers/fsl_clock.c.obj
 .text.CLOCK_GetMainClk
                0x00000b10       0x68 CMakeFiles/Mecha-Iepurele_HWSide.dir/home/bnuy/Desktop/mcusdk/mcuxsdk/mcuxsdk/devices/MCX/MCXA/MCXA153/drivers/fsl_clock.c.obj
                0x00000b10                CLOCK_GetMainClk
 .text.CLOCK_GetCoreSysClkFreq
                0x00000b78       0x20 CMakeFiles/Mecha-Iepurele_HWSide.dir/home/bnuy/Desktop/mcusdk/mcuxsdk/mcuxsdk/devices/MCX/MCXA/MCXA153/drivers/fsl_clock.c.obj
                0x00000b78                CLOCK_GetCoreSysClkFreq
 .text.RESET_SetPeripheralReset
                0x00000b98       0xc8 CMakeFiles/Mecha-Iepurele_HWSide.dir/home/bnuy/Desktop/mcusdk/mcuxsdk/mcuxsdk/devices/MCX/MCXA/MCXA153/drivers/fsl_reset.c.obj
                0x00000b98                RESET_SetPeripheralReset
 .text.RESET_ClearPeripheralReset
                0x00000c60       0xa8 CMakeFiles/Mecha-Iepurele_HWSide.dir/home/bnuy/Desktop/mcusdk/mcuxsdk/mcuxsdk/devices/MCX/MCXA/MCXA153/drivers/fsl_reset.c.obj
                0x00000c60                RESET_ClearPeripheralReset
 .text.RESET_PeripheralReset
                0x00000d08       0x22 CMakeFiles/Mecha-Iepurele_HWSide.dir/home/bnuy/Desktop/mcusdk/mcuxsdk/mcuxsdk/devices/MCX/MCXA/MCXA153/drivers/fsl_reset.c.obj
                0x00000d08                RESET_PeripheralReset
 *fill*         0x00000d2a        0x2 
 .text.CLOCK_EnableClock
                0x00000d2c       0x88 CMakeFiles/Mecha-Iepurele_HWSide.dir/home/bnuy/Desktop/mcusdk/mcuxsdk/mcuxsdk/drivers/gpio/fsl_gpio.c.obj
 .text.CLOCK_DisableClock
                0x00000db4       0x98 CMakeFiles/Mecha-Iepurele_HWSide.dir/home/bnuy/Desktop/mcusdk/mcuxsdk/mcuxsdk/drivers/gpio/fsl_gpio.c.obj
 .text.GPIO_PinWrite
                0x00000e4c       0x34 CMakeFiles/Mecha-Iepurele_HWSide.dir/home/bnuy/Desktop/mcusdk/mcuxsdk/mcuxsdk/drivers/gpio/fsl_gpio.c.obj
 .text.GPIO_GetInstance
                0x00000e80       0x60 CMakeFiles/Mecha-Iepurele_HWSide.dir/home/bnuy/Desktop/mcusdk/mcuxsdk/mcuxsdk/drivers/gpio/fsl_gpio.c.obj
 .text.GPIO_PortClockEnable
                0x00000ee0       0x64 CMakeFiles/Mecha-Iepurele_HWSide.dir/home/bnuy/Desktop/mcusdk/mcuxsdk/mcuxsdk/drivers/gpio/fsl_gpio.c.obj
 .text.GPIO_PinInit
                0x00000f44       0x78 CMakeFiles/Mecha-Iepurele_HWSide.dir/home/bnuy/Desktop/mcusdk/mcuxsdk/mcuxsdk/drivers/gpio/fsl_gpio.c.obj
                0x00000f44                GPIO_PinInit
 .text.CLOCK_EnableClock
                0x00000fbc       0x88 CMakeFiles/Mecha-Iepurele_HWSide.dir/home/bnuy/Desktop/mcusdk/mcuxsdk/mcuxsdk/drivers/lpuart/fsl_lpuart.c.obj
 .text.RESET_ReleasePeripheralReset
                0x00001044       0x1a CMakeFiles/Mecha-Iepurele_HWSide.dir/home/bnuy/Desktop/mcusdk/mcuxsdk/mcuxsdk/drivers/lpuart/fsl_lpuart.c.obj
 .text.LPUART_SoftwareReset
                0x0000105e       0x2a CMakeFiles/Mecha-Iepurele_HWSide.dir/home/bnuy/Desktop/mcusdk/mcuxsdk/mcuxsdk/drivers/lpuart/fsl_lpuart.c.obj
 .text.LPUART_GetInstance
                0x00001088       0x60 CMakeFiles/Mecha-Iepurele_HWSide.dir/home/bnuy/Desktop/mcusdk/mcuxsdk/mcuxsdk/drivers/lpuart/fsl_lpuart.c.obj
                0x00001088                LPUART_GetInstance
 .text.LPUART_Init
                0x000010e8      0x400 CMakeFiles/Mecha-Iepurele_HWSide.dir/home/bnuy/Desktop/mcusdk/mcuxsdk/mcuxsdk/drivers/lpuart/fsl_lpuart.c.obj
                0x000010e8                LPUART_Init
 .text.LPUART_GetDefaultConfig
                0x000014e8       0xb0 CMakeFiles/Mecha-Iepurele_HWSide.dir/home/bnuy/Desktop/mcusdk/mcuxsdk/mcuxsdk/drivers/lpuart/fsl_lpuart.c.obj
                0x000014e8                LPUART_GetDefaultConfig
 .text.LPUART_GetStatusFlags
                0x00001598       0x38 CMakeFiles/Mecha-Iepurele_HWSide.dir/home/bnuy/Desktop/mcusdk/mcuxsdk/mcuxsdk/drivers/lpuart/fsl_lpuart.c.obj
                0x00001598                LPUART_GetStatusFlags
 .text.LPUART_ClearStatusFlags
                0x000015d0       0x7c CMakeFiles/Mecha-Iepurele_HWSide.dir/home/bnuy/Desktop/mcusdk/mcuxsdk/mcuxsdk/drivers/lpuart/fsl_lpuart.c.obj
                0x000015d0                LPUART_ClearStatusFlags
 .text.LPUART_WriteBlocking
                0x0000164c       0x78 CMakeFiles/Mecha-Iepurele_HWSide.dir/home/bnuy/Desktop/mcusdk/mcuxsdk/mcuxsdk/drivers/lpuart/fsl_lpuart.c.obj
                0x0000164c                LPUART_WriteBlocking
 .text.LPUART_WaitForReadData
                0x000016c4       0xd0 CMakeFiles/Mecha-Iepurele_HWSide.dir/home/bnuy/Desktop/mcusdk/mcuxsdk/mcuxsdk/drivers/lpuart/fsl_lpuart.c.obj
 .text.LPUART_ReadBlocking
                0x00001794       0xc0 CMakeFiles/Mecha-Iepurele_HWSide.dir/home/bnuy/Desktop/mcusdk/mcuxsdk/mcuxsdk/drivers/lpuart/fsl_lpuart.c.obj
                0x00001794                LPUART_ReadBlocking
 .text.LPUART0_DriverIRQHandler
                0x00001854       0x24 CMakeFiles/Mecha-Iepurele_HWSide.dir/home/bnuy/Desktop/mcusdk/mcuxsdk/mcuxsdk/drivers/lpuart/fsl_lpuart.c.obj
                0x00001854                LPUART0_DriverIRQHandler
 .text.LPUART1_DriverIRQHandler
                0x00001878       0x24 CMakeFiles/Mecha-Iepurele_HWSide.dir/home/bnuy/Desktop/mcusdk/mcuxsdk/mcuxsdk/drivers/lpuart/fsl_lpuart.c.obj
                0x00001878                LPUART1_DriverIRQHandler
 .text.LPUART2_DriverIRQHandler
                0x0000189c       0x24 CMakeFiles/Mecha-Iepurele_HWSide.dir/home/bnuy/Desktop/mcusdk/mcuxsdk/mcuxsdk/drivers/lpuart/fsl_lpuart.c.obj
                0x0000189c                LPUART2_DriverIRQHandler
 .text.SPC_GetActiveModeBandgapMode
                0x000018c0       0x20 CMakeFiles/Mecha-Iepurele_HWSide.dir/home/bnuy/Desktop/mcusdk/mcuxsdk/mcuxsdk/drivers/mcx_spc/fsl_spc.c.obj
 .text.SPC_GetActiveModeVoltageDetectStatus
                0x000018e0       0x20 CMakeFiles/Mecha-Iepurele_HWSide.dir/home/bnuy/Desktop/mcusdk/mcuxsdk/mcuxsdk/drivers/mcx_spc/fsl_spc.c.obj
 .text.SPC_GetActiveModeCoreLDOVDDVoltageLevel
                0x00001900       0x20 CMakeFiles/Mecha-Iepurele_HWSide.dir/home/bnuy/Desktop/mcusdk/mcuxsdk/mcuxsdk/drivers/mcx_spc/fsl_spc.c.obj
 .text.SPC_GetActiveModeCoreLDODriveStrength
                0x00001920       0x20 CMakeFiles/Mecha-Iepurele_HWSide.dir/home/bnuy/Desktop/mcusdk/mcuxsdk/mcuxsdk/drivers/mcx_spc/fsl_spc.c.obj
 .text.SPC_SetSRAMOperateVoltage
                0x00001940       0x68 CMakeFiles/Mecha-Iepurele_HWSide.dir/home/bnuy/Desktop/mcusdk/mcuxsdk/mcuxsdk/drivers/mcx_spc/fsl_spc.c.obj
                0x00001940                SPC_SetSRAMOperateVoltage
 .text.SPC_SetActiveModeCoreLDORegulatorConfig
                0x000019a8       0x94 CMakeFiles/Mecha-Iepurele_HWSide.dir/home/bnuy/Desktop/mcusdk/mcuxsdk/mcuxsdk/drivers/mcx_spc/fsl_spc.c.obj
                0x000019a8                SPC_SetActiveModeCoreLDORegulatorConfig
 .text.SPC_SetActiveModeCoreLDORegulatorVoltageLevel
                0x00001a3c       0x60 CMakeFiles/Mecha-Iepurele_HWSide.dir/home/bnuy/Desktop/mcusdk/mcuxsdk/mcuxsdk/drivers/mcx_spc/fsl_spc.c.obj
                0x00001a3c                SPC_SetActiveModeCoreLDORegulatorVoltageLevel
 .text.SPC_SetActiveModeCoreLDORegulatorDriveStrength
                0x00001a9c       0x5e CMakeFiles/Mecha-Iepurele_HWSide.dir/home/bnuy/Desktop/mcusdk/mcuxsdk/mcuxsdk/drivers/mcx_spc/fsl_spc.c.obj
                0x00001a9c                SPC_SetActiveModeCoreLDORegulatorDriveStrength
 *fill*         0x00001afa        0x2 
 .text.CLOCK_EnableClock
                0x00001afc       0x88 CMakeFiles/Mecha-Iepurele_HWSide.dir/home/bnuy/Desktop/mcusdk/mcuxsdk/mcuxsdk/drivers/pwm/fsl_pwm.c.obj
 .text.RESET_ReleasePeripheralReset
                0x00001b84       0x1a CMakeFiles/Mecha-Iepurele_HWSide.dir/home/bnuy/Desktop/mcusdk/mcuxsdk/mcuxsdk/drivers/pwm/fsl_pwm.c.obj
 .text.PWM_GetComplementU16
                0x00001b9e       0x1a CMakeFiles/Mecha-Iepurele_HWSide.dir/home/bnuy/Desktop/mcusdk/mcuxsdk/mcuxsdk/drivers/pwm/fsl_pwm.c.obj
 .text.dutyCycleToReloadValue
                0x00001bb8       0x50 CMakeFiles/Mecha-Iepurele_HWSide.dir/home/bnuy/Desktop/mcusdk/mcuxsdk/mcuxsdk/drivers/pwm/fsl_pwm.c.obj
 .text.PWM_GetInstance
                0x00001c08       0x5c CMakeFiles/Mecha-Iepurele_HWSide.dir/home/bnuy/Desktop/mcusdk/mcuxsdk/mcuxsdk/drivers/pwm/fsl_pwm.c.obj
 .text.PWM_SetPeriodRegister
                0x00001c64      0x1ec CMakeFiles/Mecha-Iepurele_HWSide.dir/home/bnuy/Desktop/mcusdk/mcuxsdk/mcuxsdk/drivers/pwm/fsl_pwm.c.obj
 .text.PWM_SetDutycycleRegister
                0x00001e50      0x2d4 CMakeFiles/Mecha-Iepurele_HWSide.dir/home/bnuy/Desktop/mcusdk/mcuxsdk/mcuxsdk/drivers/pwm/fsl_pwm.c.obj
 .text.PWM_Init
                0x00002124      0x30c CMakeFiles/Mecha-Iepurele_HWSide.dir/home/bnuy/Desktop/mcusdk/mcuxsdk/mcuxsdk/drivers/pwm/fsl_pwm.c.obj
                0x00002124                PWM_Init
 .text.PWM_GetDefaultConfig
                0x00002430       0x78 CMakeFiles/Mecha-Iepurele_HWSide.dir/home/bnuy/Desktop/mcusdk/mcuxsdk/mcuxsdk/drivers/pwm/fsl_pwm.c.obj
                0x00002430                PWM_GetDefaultConfig
 .text.PWM_SetupPwm
                0x000024a8      0x46c CMakeFiles/Mecha-Iepurele_HWSide.dir/home/bnuy/Desktop/mcusdk/mcuxsdk/mcuxsdk/drivers/pwm/fsl_pwm.c.obj
                0x000024a8                PWM_SetupPwm
 .text.PWM_UpdatePwmDutycycle
                0x00002914       0x60 CMakeFiles/Mecha-Iepurele_HWSide.dir/home/bnuy/Desktop/mcusdk/mcuxsdk/mcuxsdk/drivers/pwm/fsl_pwm.c.obj
                0x00002914                PWM_UpdatePwmDutycycle
 .text.PWM_UpdatePwmDutycycleHighAccuracy
                0x00002974       0xf8 CMakeFiles/Mecha-Iepurele_HWSide.dir/home/bnuy/Desktop/mcusdk/mcuxsdk/mcuxsdk/drivers/pwm/fsl_pwm.c.obj
                0x00002974                PWM_UpdatePwmDutycycleHighAccuracy
 .text.PWM_SetupForceSignal
                0x00002a6c       0x8c CMakeFiles/Mecha-Iepurele_HWSide.dir/home/bnuy/Desktop/mcusdk/mcuxsdk/mcuxsdk/drivers/pwm/fsl_pwm.c.obj
                0x00002a6c                PWM_SetupForceSignal
 .text.PWM_SetChannelOutput
                0x00002af8      0x260 CMakeFiles/Mecha-Iepurele_HWSide.dir/home/bnuy/Desktop/mcusdk/mcuxsdk/mcuxsdk/drivers/pwm/fsl_pwm.c.obj
                0x00002af8                PWM_SetChannelOutput
 .text.fsl_assert_hook
                0x00002d58       0x18 CMakeFiles/Mecha-Iepurele_HWSide.dir/home/bnuy/Desktop/mcusdk/mcuxsdk/mcuxsdk/components/assert/fsl_assert.c.obj
                0x00002d58                fsl_assert_hook
 .text.__assert_func
                0x00002d70       0x40 CMakeFiles/Mecha-Iepurele_HWSide.dir/home/bnuy/Desktop/mcusdk/mcuxsdk/mcuxsdk/components/assert/fsl_assert.c.obj
                0x00002d70                __assert_func
 .text.DbgConsole_Init
                0x00002db0       0x88 CMakeFiles/Mecha-Iepurele_HWSide.dir/home/bnuy/Desktop/mcusdk/mcuxsdk/mcuxsdk/components/debug_console_lite/fsl_debug_console.c.obj
                0x00002db0                DbgConsole_Init
 .text.DbgConsole_Printf
                0x00002e38       0x2c CMakeFiles/Mecha-Iepurele_HWSide.dir/home/bnuy/Desktop/mcusdk/mcuxsdk/mcuxsdk/components/debug_console_lite/fsl_debug_console.c.obj
                0x00002e38                DbgConsole_Printf
 .text.DbgConsole_Vprintf
                0x00002e64       0x3c CMakeFiles/Mecha-Iepurele_HWSide.dir/home/bnuy/Desktop/mcusdk/mcuxsdk/mcuxsdk/components/debug_console_lite/fsl_debug_console.c.obj
                0x00002e64                DbgConsole_Vprintf
 .text.DbgConsole_Putchar
                0x00002ea0       0x30 CMakeFiles/Mecha-Iepurele_HWSide.dir/home/bnuy/Desktop/mcusdk/mcuxsdk/mcuxsdk/components/debug_console_lite/fsl_debug_console.c.obj
                0x00002ea0                DbgConsole_Putchar
 .text.DbgConsole_PrintfPaddingCharacter
                0x00002ed0       0x40 CMakeFiles/Mecha-Iepurele_HWSide.dir/home/bnuy/Desktop/mcusdk/mcuxsdk/mcuxsdk/components/debug_console_lite/fsl_debug_console.c.obj
 .text.DbgConsole_ConvertRadixNumToString
                0x00002f10       0xc0 CMakeFiles/Mecha-Iepurele_HWSide.dir/home/bnuy/Desktop/mcusdk/mcuxsdk/mcuxsdk/components/debug_console_lite/fsl_debug_console.c.obj
 .text.DbgConsole_PrintfFormattedData
                0x00002fd0      0x3e0 CMakeFiles/Mecha-Iepurele_HWSide.dir/home/bnuy/Desktop/mcusdk/mcuxsdk/mcuxsdk/components/debug_console_lite/fsl_debug_console.c.obj
 .text.memcpy   0x000033b0       0xa0 CMakeFiles/Mecha-Iepurele_HWSide.dir/home/bnuy/Desktop/mcusdk/mcuxsdk/mcuxsdk/components/misc_utilities/fsl_memcpy.S.obj
                0x000033b0                memcpy
                0x000033b0                __aeabi_memcpy
                0x000033b0                __aeabi_memcpy4
                0x000033b0                __aeabi_memcpy8
 .text.memset   0x00003450       0x68 CMakeFiles/Mecha-Iepurele_HWSide.dir/home/bnuy/Desktop/mcusdk/mcuxsdk/mcuxsdk/components/misc_utilities/fsl_memset.S.obj
                0x00003450                memset
                0x000034a4                __aeabi_memset
                0x000034a4                __aeabi_memset8
                0x000034a4                __aeabi_memset4
                0x000034b0                __aeabi_memclr8
                0x000034b0                __aeabi_memclr
                0x000034b0                __aeabi_memclr4
 .text.HAL_UartGetStatus
                0x000034b8       0x26 CMakeFiles/Mecha-Iepurele_HWSide.dir/home/bnuy/Desktop/mcusdk/mcuxsdk/mcuxsdk/components/uart/fsl_adapter_lpuart.c.obj
 *fill*         0x000034de        0x2 
 .text.HAL_UartInitCommon
                0x000034e0       0xe0 CMakeFiles/Mecha-Iepurele_HWSide.dir/home/bnuy/Desktop/mcusdk/mcuxsdk/mcuxsdk/components/uart/fsl_adapter_lpuart.c.obj
 .text.HAL_UartInit
                0x000035c0       0xac CMakeFiles/Mecha-Iepurele_HWSide.dir/home/bnuy/Desktop/mcusdk/mcuxsdk/mcuxsdk/components/uart/fsl_adapter_lpuart.c.obj
                0x000035c0                HAL_UartInit
 .text.HAL_UartReceiveBlocking
                0x0000366c       0x8c CMakeFiles/Mecha-Iepurele_HWSide.dir/home/bnuy/Desktop/mcusdk/mcuxsdk/mcuxsdk/components/uart/fsl_adapter_lpuart.c.obj
                0x0000366c                HAL_UartReceiveBlocking
 .text.HAL_UartSendBlocking
                0x000036f8       0x84 CMakeFiles/Mecha-Iepurele_HWSide.dir/home/bnuy/Desktop/mcusdk/mcuxsdk/mcuxsdk/components/uart/fsl_adapter_lpuart.c.obj
                0x000036f8                HAL_UartSendBlocking
 .text.BOARD_InitDebugConsole
                0x0000377c       0x30 CMakeFiles/Mecha-Iepurele_HWSide.dir/frdmmcxa153/frdmmcxa153/board.c.obj
                0x0000377c                BOARD_InitDebugConsole
 .text.BOARD_BootClockFRO12M
                0x000037ac       0xb8 CMakeFiles/Mecha-Iepurele_HWSide.dir/frdmmcxa153/frdmmcxa153/clock_config.c.obj
                0x000037ac                BOARD_BootClockFRO12M
 .text.CLOCK_EnableClock
                0x00003864       0x88 CMakeFiles/Mecha-Iepurele_HWSide.dir/frdmmcxa153/led_blinky/pin_mux.c.obj
 .text.RESET_ReleasePeripheralReset
                0x000038ec       0x1a CMakeFiles/Mecha-Iepurele_HWSide.dir/frdmmcxa153/led_blinky/pin_mux.c.obj
 *fill*         0x00003906        0x2 
 .text.PORT_SetPinConfig
                0x00003908       0x48 CMakeFiles/Mecha-Iepurele_HWSide.dir/frdmmcxa153/led_blinky/pin_mux.c.obj
 .text.BOARD_InitPins
                0x00003950       0x64 CMakeFiles/Mecha-Iepurele_HWSide.dir/frdmmcxa153/led_blinky/pin_mux.c.obj
                0x00003950                BOARD_InitPins
 .text.GPIO_PinWrite
                0x000039b4       0x34 CMakeFiles/Mecha-Iepurele_HWSide.dir/frdmmcxa153/led_blinky/hardware_init.c.obj
 .text.BOARD_InitHardware
                0x000039e8       0x30 CMakeFiles/Mecha-Iepurele_HWSide.dir/frdmmcxa153/led_blinky/hardware_init.c.obj
                0x000039e8                BOARD_InitHardware
 .text.CLOCK_EnableClock
                0x00003a18       0x88 CMakeFiles/Mecha-Iepurele_HWSide.dir/led_blinky.c.obj
 .text.RESET_ReleasePeripheralReset
                0x00003aa0       0x1a CMakeFiles/Mecha-Iepurele_HWSide.dir/led_blinky.c.obj
 .text.GPIO_PinWrite
                0x00003aba       0x34 CMakeFiles/Mecha-Iepurele_HWSide.dir/led_blinky.c.obj
 .text.PWM_StartTimer
                0x00003aee       0x36 CMakeFiles/Mecha-Iepurele_HWSide.dir/led_blinky.c.obj
 .text.PWM_SetPwmLdok
                0x00003b24       0x5e CMakeFiles/Mecha-Iepurele_HWSide.dir/led_blinky.c.obj
 *fill*         0x00003b82        0x2 
 .text.PWM_SetupFaultDisableMap
                0x00003b84       0xe4 CMakeFiles/Mecha-Iepurele_HWSide.dir/led_blinky.c.obj
 .text.App_InitMotors
                0x00003c68      0x28c CMakeFiles/Mecha-Iepurele_HWSide.dir/led_blinky.c.obj
 .text.MotorDual_SetControlPwm
                0x00003ef4       0xec CMakeFiles/Mecha-Iepurele_HWSide.dir/led_blinky.c.obj
 .text.SysTick_Handler
                0x00003fe0       0xb4 CMakeFiles/Mecha-Iepurele_HWSide.dir/led_blinky.c.obj
                0x00003fe0                SysTick_Handler
 .text.main     0x00004094       0x44 CMakeFiles/Mecha-Iepurele_HWSide.dir/led_blinky.c.obj
                0x00004094                main
 .text.SysTick_init
                0x000040d8       0x28 CMakeFiles/Mecha-Iepurele_HWSide.dir/led_blinky/peripherals.c.obj
 .text.BOARD_InitPeripherals
                0x00004100        0xc CMakeFiles/Mecha-Iepurele_HWSide.dir/led_blinky/peripherals.c.obj
                0x00004100                BOARD_InitPeripherals
 .text.BOARD_InitBootPeripherals
                0x0000410c        0xc CMakeFiles/Mecha-Iepurele_HWSide.dir/led_blinky/peripherals.c.obj
                0x0000410c                BOARD_InitBootPeripherals
 .text.exit     0x00004118       0x24 /home/bnuy/.mcuxpressotools/arm-gnu-toolchain-14.2.rel1-x86_64-arm-none-eabi/bin/../lib/gcc/arm-none-eabi/14.2.1/../../../../arm-none-eabi/lib/thumb/v8-m.main/nofp/libc_nano.a(libc_a-exit.o)
                0x00004118                exit
 .text.__libc_init_array
                0x0000413c       0x48 /home/bnuy/.mcuxpressotools/arm-gnu-toolchain-14.2.rel1-x86_64-arm-none-eabi/bin/../lib/gcc/arm-none-eabi/14.2.1/../../../../arm-none-eabi/lib/thumb/v8-m.main/nofp/libc_nano.a(libc_a-init.o)
                0x0000413c                __libc_init_array
 .text._exit    0x00004184        0x4 /home/bnuy/.mcuxpressotools/arm-gnu-toolchain-14.2.rel1-x86_64-arm-none-eabi/bin/../lib/gcc/arm-none-eabi/14.2.1/../../../../arm-none-eabi/lib/thumb/v8-m.main/nofp/libnosys.a(_exit.o)
                0x00004184                _exit
 *(.rodata)
 .rodata        0x00004188       0x8e CMakeFiles/Mecha-Iepurele_HWSide.dir/home/bnuy/Desktop/mcusdk/mcuxsdk/mcuxsdk/devices/MCX/MCXA/MCXA153/drivers/fsl_clock.c.obj
 *fill*         0x00004216        0x2 
 .rodata        0x00004218       0x76 CMakeFiles/Mecha-Iepurele_HWSide.dir/home/bnuy/Desktop/mcusdk/mcuxsdk/mcuxsdk/devices/MCX/MCXA/MCXA153/drivers/fsl_reset.c.obj
 *fill*         0x0000428e        0x2 
 .rodata        0x00004290       0x9f CMakeFiles/Mecha-Iepurele_HWSide.dir/home/bnuy/Desktop/mcusdk/mcuxsdk/mcuxsdk/drivers/gpio/fsl_gpio.c.obj
 *fill*         0x0000432f        0x1 
 .rodata        0x00004330      0x292 CMakeFiles/Mecha-Iepurele_HWSide.dir/home/bnuy/Desktop/mcusdk/mcuxsdk/mcuxsdk/drivers/lpuart/fsl_lpuart.c.obj
 *fill*         0x000045c2        0x2 
 .rodata        0x000045c4       0x93 CMakeFiles/Mecha-Iepurele_HWSide.dir/home/bnuy/Desktop/mcusdk/mcuxsdk/mcuxsdk/drivers/mcx_spc/fsl_spc.c.obj
 *fill*         0x00004657        0x1 
 .rodata        0x00004658      0x327 CMakeFiles/Mecha-Iepurele_HWSide.dir/home/bnuy/Desktop/mcusdk/mcuxsdk/mcuxsdk/drivers/pwm/fsl_pwm.c.obj
 *fill*         0x0000497f        0x1 
 .rodata        0x00004980       0x3e CMakeFiles/Mecha-Iepurele_HWSide.dir/home/bnuy/Desktop/mcusdk/mcuxsdk/mcuxsdk/components/assert/fsl_assert.c.obj
 *fill*         0x000049be        0x2 
 .rodata        0x000049c0      0x114 CMakeFiles/Mecha-Iepurele_HWSide.dir/home/bnuy/Desktop/mcusdk/mcuxsdk/mcuxsdk/components/uart/fsl_adapter_lpuart.c.obj
 .rodata        0x00004ad4       0x52 CMakeFiles/Mecha-Iepurele_HWSide.dir/frdmmcxa153/led_blinky/pin_mux.c.obj
 *fill*         0x00004b26        0x2 
 .rodata        0x00004b28      0x196 CMakeFiles/Mecha-Iepurele_HWSide.dir/led_blinky.c.obj
 *(.rodata*)
 *fill*         0x00004cbe        0x2 
 .rodata.__func__.4
                0x00004cc0       0x15 CMakeFiles/Mecha-Iepurele_HWSide.dir/home/bnuy/Desktop/mcusdk/mcuxsdk/mcuxsdk/devices/MCX/MCXA/MCXA153/drivers/fsl_clock.c.obj
 *fill*         0x00004cd5        0x3 
 .rodata.__func__.2
                0x00004cd8       0x12 CMakeFiles/Mecha-Iepurele_HWSide.dir/home/bnuy/Desktop/mcusdk/mcuxsdk/mcuxsdk/devices/MCX/MCXA/MCXA153/drivers/fsl_clock.c.obj
 *fill*         0x00004cea        0x2 
 .rodata.__func__.1
                0x00004cec       0x19 CMakeFiles/Mecha-Iepurele_HWSide.dir/home/bnuy/Desktop/mcusdk/mcuxsdk/mcuxsdk/devices/MCX/MCXA/MCXA153/drivers/fsl_reset.c.obj
 *fill*         0x00004d05        0x3 
 .rodata.__func__.0
                0x00004d08       0x1b CMakeFiles/Mecha-Iepurele_HWSide.dir/home/bnuy/Desktop/mcusdk/mcuxsdk/mcuxsdk/devices/MCX/MCXA/MCXA153/drivers/fsl_reset.c.obj
 *fill*         0x00004d23        0x1 
 .rodata.s_gpioBases
                0x00004d24       0x10 CMakeFiles/Mecha-Iepurele_HWSide.dir/home/bnuy/Desktop/mcusdk/mcuxsdk/mcuxsdk/drivers/gpio/fsl_gpio.c.obj
 .rodata.s_gpioClockName
                0x00004d34       0x10 CMakeFiles/Mecha-Iepurele_HWSide.dir/home/bnuy/Desktop/mcusdk/mcuxsdk/mcuxsdk/drivers/gpio/fsl_gpio.c.obj
 .rodata.__func__.2
                0x00004d44       0x11 CMakeFiles/Mecha-Iepurele_HWSide.dir/home/bnuy/Desktop/mcusdk/mcuxsdk/mcuxsdk/drivers/gpio/fsl_gpio.c.obj
 *fill*         0x00004d55        0x3 
 .rodata.__func__.1
                0x00004d58       0x15 CMakeFiles/Mecha-Iepurele_HWSide.dir/home/bnuy/Desktop/mcusdk/mcuxsdk/mcuxsdk/drivers/gpio/fsl_gpio.c.obj
 *fill*         0x00004d6d        0x3 
 .rodata.__func__.0
                0x00004d70        0xd CMakeFiles/Mecha-Iepurele_HWSide.dir/home/bnuy/Desktop/mcusdk/mcuxsdk/mcuxsdk/drivers/gpio/fsl_gpio.c.obj
 *fill*         0x00004d7d        0x3 
 .rodata.s_lpuartBases
                0x00004d80        0xc CMakeFiles/Mecha-Iepurele_HWSide.dir/home/bnuy/Desktop/mcusdk/mcuxsdk/mcuxsdk/drivers/lpuart/fsl_lpuart.c.obj
 .rodata.s_lpuartClock
                0x00004d8c        0xc CMakeFiles/Mecha-Iepurele_HWSide.dir/home/bnuy/Desktop/mcusdk/mcuxsdk/mcuxsdk/drivers/lpuart/fsl_lpuart.c.obj
 .rodata.s_lpuartResets
                0x00004d98        0x6 CMakeFiles/Mecha-Iepurele_HWSide.dir/home/bnuy/Desktop/mcusdk/mcuxsdk/mcuxsdk/drivers/lpuart/fsl_lpuart.c.obj
 *fill*         0x00004d9e        0x2 
 .rodata.__func__.25
                0x00004da0       0x13 CMakeFiles/Mecha-Iepurele_HWSide.dir/home/bnuy/Desktop/mcusdk/mcuxsdk/mcuxsdk/drivers/lpuart/fsl_lpuart.c.obj
 *fill*         0x00004db3        0x1 
 .rodata.__func__.18
                0x00004db4        0xc CMakeFiles/Mecha-Iepurele_HWSide.dir/home/bnuy/Desktop/mcusdk/mcuxsdk/mcuxsdk/drivers/lpuart/fsl_lpuart.c.obj
 .rodata.__func__.17
                0x00004dc0       0x18 CMakeFiles/Mecha-Iepurele_HWSide.dir/home/bnuy/Desktop/mcusdk/mcuxsdk/mcuxsdk/drivers/lpuart/fsl_lpuart.c.obj
 .rodata.__func__.13
                0x00004dd8       0x15 CMakeFiles/Mecha-Iepurele_HWSide.dir/home/bnuy/Desktop/mcusdk/mcuxsdk/mcuxsdk/drivers/lpuart/fsl_lpuart.c.obj
 *fill*         0x00004ded        0x3 
 .rodata.__func__.11
                0x00004df0       0x14 CMakeFiles/Mecha-Iepurele_HWSide.dir/home/bnuy/Desktop/mcusdk/mcuxsdk/mcuxsdk/drivers/lpuart/fsl_lpuart.c.obj
 .rodata.__func__.5
                0x00004e04       0x1a CMakeFiles/Mecha-Iepurele_HWSide.dir/home/bnuy/Desktop/mcusdk/mcuxsdk/mcuxsdk/drivers/mcx_spc/fsl_spc.c.obj
 *fill*         0x00004e1e        0x2 
 .rodata.__func__.2
                0x00004e20       0x28 CMakeFiles/Mecha-Iepurele_HWSide.dir/home/bnuy/Desktop/mcusdk/mcuxsdk/mcuxsdk/drivers/mcx_spc/fsl_spc.c.obj
 .rodata.s_pwmClocks
                0x00004e48        0xc CMakeFiles/Mecha-Iepurele_HWSide.dir/home/bnuy/Desktop/mcusdk/mcuxsdk/mcuxsdk/drivers/pwm/fsl_pwm.c.obj
 .rodata.__func__.22
                0x00004e54       0x10 CMakeFiles/Mecha-Iepurele_HWSide.dir/home/bnuy/Desktop/mcusdk/mcuxsdk/mcuxsdk/drivers/pwm/fsl_pwm.c.obj
 .rodata.__func__.21
                0x00004e64       0x16 CMakeFiles/Mecha-Iepurele_HWSide.dir/home/bnuy/Desktop/mcusdk/mcuxsdk/mcuxsdk/drivers/pwm/fsl_pwm.c.obj
 *fill*         0x00004e7a        0x2 
 .rodata.__func__.20
                0x00004e7c       0x19 CMakeFiles/Mecha-Iepurele_HWSide.dir/home/bnuy/Desktop/mcusdk/mcuxsdk/mcuxsdk/drivers/pwm/fsl_pwm.c.obj
 *fill*         0x00004e95        0x3 
 .rodata.__func__.19
                0x00004e98        0x9 CMakeFiles/Mecha-Iepurele_HWSide.dir/home/bnuy/Desktop/mcusdk/mcuxsdk/mcuxsdk/drivers/pwm/fsl_pwm.c.obj
 *fill*         0x00004ea1        0x3 
 .rodata.__func__.17
                0x00004ea4       0x15 CMakeFiles/Mecha-Iepurele_HWSide.dir/home/bnuy/Desktop/mcusdk/mcuxsdk/mcuxsdk/drivers/pwm/fsl_pwm.c.obj
 *fill*         0x00004eb9        0x3 
 .rodata.__func__.16
                0x00004ebc        0xd CMakeFiles/Mecha-Iepurele_HWSide.dir/home/bnuy/Desktop/mcusdk/mcuxsdk/mcuxsdk/drivers/pwm/fsl_pwm.c.obj
 *fill*         0x00004ec9        0x3 
 .rodata.__func__.14
                0x00004ecc       0x17 CMakeFiles/Mecha-Iepurele_HWSide.dir/home/bnuy/Desktop/mcusdk/mcuxsdk/mcuxsdk/drivers/pwm/fsl_pwm.c.obj
 *fill*         0x00004ee3        0x1 
 .rodata.__func__.13
                0x00004ee4       0x17 CMakeFiles/Mecha-Iepurele_HWSide.dir/home/bnuy/Desktop/mcusdk/mcuxsdk/mcuxsdk/drivers/pwm/fsl_pwm.c.obj
 *fill*         0x00004efb        0x1 
 .rodata.__func__.12
                0x00004efc       0x23 CMakeFiles/Mecha-Iepurele_HWSide.dir/home/bnuy/Desktop/mcusdk/mcuxsdk/mcuxsdk/drivers/pwm/fsl_pwm.c.obj
 *fill*         0x00004f1f        0x1 
 .rodata.__func__.5
                0x00004f20       0x15 CMakeFiles/Mecha-Iepurele_HWSide.dir/home/bnuy/Desktop/mcusdk/mcuxsdk/mcuxsdk/drivers/pwm/fsl_pwm.c.obj
 *fill*         0x00004f35        0x3 
 .rodata.__func__.1
                0x00004f38       0x15 CMakeFiles/Mecha-Iepurele_HWSide.dir/home/bnuy/Desktop/mcusdk/mcuxsdk/mcuxsdk/drivers/pwm/fsl_pwm.c.obj
 *fill*         0x00004f4d        0x3 
 .rodata.s_LpuartAdapterBase
                0x00004f50        0xc CMakeFiles/Mecha-Iepurele_HWSide.dir/home/bnuy/Desktop/mcusdk/mcuxsdk/mcuxsdk/components/uart/fsl_adapter_lpuart.c.obj
 .rodata.__func__.4
                0x00004f5c        0xd CMakeFiles/Mecha-Iepurele_HWSide.dir/home/bnuy/Desktop/mcusdk/mcuxsdk/mcuxsdk/components/uart/fsl_adapter_lpuart.c.obj
 *fill*         0x00004f69        0x3 
 .rodata.__func__.2
                0x00004f6c       0x18 CMakeFiles/Mecha-Iepurele_HWSide.dir/home/bnuy/Desktop/mcusdk/mcuxsdk/mcuxsdk/components/uart/fsl_adapter_lpuart.c.obj
 .rodata.__func__.1
                0x00004f84       0x15 CMakeFiles/Mecha-Iepurele_HWSide.dir/home/bnuy/Desktop/mcusdk/mcuxsdk/mcuxsdk/components/uart/fsl_adapter_lpuart.c.obj
 *fill*         0x00004f99        0x3 
 .rodata.__func__.0
                0x00004f9c       0x12 CMakeFiles/Mecha-Iepurele_HWSide.dir/frdmmcxa153/led_blinky/pin_mux.c.obj
 *fill*         0x00004fae        0x2 
 .rodata.__func__.0
                0x00004fb0       0x19 CMakeFiles/Mecha-Iepurele_HWSide.dir/led_blinky.c.obj
 *(.glue_7)
 .glue_7        0x00004fc9        0x0 linker stubs
 *(.glue_7t)
 .glue_7t       0x00004fc9        0x0 linker stubs
 *(.eh_frame)
 *fill*         0x00004fc9        0x3 
 .eh_frame      0x00004fcc        0x0 /home/bnuy/.mcuxpressotools/arm-gnu-toolchain-14.2.rel1-x86_64-arm-none-eabi/bin/../lib/gcc/arm-none-eabi/14.2.1/thumb/v8-m.main/nofp/crtbegin.o
 *(.init)
 .init          0x00004fcc        0x4 /home/bnuy/.mcuxpressotools/arm-gnu-toolchain-14.2.rel1-x86_64-arm-none-eabi/bin/../lib/gcc/arm-none-eabi/14.2.1/thumb/v8-m.main/nofp/crti.o
                0x00004fcc                _init
 .init          0x00004fd0        0x8 /home/bnuy/.mcuxpressotools/arm-gnu-toolchain-14.2.rel1-x86_64-arm-none-eabi/bin/../lib/gcc/arm-none-eabi/14.2.1/thumb/v8-m.main/nofp/crtn.o
 *(.fini)
 .fini          0x00004fd8        0x4 /home/bnuy/.mcuxpressotools/arm-gnu-toolchain-14.2.rel1-x86_64-arm-none-eabi/bin/../lib/gcc/arm-none-eabi/14.2.1/thumb/v8-m.main/nofp/crti.o
                0x00004fd8                _fini
 .fini          0x00004fdc        0x8 /home/bnuy/.mcuxpressotools/arm-gnu-toolchain-14.2.rel1-x86_64-arm-none-eabi/bin/../lib/gcc/arm-none-eabi/14.2.1/thumb/v8-m.main/nofp/crtn.o
                0x00004fe4                        . = ALIGN (0x4)

.vfp11_veneer   0x00004fe4        0x0
 .vfp11_veneer  0x00004fe4        0x0 linker stubs

.v4_bx          0x00004fe4        0x0
 .v4_bx         0x00004fe4        0x0 linker stubs

.iplt           0x00004fe4        0x0
 .iplt          0x00004fe4        0x0 /home/bnuy/.mcuxpressotools/arm-gnu-toolchain-14.2.rel1-x86_64-arm-none-eabi/bin/../lib/gcc/arm-none-eabi/14.2.1/thumb/v8-m.main/nofp/crtbegin.o

.ARM.extab
 *(.ARM.extab* .gnu.linkonce.armextab.*)

.ARM            0x00004fe4        0x8
                0x00004fe4                        __exidx_start = .
 *(.ARM.exidx*)
 .ARM.exidx     0x00004fe4        0x8 /home/bnuy/.mcuxpressotools/arm-gnu-toolchain-14.2.rel1-x86_64-arm-none-eabi/bin/../lib/gcc/arm-none-eabi/14.2.1/../../../../arm-none-eabi/lib/thumb/v8-m.main/nofp/crt0.o
                                 0x10 (size before relaxing)
 .ARM.exidx     0x00004fec        0x0 /home/bnuy/.mcuxpressotools/arm-gnu-toolchain-14.2.rel1-x86_64-arm-none-eabi/bin/../lib/gcc/arm-none-eabi/14.2.1/../../../../arm-none-eabi/lib/thumb/v8-m.main/nofp/libc_nano.a(libc_a-strlen.o)
                                  0x8 (size before relaxing)
                0x00004fec                        __exidx_end = .

.rel.dyn        0x00004fec        0x0
 .rel.iplt      0x00004fec        0x0 /home/bnuy/.mcuxpressotools/arm-gnu-toolchain-14.2.rel1-x86_64-arm-none-eabi/bin/../lib/gcc/arm-none-eabi/14.2.1/thumb/v8-m.main/nofp/crtbegin.o

.ctors          0x00004fec        0x0
                0x00004fec                        __CTOR_LIST__ = .
 *crtbegin.o(.ctors)
 *crtbegin?.o(.ctors)
 *(EXCLUDE_FILE(*crtend.o *crtend?.o) .ctors)
 *(SORT_BY_NAME(.ctors.*))
 *(.ctors)
                0x00004fec                        __CTOR_END__ = .

.dtors          0x00004fec        0x0
                0x00004fec                        __DTOR_LIST__ = .
 *crtbegin.o(.dtors)
 *crtbegin?.o(.dtors)
 *(EXCLUDE_FILE(*crtend.o *crtend?.o) .dtors)
 *(SORT_BY_NAME(.dtors.*))
 *(.dtors)
                0x00004fec                        __DTOR_END__ = .

.preinit_array  0x00004fec        0x0
                0x00004fec                        PROVIDE (__preinit_array_start = .)
 *(.preinit_array*)
                0x00004fec                        PROVIDE (__preinit_array_end = .)

.init_array     0x00004fec        0x4
                0x00004fec                        PROVIDE (__init_array_start = .)
 *(SORT_BY_NAME(.init_array.*))
 *(.init_array*)
 .init_array    0x00004fec        0x4 /home/bnuy/.mcuxpressotools/arm-gnu-toolchain-14.2.rel1-x86_64-arm-none-eabi/bin/../lib/gcc/arm-none-eabi/14.2.1/thumb/v8-m.main/nofp/crtbegin.o
                0x00004ff0                        PROVIDE (__init_array_end = .)

.fini_array     0x00004ff0        0x4
                [!provide]                        PROVIDE (__fini_array_start = .)
 *(SORT_BY_NAME(.fini_array.*))
 *(.fini_array*)
 .fini_array    0x00004ff0        0x4 /home/bnuy/.mcuxpressotools/arm-gnu-toolchain-14.2.rel1-x86_64-arm-none-eabi/bin/../lib/gcc/arm-none-eabi/14.2.1/thumb/v8-m.main/nofp/crtbegin.o
                [!provide]                        PROVIDE (__fini_array_end = .)
                0x00004ff4                        __etext = .
                0x00004ff4                        __DATA_ROM = .

.data           0x20000000        0x8 load address 0x00004ff4
                0x20000000                        . = ALIGN (0x4)
                0x20000000                        __DATA_RAM = .
                0x20000000                        __data_start__ = .
 *(.ramfunc*)
 *(.data)
 *(.data*)
 .data.SystemCoreClock
                0x20000000        0x4 CMakeFiles/Mecha-Iepurele_HWSide.dir/home/bnuy/Desktop/mcusdk/mcuxsdk/mcuxsdk/devices/MCX/MCXA/MCXA153/system_MCXA153.c.obj
                0x20000000                SystemCoreClock
 .data.s_Ext_Clk_Freq
                0x20000004        0x4 CMakeFiles/Mecha-Iepurele_HWSide.dir/home/bnuy/Desktop/mcusdk/mcuxsdk/mcuxsdk/devices/MCX/MCXA/MCXA153/drivers/fsl_clock.c.obj
 *(.jcr*)
                0x20000008                        . = ALIGN (0x4)
                0x20000008                        __data_end__ = .
                0x00004ffc                        __DATA_END = (__DATA_ROM + (__data_end__ - __data_start__))
                0x00020000                        text_end = (ORIGIN (m_text) + LENGTH (m_text))
                0x00000001                        ASSERT ((__DATA_END <= text_end), region m_text overflowed with text and data)

.tm_clone_table
                0x20000008        0x0 load address 0x00004ffc
 .tm_clone_table
                0x20000008        0x0 /home/bnuy/.mcuxpressotools/arm-gnu-toolchain-14.2.rel1-x86_64-arm-none-eabi/bin/../lib/gcc/arm-none-eabi/14.2.1/thumb/v8-m.main/nofp/crtbegin.o
 .tm_clone_table
                0x20000008        0x0 /home/bnuy/.mcuxpressotools/arm-gnu-toolchain-14.2.rel1-x86_64-arm-none-eabi/bin/../lib/gcc/arm-none-eabi/14.2.1/thumb/v8-m.main/nofp/crtend.o

.igot.plt       0x20000008        0x0 load address 0x00004ffc
 .igot.plt      0x20000008        0x0 /home/bnuy/.mcuxpressotools/arm-gnu-toolchain-14.2.rel1-x86_64-arm-none-eabi/bin/../lib/gcc/arm-none-eabi/14.2.1/thumb/v8-m.main/nofp/crtbegin.o

.bss            0x20000008       0x60 load address 0x00004ffc
                0x20000008                        . = ALIGN (0x4)
                0x20000008                        __START_BSS = .
                0x20000008                        __bss_start__ = .
 *(.bss)
 *(.bss*)
 .bss.completed.1
                0x20000008        0x1 /home/bnuy/.mcuxpressotools/arm-gnu-toolchain-14.2.rel1-x86_64-arm-none-eabi/bin/../lib/gcc/arm-none-eabi/14.2.1/thumb/v8-m.main/nofp/crtbegin.o
 *fill*         0x20000009        0x3 
 .bss.object.0  0x2000000c       0x18 /home/bnuy/.mcuxpressotools/arm-gnu-toolchain-14.2.rel1-x86_64-arm-none-eabi/bin/../lib/gcc/arm-none-eabi/14.2.1/thumb/v8-m.main/nofp/crtbegin.o
 .bss.s_lpuartHandle
                0x20000024        0xc CMakeFiles/Mecha-Iepurele_HWSide.dir/home/bnuy/Desktop/mcusdk/mcuxsdk/mcuxsdk/drivers/lpuart/fsl_lpuart.c.obj
                0x20000024                s_lpuartHandle
 .bss.s_lpuartIsr
                0x20000030        0xc CMakeFiles/Mecha-Iepurele_HWSide.dir/home/bnuy/Desktop/mcusdk/mcuxsdk/mcuxsdk/drivers/lpuart/fsl_lpuart.c.obj
                0x20000030                s_lpuartIsr
 .bss.s_pwmGetPwmDutyCycle
                0x2000003c        0x9 CMakeFiles/Mecha-Iepurele_HWSide.dir/home/bnuy/Desktop/mcusdk/mcuxsdk/mcuxsdk/drivers/pwm/fsl_pwm.c.obj
 *fill*         0x20000045        0x3 
 .bss.s_debugConsole
                0x20000048       0x14 CMakeFiles/Mecha-Iepurele_HWSide.dir/home/bnuy/Desktop/mcusdk/mcuxsdk/mcuxsdk/components/debug_console_lite/fsl_debug_console.c.obj
 .bss.g_seconds
                0x2000005c        0x4 CMakeFiles/Mecha-Iepurele_HWSide.dir/led_blinky.c.obj
 .bss.g_motorInitialized
                0x20000060        0x1 CMakeFiles/Mecha-Iepurele_HWSide.dir/led_blinky.c.obj
 *fill*         0x20000061        0x3 
 .bss.__stdio_exit_handler
                0x20000064        0x4 /home/bnuy/.mcuxpressotools/arm-gnu-toolchain-14.2.rel1-x86_64-arm-none-eabi/bin/../lib/gcc/arm-none-eabi/14.2.1/../../../../arm-none-eabi/lib/thumb/v8-m.main/nofp/libc_nano.a(libc_a-findfp.o)
                0x20000064                __stdio_exit_handler
 *(COMMON)
                0x20000068                        . = ALIGN (0x4)
                0x20000068                        __bss_end__ = .
                0x20000068                        __END_BSS = .

.heap           0x20000068      0x400 load address 0x0000505c
                0x20000068                        . = ALIGN (0x8)
                0x20000068                        __end__ = .
                0x20000068                        PROVIDE (end = .)
                0x20000068                        __HeapBase = .
                0x20000468                        . = (. + HEAP_SIZE)
 *fill*         0x20000068      0x400 
                0x20000468                        __HeapLimit = .
                0x20000468                        __heap_limit = .

.stack          0x20000468      0x800 load address 0x0000545c
                0x20000468                        . = ALIGN (0x8)
                0x20000c68                        . = (. + STACK_SIZE)
 *fill*         0x20000468      0x800 
                0x20006000                        __StackTop = (ORIGIN (m_data) + LENGTH (m_data))
                0x20005800                        __StackLimit = (__StackTop - STACK_SIZE)
                0x20006000                        PROVIDE (__stack = __StackTop)

.ARM.attributes
                0x00000000       0x2e
 *(.ARM.attributes)
 .ARM.attributes
                0x00000000       0x22 /home/bnuy/.mcuxpressotools/arm-gnu-toolchain-14.2.rel1-x86_64-arm-none-eabi/bin/../lib/gcc/arm-none-eabi/14.2.1/thumb/v8-m.main/nofp/crti.o
 .ARM.attributes
                0x00000022       0x32 /home/bnuy/.mcuxpressotools/arm-gnu-toolchain-14.2.rel1-x86_64-arm-none-eabi/bin/../lib/gcc/arm-none-eabi/14.2.1/thumb/v8-m.main/nofp/crtbegin.o
 .ARM.attributes
                0x00000054       0x20 /home/bnuy/.mcuxpressotools/arm-gnu-toolchain-14.2.rel1-x86_64-arm-none-eabi/bin/../lib/gcc/arm-none-eabi/14.2.1/../../../../arm-none-eabi/lib/thumb/v8-m.main/nofp/crt0.o
 .ARM.attributes
                0x00000074       0x32 CMakeFiles/Mecha-Iepurele_HWSide.dir/home/bnuy/Desktop/mcusdk/mcuxsdk/mcuxsdk/devices/MCX/MCXA/MCXA153/system_MCXA153.c.obj
 .ARM.attributes
                0x000000a6       0x20 CMakeFiles/Mecha-Iepurele_HWSide.dir/home/bnuy/Desktop/mcusdk/mcuxsdk/mcuxsdk/devices/MCX/MCXA/MCXA153/gcc/startup_MCXA153.S.obj
 .ARM.attributes
                0x000000c6       0x32 CMakeFiles/Mecha-Iepurele_HWSide.dir/home/bnuy/Desktop/mcusdk/mcuxsdk/mcuxsdk/devices/MCX/MCXA/MCXA153/drivers/fsl_clock.c.obj
 .ARM.attributes
                0x000000f8       0x32 CMakeFiles/Mecha-Iepurele_HWSide.dir/home/bnuy/Desktop/mcusdk/mcuxsdk/mcuxsdk/devices/MCX/MCXA/MCXA153/drivers/fsl_reset.c.obj
 .ARM.attributes
                0x0000012a       0x32 CMakeFiles/Mecha-Iepurele_HWSide.dir/home/bnuy/Desktop/mcusdk/mcuxsdk/mcuxsdk/drivers/gpio/fsl_gpio.c.obj
 .ARM.attributes
                0x0000015c       0x32 CMakeFiles/Mecha-Iepurele_HWSide.dir/home/bnuy/Desktop/mcusdk/mcuxsdk/mcuxsdk/drivers/lpuart/fsl_lpuart.c.obj
 .ARM.attributes
                0x0000018e       0x32 CMakeFiles/Mecha-Iepurele_HWSide.dir/home/bnuy/Desktop/mcusdk/mcuxsdk/mcuxsdk/drivers/mcx_spc/fsl_spc.c.obj
 .ARM.attributes
                0x000001c0       0x32 CMakeFiles/Mecha-Iepurele_HWSide.dir/home/bnuy/Desktop/mcusdk/mcuxsdk/mcuxsdk/drivers/pwm/fsl_pwm.c.obj
 .ARM.attributes
                0x000001f2       0x32 CMakeFiles/Mecha-Iepurele_HWSide.dir/home/bnuy/Desktop/mcusdk/mcuxsdk/mcuxsdk/components/assert/fsl_assert.c.obj
 .ARM.attributes
                0x00000224       0x32 CMakeFiles/Mecha-Iepurele_HWSide.dir/home/bnuy/Desktop/mcusdk/mcuxsdk/mcuxsdk/components/debug_console_lite/fsl_debug_console.c.obj
 .ARM.attributes
                0x00000256       0x20 CMakeFiles/Mecha-Iepurele_HWSide.dir/home/bnuy/Desktop/mcusdk/mcuxsdk/mcuxsdk/components/misc_utilities/fsl_memcpy.S.obj
 .ARM.attributes
                0x00000276       0x20 CMakeFiles/Mecha-Iepurele_HWSide.dir/home/bnuy/Desktop/mcusdk/mcuxsdk/mcuxsdk/components/misc_utilities/fsl_memset.S.obj
 .ARM.attributes
                0x00000296       0x32 CMakeFiles/Mecha-Iepurele_HWSide.dir/home/bnuy/Desktop/mcusdk/mcuxsdk/mcuxsdk/components/uart/fsl_adapter_lpuart.c.obj
 .ARM.attributes
                0x000002c8       0x32 CMakeFiles/Mecha-Iepurele_HWSide.dir/frdmmcxa153/frdmmcxa153/board.c.obj
 .ARM.attributes
                0x000002fa       0x32 CMakeFiles/Mecha-Iepurele_HWSide.dir/frdmmcxa153/frdmmcxa153/clock_config.c.obj
 .ARM.attributes
                0x0000032c       0x32 CMakeFiles/Mecha-Iepurele_HWSide.dir/frdmmcxa153/led_blinky/pin_mux.c.obj
 .ARM.attributes
                0x0000035e       0x32 CMakeFiles/Mecha-Iepurele_HWSide.dir/frdmmcxa153/led_blinky/hardware_init.c.obj
 .ARM.attributes
                0x00000390       0x32 CMakeFiles/Mecha-Iepurele_HWSide.dir/led_blinky.c.obj
 .ARM.attributes
                0x000003c2       0x32 CMakeFiles/Mecha-Iepurele_HWSide.dir/led_blinky/peripherals.c.obj
 .ARM.attributes
                0x000003f4       0x32 /home/bnuy/.mcuxpressotools/arm-gnu-toolchain-14.2.rel1-x86_64-arm-none-eabi/bin/../lib/gcc/arm-none-eabi/14.2.1/../../../../arm-none-eabi/lib/thumb/v8-m.main/nofp/libc_nano.a(libc_a-exit.o)
 .ARM.attributes
                0x00000426       0x32 /home/bnuy/.mcuxpressotools/arm-gnu-toolchain-14.2.rel1-x86_64-arm-none-eabi/bin/../lib/gcc/arm-none-eabi/14.2.1/../../../../arm-none-eabi/lib/thumb/v8-m.main/nofp/libc_nano.a(libc_a-findfp.o)
 .ARM.attributes
                0x00000458       0x32 /home/bnuy/.mcuxpressotools/arm-gnu-toolchain-14.2.rel1-x86_64-arm-none-eabi/bin/../lib/gcc/arm-none-eabi/14.2.1/../../../../arm-none-eabi/lib/thumb/v8-m.main/nofp/libc_nano.a(libc_a-init.o)
 .ARM.attributes
                0x0000048a       0x20 /home/bnuy/.mcuxpressotools/arm-gnu-toolchain-14.2.rel1-x86_64-arm-none-eabi/bin/../lib/gcc/arm-none-eabi/14.2.1/../../../../arm-none-eabi/lib/thumb/v8-m.main/nofp/libc_nano.a(libc_a-strlen.o)
 .ARM.attributes
                0x000004aa       0x32 /home/bnuy/.mcuxpressotools/arm-gnu-toolchain-14.2.rel1-x86_64-arm-none-eabi/bin/../lib/gcc/arm-none-eabi/14.2.1/../../../../arm-none-eabi/lib/thumb/v8-m.main/nofp/libnosys.a(_exit.o)
 .ARM.attributes
                0x000004dc       0x32 /home/bnuy/.mcuxpressotools/arm-gnu-toolchain-14.2.rel1-x86_64-arm-none-eabi/bin/../lib/gcc/arm-none-eabi/14.2.1/thumb/v8-m.main/nofp/crtend.o
 .ARM.attributes
                0x0000050e       0x22 /home/bnuy/.mcuxpressotools/arm-gnu-toolchain-14.2.rel1-x86_64-arm-none-eabi/bin/../lib/gcc/arm-none-eabi/14.2.1/thumb/v8-m.main/nofp/crtn.o
                0x00000001                        ASSERT ((__StackLimit >= __HeapLimit), region m_data overflowed with stack and heap)
OUTPUT(Mecha-Iepurele_HWSide.elf elf32-littlearm)
LOAD linker stubs

.debug_line_str
                0x00000000      0x2aa
 .debug_line_str
                0x00000000      0x2aa /home/bnuy/.mcuxpressotools/arm-gnu-toolchain-14.2.rel1-x86_64-arm-none-eabi/bin/../lib/gcc/arm-none-eabi/14.2.1/../../../../arm-none-eabi/lib/thumb/v8-m.main/nofp/crt0.o
                                 0xd0 (size before relaxing)
 .debug_line_str
                0x000002aa       0x97 CMakeFiles/Mecha-Iepurele_HWSide.dir/home/bnuy/Desktop/mcusdk/mcuxsdk/mcuxsdk/devices/MCX/MCXA/MCXA153/gcc/startup_MCXA153.S.obj
 .debug_line_str
                0x000002aa       0x8f CMakeFiles/Mecha-Iepurele_HWSide.dir/home/bnuy/Desktop/mcusdk/mcuxsdk/mcuxsdk/components/misc_utilities/fsl_memcpy.S.obj
 .debug_line_str
                0x000002aa       0x8f CMakeFiles/Mecha-Iepurele_HWSide.dir/home/bnuy/Desktop/mcusdk/mcuxsdk/mcuxsdk/components/misc_utilities/fsl_memset.S.obj
 .debug_line_str
                0x000002aa       0xe5 /home/bnuy/.mcuxpressotools/arm-gnu-toolchain-14.2.rel1-x86_64-arm-none-eabi/bin/../lib/gcc/arm-none-eabi/14.2.1/../../../../arm-none-eabi/lib/thumb/v8-m.main/nofp/libc_nano.a(libc_a-strlen.o)

.debug_info     0x00000000    0x121df
 .debug_info    0x00000000      0xfea CMakeFiles/Mecha-Iepurele_HWSide.dir/home/bnuy/Desktop/mcusdk/mcuxsdk/mcuxsdk/devices/MCX/MCXA/MCXA153/system_MCXA153.c.obj
 .debug_info    0x00000fea      0x838 CMakeFiles/Mecha-Iepurele_HWSide.dir/home/bnuy/Desktop/mcusdk/mcuxsdk/mcuxsdk/devices/MCX/MCXA/MCXA153/gcc/startup_MCXA153.S.obj
 .debug_info    0x00001822     0x208f CMakeFiles/Mecha-Iepurele_HWSide.dir/home/bnuy/Desktop/mcusdk/mcuxsdk/mcuxsdk/devices/MCX/MCXA/MCXA153/drivers/fsl_clock.c.obj
 .debug_info    0x000038b1      0xa96 CMakeFiles/Mecha-Iepurele_HWSide.dir/home/bnuy/Desktop/mcusdk/mcuxsdk/mcuxsdk/devices/MCX/MCXA/MCXA153/drivers/fsl_reset.c.obj
 .debug_info    0x00004347     0x1390 CMakeFiles/Mecha-Iepurele_HWSide.dir/home/bnuy/Desktop/mcusdk/mcuxsdk/mcuxsdk/drivers/gpio/fsl_gpio.c.obj
 .debug_info    0x000056d7     0x3019 CMakeFiles/Mecha-Iepurele_HWSide.dir/home/bnuy/Desktop/mcusdk/mcuxsdk/mcuxsdk/drivers/lpuart/fsl_lpuart.c.obj
 .debug_info    0x000086f0     0x102a CMakeFiles/Mecha-Iepurele_HWSide.dir/home/bnuy/Desktop/mcusdk/mcuxsdk/mcuxsdk/drivers/mcx_spc/fsl_spc.c.obj
 .debug_info    0x0000971a     0x29ad CMakeFiles/Mecha-Iepurele_HWSide.dir/home/bnuy/Desktop/mcusdk/mcuxsdk/mcuxsdk/drivers/pwm/fsl_pwm.c.obj
 .debug_info    0x0000c0c7      0x1bf CMakeFiles/Mecha-Iepurele_HWSide.dir/home/bnuy/Desktop/mcusdk/mcuxsdk/mcuxsdk/components/assert/fsl_assert.c.obj
 .debug_info    0x0000c286      0xd9a CMakeFiles/Mecha-Iepurele_HWSide.dir/home/bnuy/Desktop/mcusdk/mcuxsdk/mcuxsdk/components/debug_console_lite/fsl_debug_console.c.obj
 .debug_info    0x0000d020       0x25 CMakeFiles/Mecha-Iepurele_HWSide.dir/home/bnuy/Desktop/mcusdk/mcuxsdk/mcuxsdk/components/misc_utilities/fsl_memcpy.S.obj
 .debug_info    0x0000d045       0x24 CMakeFiles/Mecha-Iepurele_HWSide.dir/home/bnuy/Desktop/mcusdk/mcuxsdk/mcuxsdk/components/misc_utilities/fsl_memset.S.obj
 .debug_info    0x0000d069      0xdd0 CMakeFiles/Mecha-Iepurele_HWSide.dir/home/bnuy/Desktop/mcusdk/mcuxsdk/mcuxsdk/components/uart/fsl_adapter_lpuart.c.obj
 .debug_info    0x0000de39      0x6c7 CMakeFiles/Mecha-Iepurele_HWSide.dir/frdmmcxa153/frdmmcxa153/board.c.obj
 .debug_info    0x0000e500      0xa7a CMakeFiles/Mecha-Iepurele_HWSide.dir/frdmmcxa153/frdmmcxa153/clock_config.c.obj
 .debug_info    0x0000ef7a     0x110a CMakeFiles/Mecha-Iepurele_HWSide.dir/frdmmcxa153/led_blinky/pin_mux.c.obj
 .debug_info    0x00010084      0x278 CMakeFiles/Mecha-Iepurele_HWSide.dir/frdmmcxa153/led_blinky/hardware_init.c.obj
 .debug_info    0x000102fc     0x1dd1 CMakeFiles/Mecha-Iepurele_HWSide.dir/led_blinky.c.obj
 .debug_info    0x000120cd      0x112 CMakeFiles/Mecha-Iepurele_HWSide.dir/led_blinky/peripherals.c.obj

.debug_abbrev   0x00000000     0x22cf
 .debug_abbrev  0x00000000      0x1c8 CMakeFiles/Mecha-Iepurele_HWSide.dir/home/bnuy/Desktop/mcusdk/mcuxsdk/mcuxsdk/devices/MCX/MCXA/MCXA153/system_MCXA153.c.obj
 .debug_abbrev  0x000001c8       0x26 CMakeFiles/Mecha-Iepurele_HWSide.dir/home/bnuy/Desktop/mcusdk/mcuxsdk/mcuxsdk/devices/MCX/MCXA/MCXA153/gcc/startup_MCXA153.S.obj
 .debug_abbrev  0x000001ee      0x338 CMakeFiles/Mecha-Iepurele_HWSide.dir/home/bnuy/Desktop/mcusdk/mcuxsdk/mcuxsdk/devices/MCX/MCXA/MCXA153/drivers/fsl_clock.c.obj
 .debug_abbrev  0x00000526      0x132 CMakeFiles/Mecha-Iepurele_HWSide.dir/home/bnuy/Desktop/mcusdk/mcuxsdk/mcuxsdk/devices/MCX/MCXA/MCXA153/drivers/fsl_reset.c.obj
 .debug_abbrev  0x00000658      0x261 CMakeFiles/Mecha-Iepurele_HWSide.dir/home/bnuy/Desktop/mcusdk/mcuxsdk/mcuxsdk/drivers/gpio/fsl_gpio.c.obj
 .debug_abbrev  0x000008b9      0x47f CMakeFiles/Mecha-Iepurele_HWSide.dir/home/bnuy/Desktop/mcusdk/mcuxsdk/mcuxsdk/drivers/lpuart/fsl_lpuart.c.obj
 .debug_abbrev  0x00000d38      0x2f9 CMakeFiles/Mecha-Iepurele_HWSide.dir/home/bnuy/Desktop/mcusdk/mcuxsdk/mcuxsdk/drivers/mcx_spc/fsl_spc.c.obj
 .debug_abbrev  0x00001031      0x318 CMakeFiles/Mecha-Iepurele_HWSide.dir/home/bnuy/Desktop/mcusdk/mcuxsdk/mcuxsdk/drivers/pwm/fsl_pwm.c.obj
 .debug_abbrev  0x00001349      0x101 CMakeFiles/Mecha-Iepurele_HWSide.dir/home/bnuy/Desktop/mcusdk/mcuxsdk/mcuxsdk/components/assert/fsl_assert.c.obj
 .debug_abbrev  0x0000144a      0x25c CMakeFiles/Mecha-Iepurele_HWSide.dir/home/bnuy/Desktop/mcusdk/mcuxsdk/mcuxsdk/components/debug_console_lite/fsl_debug_console.c.obj
 .debug_abbrev  0x000016a6       0x14 CMakeFiles/Mecha-Iepurele_HWSide.dir/home/bnuy/Desktop/mcusdk/mcuxsdk/mcuxsdk/components/misc_utilities/fsl_memcpy.S.obj
 .debug_abbrev  0x000016ba       0x14 CMakeFiles/Mecha-Iepurele_HWSide.dir/home/bnuy/Desktop/mcusdk/mcuxsdk/mcuxsdk/components/misc_utilities/fsl_memset.S.obj
 .debug_abbrev  0x000016ce      0x1f7 CMakeFiles/Mecha-Iepurele_HWSide.dir/home/bnuy/Desktop/mcusdk/mcuxsdk/mcuxsdk/components/uart/fsl_adapter_lpuart.c.obj
 .debug_abbrev  0x000018c5       0xf7 CMakeFiles/Mecha-Iepurele_HWSide.dir/frdmmcxa153/frdmmcxa153/board.c.obj
 .debug_abbrev  0x000019bc      0x213 CMakeFiles/Mecha-Iepurele_HWSide.dir/frdmmcxa153/frdmmcxa153/clock_config.c.obj
 .debug_abbrev  0x00001bcf      0x25a CMakeFiles/Mecha-Iepurele_HWSide.dir/frdmmcxa153/led_blinky/pin_mux.c.obj
 .debug_abbrev  0x00001e29      0x112 CMakeFiles/Mecha-Iepurele_HWSide.dir/frdmmcxa153/led_blinky/hardware_init.c.obj
 .debug_abbrev  0x00001f3b      0x2d9 CMakeFiles/Mecha-Iepurele_HWSide.dir/led_blinky.c.obj
 .debug_abbrev  0x00002214       0xbb CMakeFiles/Mecha-Iepurele_HWSide.dir/led_blinky/peripherals.c.obj

.debug_aranges  0x00000000      0x8d0
 .debug_aranges
                0x00000000       0x30 CMakeFiles/Mecha-Iepurele_HWSide.dir/home/bnuy/Desktop/mcusdk/mcuxsdk/mcuxsdk/devices/MCX/MCXA/MCXA153/system_MCXA153.c.obj
 .debug_aranges
                0x00000030       0x20 CMakeFiles/Mecha-Iepurele_HWSide.dir/home/bnuy/Desktop/mcusdk/mcuxsdk/mcuxsdk/devices/MCX/MCXA/MCXA153/gcc/startup_MCXA153.S.obj
 .debug_aranges
                0x00000050      0x160 CMakeFiles/Mecha-Iepurele_HWSide.dir/home/bnuy/Desktop/mcusdk/mcuxsdk/mcuxsdk/devices/MCX/MCXA/MCXA153/drivers/fsl_clock.c.obj
 .debug_aranges
                0x000001b0       0x30 CMakeFiles/Mecha-Iepurele_HWSide.dir/home/bnuy/Desktop/mcusdk/mcuxsdk/mcuxsdk/devices/MCX/MCXA/MCXA153/drivers/fsl_reset.c.obj
 .debug_aranges
                0x000001e0       0x80 CMakeFiles/Mecha-Iepurele_HWSide.dir/home/bnuy/Desktop/mcusdk/mcuxsdk/mcuxsdk/drivers/gpio/fsl_gpio.c.obj
 .debug_aranges
                0x00000260      0x1a8 CMakeFiles/Mecha-Iepurele_HWSide.dir/home/bnuy/Desktop/mcusdk/mcuxsdk/mcuxsdk/drivers/lpuart/fsl_lpuart.c.obj
 .debug_aranges
                0x00000408      0x118 CMakeFiles/Mecha-Iepurele_HWSide.dir/home/bnuy/Desktop/mcusdk/mcuxsdk/mcuxsdk/drivers/mcx_spc/fsl_spc.c.obj
 .debug_aranges
                0x00000520      0x110 CMakeFiles/Mecha-Iepurele_HWSide.dir/home/bnuy/Desktop/mcusdk/mcuxsdk/mcuxsdk/drivers/pwm/fsl_pwm.c.obj
 .debug_aranges
                0x00000630       0x28 CMakeFiles/Mecha-Iepurele_HWSide.dir/home/bnuy/Desktop/mcusdk/mcuxsdk/mcuxsdk/components/assert/fsl_assert.c.obj
 .debug_aranges
                0x00000658       0x78 CMakeFiles/Mecha-Iepurele_HWSide.dir/home/bnuy/Desktop/mcusdk/mcuxsdk/mcuxsdk/components/debug_console_lite/fsl_debug_console.c.obj
 .debug_aranges
                0x000006d0       0x20 CMakeFiles/Mecha-Iepurele_HWSide.dir/home/bnuy/Desktop/mcusdk/mcuxsdk/mcuxsdk/components/misc_utilities/fsl_memcpy.S.obj
 .debug_aranges
                0x000006f0       0x20 CMakeFiles/Mecha-Iepurele_HWSide.dir/home/bnuy/Desktop/mcusdk/mcuxsdk/mcuxsdk/components/misc_utilities/fsl_memset.S.obj
 .debug_aranges
                0x00000710       0x58 CMakeFiles/Mecha-Iepurele_HWSide.dir/home/bnuy/Desktop/mcusdk/mcuxsdk/mcuxsdk/components/uart/fsl_adapter_lpuart.c.obj
 .debug_aranges
                0x00000768       0x20 CMakeFiles/Mecha-Iepurele_HWSide.dir/frdmmcxa153/frdmmcxa153/board.c.obj
 .debug_aranges
                0x00000788       0x48 CMakeFiles/Mecha-Iepurele_HWSide.dir/frdmmcxa153/frdmmcxa153/clock_config.c.obj
 .debug_aranges
                0x000007d0       0x40 CMakeFiles/Mecha-Iepurele_HWSide.dir/frdmmcxa153/led_blinky/pin_mux.c.obj
 .debug_aranges
                0x00000810       0x28 CMakeFiles/Mecha-Iepurele_HWSide.dir/frdmmcxa153/led_blinky/hardware_init.c.obj
 .debug_aranges
                0x00000838       0x68 CMakeFiles/Mecha-Iepurele_HWSide.dir/led_blinky.c.obj
 .debug_aranges
                0x000008a0       0x30 CMakeFiles/Mecha-Iepurele_HWSide.dir/led_blinky/peripherals.c.obj

.debug_rnglists
                0x00000000      0x65c
 .debug_rnglists
                0x00000000       0x20 CMakeFiles/Mecha-Iepurele_HWSide.dir/home/bnuy/Desktop/mcusdk/mcuxsdk/mcuxsdk/devices/MCX/MCXA/MCXA153/system_MCXA153.c.obj
 .debug_rnglists
                0x00000020      0x117 CMakeFiles/Mecha-Iepurele_HWSide.dir/home/bnuy/Desktop/mcusdk/mcuxsdk/mcuxsdk/devices/MCX/MCXA/MCXA153/drivers/fsl_clock.c.obj
 .debug_rnglists
                0x00000137       0x21 CMakeFiles/Mecha-Iepurele_HWSide.dir/home/bnuy/Desktop/mcusdk/mcuxsdk/mcuxsdk/devices/MCX/MCXA/MCXA153/drivers/fsl_reset.c.obj
 .debug_rnglists
                0x00000158       0x5d CMakeFiles/Mecha-Iepurele_HWSide.dir/home/bnuy/Desktop/mcusdk/mcuxsdk/mcuxsdk/drivers/gpio/fsl_gpio.c.obj
 .debug_rnglists
                0x000001b5      0x14c CMakeFiles/Mecha-Iepurele_HWSide.dir/home/bnuy/Desktop/mcusdk/mcuxsdk/mcuxsdk/drivers/lpuart/fsl_lpuart.c.obj
 .debug_rnglists
                0x00000301       0xd2 CMakeFiles/Mecha-Iepurele_HWSide.dir/home/bnuy/Desktop/mcusdk/mcuxsdk/mcuxsdk/drivers/mcx_spc/fsl_spc.c.obj
 .debug_rnglists
                0x000003d3       0xdb CMakeFiles/Mecha-Iepurele_HWSide.dir/home/bnuy/Desktop/mcusdk/mcuxsdk/mcuxsdk/drivers/pwm/fsl_pwm.c.obj
 .debug_rnglists
                0x000004ae       0x19 CMakeFiles/Mecha-Iepurele_HWSide.dir/home/bnuy/Desktop/mcusdk/mcuxsdk/mcuxsdk/components/assert/fsl_assert.c.obj
 .debug_rnglists
                0x000004c7       0x59 CMakeFiles/Mecha-Iepurele_HWSide.dir/home/bnuy/Desktop/mcusdk/mcuxsdk/mcuxsdk/components/debug_console_lite/fsl_debug_console.c.obj
 .debug_rnglists
                0x00000520       0x41 CMakeFiles/Mecha-Iepurele_HWSide.dir/home/bnuy/Desktop/mcusdk/mcuxsdk/mcuxsdk/components/uart/fsl_adapter_lpuart.c.obj
 .debug_rnglists
                0x00000561       0x13 CMakeFiles/Mecha-Iepurele_HWSide.dir/frdmmcxa153/frdmmcxa153/board.c.obj
 .debug_rnglists
                0x00000574       0x36 CMakeFiles/Mecha-Iepurele_HWSide.dir/frdmmcxa153/frdmmcxa153/clock_config.c.obj
 .debug_rnglists
                0x000005aa       0x2c CMakeFiles/Mecha-Iepurele_HWSide.dir/frdmmcxa153/led_blinky/pin_mux.c.obj
 .debug_rnglists
                0x000005d6       0x19 CMakeFiles/Mecha-Iepurele_HWSide.dir/frdmmcxa153/led_blinky/hardware_init.c.obj
 .debug_rnglists
                0x000005ef       0x4e CMakeFiles/Mecha-Iepurele_HWSide.dir/led_blinky.c.obj
 .debug_rnglists
                0x0000063d       0x1f CMakeFiles/Mecha-Iepurele_HWSide.dir/led_blinky/peripherals.c.obj

.debug_line     0x00000000     0x7e7d
 .debug_line    0x00000000      0x3e8 CMakeFiles/Mecha-Iepurele_HWSide.dir/home/bnuy/Desktop/mcusdk/mcuxsdk/mcuxsdk/devices/MCX/MCXA/MCXA153/system_MCXA153.c.obj
 .debug_line    0x000003e8      0x23d CMakeFiles/Mecha-Iepurele_HWSide.dir/home/bnuy/Desktop/mcusdk/mcuxsdk/mcuxsdk/devices/MCX/MCXA/MCXA153/gcc/startup_MCXA153.S.obj
 .debug_line    0x00000625     0x11bf CMakeFiles/Mecha-Iepurele_HWSide.dir/home/bnuy/Desktop/mcusdk/mcuxsdk/mcuxsdk/devices/MCX/MCXA/MCXA153/drivers/fsl_clock.c.obj
 .debug_line    0x000017e4      0x342 CMakeFiles/Mecha-Iepurele_HWSide.dir/home/bnuy/Desktop/mcusdk/mcuxsdk/mcuxsdk/devices/MCX/MCXA/MCXA153/drivers/fsl_reset.c.obj
 .debug_line    0x00001b26      0x54d CMakeFiles/Mecha-Iepurele_HWSide.dir/home/bnuy/Desktop/mcusdk/mcuxsdk/mcuxsdk/drivers/gpio/fsl_gpio.c.obj
 .debug_line    0x00002073     0x17ac CMakeFiles/Mecha-Iepurele_HWSide.dir/home/bnuy/Desktop/mcusdk/mcuxsdk/mcuxsdk/drivers/lpuart/fsl_lpuart.c.obj
 .debug_line    0x0000381f      0x9f7 CMakeFiles/Mecha-Iepurele_HWSide.dir/home/bnuy/Desktop/mcusdk/mcuxsdk/mcuxsdk/drivers/mcx_spc/fsl_spc.c.obj
 .debug_line    0x00004216     0x1209 CMakeFiles/Mecha-Iepurele_HWSide.dir/home/bnuy/Desktop/mcusdk/mcuxsdk/mcuxsdk/drivers/pwm/fsl_pwm.c.obj
 .debug_line    0x0000541f      0x2bb CMakeFiles/Mecha-Iepurele_HWSide.dir/home/bnuy/Desktop/mcusdk/mcuxsdk/mcuxsdk/components/assert/fsl_assert.c.obj
 .debug_line    0x000056da      0x82f CMakeFiles/Mecha-Iepurele_HWSide.dir/home/bnuy/Desktop/mcusdk/mcuxsdk/mcuxsdk/components/debug_console_lite/fsl_debug_console.c.obj
 .debug_line    0x00005f09       0x88 CMakeFiles/Mecha-Iepurele_HWSide.dir/home/bnuy/Desktop/mcusdk/mcuxsdk/mcuxsdk/components/misc_utilities/fsl_memcpy.S.obj
 .debug_line    0x00005f91       0x77 CMakeFiles/Mecha-Iepurele_HWSide.dir/home/bnuy/Desktop/mcusdk/mcuxsdk/mcuxsdk/components/misc_utilities/fsl_memset.S.obj
 .debug_line    0x00006008      0x57e CMakeFiles/Mecha-Iepurele_HWSide.dir/home/bnuy/Desktop/mcusdk/mcuxsdk/mcuxsdk/components/uart/fsl_adapter_lpuart.c.obj
 .debug_line    0x00006586      0x296 CMakeFiles/Mecha-Iepurele_HWSide.dir/frdmmcxa153/frdmmcxa153/board.c.obj
 .debug_line    0x0000681c      0x535 CMakeFiles/Mecha-Iepurele_HWSide.dir/frdmmcxa153/frdmmcxa153/clock_config.c.obj
 .debug_line    0x00006d51      0x429 CMakeFiles/Mecha-Iepurele_HWSide.dir/frdmmcxa153/led_blinky/pin_mux.c.obj
 .debug_line    0x0000717a      0x31b CMakeFiles/Mecha-Iepurele_HWSide.dir/frdmmcxa153/led_blinky/hardware_init.c.obj
 .debug_line    0x00007495      0x7d8 CMakeFiles/Mecha-Iepurele_HWSide.dir/led_blinky.c.obj
 .debug_line    0x00007c6d      0x210 CMakeFiles/Mecha-Iepurele_HWSide.dir/led_blinky/peripherals.c.obj

.debug_str      0x00000000     0x8e5e
 .debug_str     0x00000000     0x8e5e CMakeFiles/Mecha-Iepurele_HWSide.dir/home/bnuy/Desktop/mcusdk/mcuxsdk/mcuxsdk/devices/MCX/MCXA/MCXA153/system_MCXA153.c.obj
                               0x147a (size before relaxing)
 .debug_str     0x00008e5e     0x103a CMakeFiles/Mecha-Iepurele_HWSide.dir/home/bnuy/Desktop/mcusdk/mcuxsdk/mcuxsdk/devices/MCX/MCXA/MCXA153/gcc/startup_MCXA153.S.obj
 .debug_str     0x00008e5e     0x2a04 CMakeFiles/Mecha-Iepurele_HWSide.dir/home/bnuy/Desktop/mcusdk/mcuxsdk/mcuxsdk/devices/MCX/MCXA/MCXA153/drivers/fsl_clock.c.obj
 .debug_str     0x00008e5e      0xc40 CMakeFiles/Mecha-Iepurele_HWSide.dir/home/bnuy/Desktop/mcusdk/mcuxsdk/mcuxsdk/devices/MCX/MCXA/MCXA153/drivers/fsl_reset.c.obj
 .debug_str     0x00008e5e     0x1ad3 CMakeFiles/Mecha-Iepurele_HWSide.dir/home/bnuy/Desktop/mcusdk/mcuxsdk/mcuxsdk/drivers/gpio/fsl_gpio.c.obj
 .debug_str     0x00008e5e     0x35e9 CMakeFiles/Mecha-Iepurele_HWSide.dir/home/bnuy/Desktop/mcusdk/mcuxsdk/mcuxsdk/drivers/lpuart/fsl_lpuart.c.obj
 .debug_str     0x00008e5e     0x123d CMakeFiles/Mecha-Iepurele_HWSide.dir/home/bnuy/Desktop/mcusdk/mcuxsdk/mcuxsdk/drivers/mcx_spc/fsl_spc.c.obj
 .debug_str     0x00008e5e     0x2f57 CMakeFiles/Mecha-Iepurele_HWSide.dir/home/bnuy/Desktop/mcusdk/mcuxsdk/mcuxsdk/drivers/pwm/fsl_pwm.c.obj
 .debug_str     0x00008e5e      0x26f CMakeFiles/Mecha-Iepurele_HWSide.dir/home/bnuy/Desktop/mcusdk/mcuxsdk/mcuxsdk/components/assert/fsl_assert.c.obj
 .debug_str     0x00008e5e     0x15c9 CMakeFiles/Mecha-Iepurele_HWSide.dir/home/bnuy/Desktop/mcusdk/mcuxsdk/mcuxsdk/components/debug_console_lite/fsl_debug_console.c.obj
 .debug_str     0x00008e5e       0x9d CMakeFiles/Mecha-Iepurele_HWSide.dir/home/bnuy/Desktop/mcusdk/mcuxsdk/mcuxsdk/components/misc_utilities/fsl_memcpy.S.obj
 .debug_str     0x00008e5e       0x9d CMakeFiles/Mecha-Iepurele_HWSide.dir/home/bnuy/Desktop/mcusdk/mcuxsdk/mcuxsdk/components/misc_utilities/fsl_memset.S.obj
 .debug_str     0x00008e5e     0x179e CMakeFiles/Mecha-Iepurele_HWSide.dir/home/bnuy/Desktop/mcusdk/mcuxsdk/mcuxsdk/components/uart/fsl_adapter_lpuart.c.obj
 .debug_str     0x00008e5e      0xf4a CMakeFiles/Mecha-Iepurele_HWSide.dir/frdmmcxa153/frdmmcxa153/board.c.obj
 .debug_str     0x00008e5e     0x100a CMakeFiles/Mecha-Iepurele_HWSide.dir/frdmmcxa153/frdmmcxa153/clock_config.c.obj
 .debug_str     0x00008e5e     0x1516 CMakeFiles/Mecha-Iepurele_HWSide.dir/frdmmcxa153/led_blinky/pin_mux.c.obj
 .debug_str     0x00008e5e      0x2e3 CMakeFiles/Mecha-Iepurele_HWSide.dir/frdmmcxa153/led_blinky/hardware_init.c.obj
 .debug_str     0x00008e5e     0x2af2 CMakeFiles/Mecha-Iepurele_HWSide.dir/led_blinky.c.obj
 .debug_str     0x00008e5e      0x246 CMakeFiles/Mecha-Iepurele_HWSide.dir/led_blinky/peripherals.c.obj

.comment        0x00000000       0x45
 .comment       0x00000000       0x45 CMakeFiles/Mecha-Iepurele_HWSide.dir/home/bnuy/Desktop/mcusdk/mcuxsdk/mcuxsdk/devices/MCX/MCXA/MCXA153/system_MCXA153.c.obj
                                 0x46 (size before relaxing)
 .comment       0x00000045       0x46 CMakeFiles/Mecha-Iepurele_HWSide.dir/home/bnuy/Desktop/mcusdk/mcuxsdk/mcuxsdk/devices/MCX/MCXA/MCXA153/drivers/fsl_clock.c.obj
 .comment       0x00000045       0x46 CMakeFiles/Mecha-Iepurele_HWSide.dir/home/bnuy/Desktop/mcusdk/mcuxsdk/mcuxsdk/devices/MCX/MCXA/MCXA153/drivers/fsl_reset.c.obj
 .comment       0x00000045       0x46 CMakeFiles/Mecha-Iepurele_HWSide.dir/home/bnuy/Desktop/mcusdk/mcuxsdk/mcuxsdk/drivers/gpio/fsl_gpio.c.obj
 .comment       0x00000045       0x46 CMakeFiles/Mecha-Iepurele_HWSide.dir/home/bnuy/Desktop/mcusdk/mcuxsdk/mcuxsdk/drivers/lpuart/fsl_lpuart.c.obj
 .comment       0x00000045       0x46 CMakeFiles/Mecha-Iepurele_HWSide.dir/home/bnuy/Desktop/mcusdk/mcuxsdk/mcuxsdk/drivers/mcx_spc/fsl_spc.c.obj
 .comment       0x00000045       0x46 CMakeFiles/Mecha-Iepurele_HWSide.dir/home/bnuy/Desktop/mcusdk/mcuxsdk/mcuxsdk/drivers/pwm/fsl_pwm.c.obj
 .comment       0x00000045       0x46 CMakeFiles/Mecha-Iepurele_HWSide.dir/home/bnuy/Desktop/mcusdk/mcuxsdk/mcuxsdk/components/assert/fsl_assert.c.obj
 .comment       0x00000045       0x46 CMakeFiles/Mecha-Iepurele_HWSide.dir/home/bnuy/Desktop/mcusdk/mcuxsdk/mcuxsdk/components/debug_console_lite/fsl_debug_console.c.obj
 .comment       0x00000045       0x46 CMakeFiles/Mecha-Iepurele_HWSide.dir/home/bnuy/Desktop/mcusdk/mcuxsdk/mcuxsdk/components/uart/fsl_adapter_lpuart.c.obj
 .comment       0x00000045       0x46 CMakeFiles/Mecha-Iepurele_HWSide.dir/frdmmcxa153/frdmmcxa153/board.c.obj
 .comment       0x00000045       0x46 CMakeFiles/Mecha-Iepurele_HWSide.dir/frdmmcxa153/frdmmcxa153/clock_config.c.obj
 .comment       0x00000045       0x46 CMakeFiles/Mecha-Iepurele_HWSide.dir/frdmmcxa153/led_blinky/pin_mux.c.obj
 .comment       0x00000045       0x46 CMakeFiles/Mecha-Iepurele_HWSide.dir/frdmmcxa153/led_blinky/hardware_init.c.obj
 .comment       0x00000045       0x46 CMakeFiles/Mecha-Iepurele_HWSide.dir/led_blinky.c.obj
 .comment       0x00000045       0x46 CMakeFiles/Mecha-Iepurele_HWSide.dir/led_blinky/peripherals.c.obj

.debug_frame    0x00000000     0x22f0
 .debug_frame   0x00000000       0x74 CMakeFiles/Mecha-Iepurele_HWSide.dir/home/bnuy/Desktop/mcusdk/mcuxsdk/mcuxsdk/devices/MCX/MCXA/MCXA153/system_MCXA153.c.obj
 .debug_frame   0x00000074      0x5d8 CMakeFiles/Mecha-Iepurele_HWSide.dir/home/bnuy/Desktop/mcusdk/mcuxsdk/mcuxsdk/devices/MCX/MCXA/MCXA153/drivers/fsl_clock.c.obj
 .debug_frame   0x0000064c       0x7c CMakeFiles/Mecha-Iepurele_HWSide.dir/home/bnuy/Desktop/mcusdk/mcuxsdk/mcuxsdk/devices/MCX/MCXA/MCXA153/drivers/fsl_reset.c.obj
 .debug_frame   0x000006c8      0x204 CMakeFiles/Mecha-Iepurele_HWSide.dir/home/bnuy/Desktop/mcusdk/mcuxsdk/mcuxsdk/drivers/gpio/fsl_gpio.c.obj
 .debug_frame   0x000008cc      0x73c CMakeFiles/Mecha-Iepurele_HWSide.dir/home/bnuy/Desktop/mcusdk/mcuxsdk/mcuxsdk/drivers/lpuart/fsl_lpuart.c.obj
 .debug_frame   0x00001008      0x4d8 CMakeFiles/Mecha-Iepurele_HWSide.dir/home/bnuy/Desktop/mcusdk/mcuxsdk/mcuxsdk/drivers/mcx_spc/fsl_spc.c.obj
 .debug_frame   0x000014e0      0x4a4 CMakeFiles/Mecha-Iepurele_HWSide.dir/home/bnuy/Desktop/mcusdk/mcuxsdk/mcuxsdk/drivers/pwm/fsl_pwm.c.obj
 .debug_frame   0x00001984       0x58 CMakeFiles/Mecha-Iepurele_HWSide.dir/home/bnuy/Desktop/mcusdk/mcuxsdk/mcuxsdk/components/assert/fsl_assert.c.obj
 .debug_frame   0x000019dc      0x1f0 CMakeFiles/Mecha-Iepurele_HWSide.dir/home/bnuy/Desktop/mcusdk/mcuxsdk/mcuxsdk/components/debug_console_lite/fsl_debug_console.c.obj
 .debug_frame   0x00001bcc      0x138 CMakeFiles/Mecha-Iepurele_HWSide.dir/home/bnuy/Desktop/mcusdk/mcuxsdk/mcuxsdk/components/uart/fsl_adapter_lpuart.c.obj
 .debug_frame   0x00001d04       0x2c CMakeFiles/Mecha-Iepurele_HWSide.dir/frdmmcxa153/frdmmcxa153/board.c.obj
 .debug_frame   0x00001d30       0xe0 CMakeFiles/Mecha-Iepurele_HWSide.dir/frdmmcxa153/frdmmcxa153/clock_config.c.obj
 .debug_frame   0x00001e10       0xc0 CMakeFiles/Mecha-Iepurele_HWSide.dir/frdmmcxa153/led_blinky/pin_mux.c.obj
 .debug_frame   0x00001ed0       0x54 CMakeFiles/Mecha-Iepurele_HWSide.dir/frdmmcxa153/led_blinky/hardware_init.c.obj
 .debug_frame   0x00001f24      0x18c CMakeFiles/Mecha-Iepurele_HWSide.dir/led_blinky.c.obj
 .debug_frame   0x000020b0       0x68 CMakeFiles/Mecha-Iepurele_HWSide.dir/led_blinky/peripherals.c.obj
 .debug_frame   0x00002118       0x28 /home/bnuy/.mcuxpressotools/arm-gnu-toolchain-14.2.rel1-x86_64-arm-none-eabi/bin/../lib/gcc/arm-none-eabi/14.2.1/../../../../arm-none-eabi/lib/thumb/v8-m.main/nofp/libc_nano.a(libc_a-exit.o)
 .debug_frame   0x00002140      0x144 /home/bnuy/.mcuxpressotools/arm-gnu-toolchain-14.2.rel1-x86_64-arm-none-eabi/bin/../lib/gcc/arm-none-eabi/14.2.1/../../../../arm-none-eabi/lib/thumb/v8-m.main/nofp/libc_nano.a(libc_a-findfp.o)
 .debug_frame   0x00002284       0x2c /home/bnuy/.mcuxpressotools/arm-gnu-toolchain-14.2.rel1-x86_64-arm-none-eabi/bin/../lib/gcc/arm-none-eabi/14.2.1/../../../../arm-none-eabi/lib/thumb/v8-m.main/nofp/libc_nano.a(libc_a-init.o)
 .debug_frame   0x000022b0       0x20 /home/bnuy/.mcuxpressotools/arm-gnu-toolchain-14.2.rel1-x86_64-arm-none-eabi/bin/../lib/gcc/arm-none-eabi/14.2.1/../../../../arm-none-eabi/lib/thumb/v8-m.main/nofp/libc_nano.a(libc_a-strlen.o)
 .debug_frame   0x000022d0       0x20 /home/bnuy/.mcuxpressotools/arm-gnu-toolchain-14.2.rel1-x86_64-arm-none-eabi/bin/../lib/gcc/arm-none-eabi/14.2.1/../../../../arm-none-eabi/lib/thumb/v8-m.main/nofp/libnosys.a(_exit.o)
