Archive member included to satisfy reference by file (symbol)

/home/bnuy/.mcuxpressotools/arm-gnu-toolchain-14.2.rel1-x86_64-arm-none-eabi/bin/../lib/gcc/arm-none-eabi/14.2.1/../../../../arm-none-eabi/lib/thumb/v8-m.main/nofp/libc_nano.a(libc_a-exit.o)
                              /home/bnuy/.mcuxpressotools/arm-gnu-toolchain-14.2.rel1-x86_64-arm-none-eabi/bin/../lib/gcc/arm-none-eabi/14.2.1/../../../../arm-none-eabi/lib/thumb/v8-m.main/nofp/crt0.o (exit)
/home/bnuy/.mcuxpressotools/arm-gnu-toolchain-14.2.rel1-x86_64-arm-none-eabi/bin/../lib/gcc/arm-none-eabi/14.2.1/../../../../arm-none-eabi/lib/thumb/v8-m.main/nofp/libc_nano.a(libc_a-malloc.o)
                              CMakeFiles/UART-test_MCXA153.dir/home/bnuy/Desktop/mcusdk/mcuxsdk/mcuxsdk/drivers/common/fsl_common.c.obj (malloc)
/home/bnuy/.mcuxpressotools/arm-gnu-toolchain-14.2.rel1-x86_64-arm-none-eabi/bin/../lib/gcc/arm-none-eabi/14.2.1/../../../../arm-none-eabi/lib/thumb/v8-m.main/nofp/libc_nano.a(libc_a-mallocr.o)
                              /home/bnuy/.mcuxpressotools/arm-gnu-toolchain-14.2.rel1-x86_64-arm-none-eabi/bin/../lib/gcc/arm-none-eabi/14.2.1/../../../../arm-none-eabi/lib/thumb/v8-m.main/nofp/libc_nano.a(libc_a-malloc.o) (_malloc_r)
/home/bnuy/.mcuxpressotools/arm-gnu-toolchain-14.2.rel1-x86_64-arm-none-eabi/bin/../lib/gcc/arm-none-eabi/14.2.1/../../../../arm-none-eabi/lib/thumb/v8-m.main/nofp/libc_nano.a(libc_a-mlock.o)
                              /home/bnuy/.mcuxpressotools/arm-gnu-toolchain-14.2.rel1-x86_64-arm-none-eabi/bin/../lib/gcc/arm-none-eabi/14.2.1/../../../../arm-none-eabi/lib/thumb/v8-m.main/nofp/libc_nano.a(libc_a-mallocr.o) (__malloc_lock)
/home/bnuy/.mcuxpressotools/arm-gnu-toolchain-14.2.rel1-x86_64-arm-none-eabi/bin/../lib/gcc/arm-none-eabi/14.2.1/../../../../arm-none-eabi/lib/thumb/v8-m.main/nofp/libc_nano.a(libc_a-strtoul.o)
                              CMakeFiles/UART-test_MCXA153.dir/home/bnuy/Desktop/mcusdk/mcuxsdk/mcuxsdk/components/str/fsl_str.c.obj (strtoul)
/home/bnuy/.mcuxpressotools/arm-gnu-toolchain-14.2.rel1-x86_64-arm-none-eabi/bin/../lib/gcc/arm-none-eabi/14.2.1/../../../../arm-none-eabi/lib/thumb/v8-m.main/nofp/libc_nano.a(libc_a-ctype_.o)
                              /home/bnuy/.mcuxpressotools/arm-gnu-toolchain-14.2.rel1-x86_64-arm-none-eabi/bin/../lib/gcc/arm-none-eabi/14.2.1/../../../../arm-none-eabi/lib/thumb/v8-m.main/nofp/libc_nano.a(libc_a-strtoul.o) (_ctype_)
/home/bnuy/.mcuxpressotools/arm-gnu-toolchain-14.2.rel1-x86_64-arm-none-eabi/bin/../lib/gcc/arm-none-eabi/14.2.1/../../../../arm-none-eabi/lib/thumb/v8-m.main/nofp/libc_nano.a(libc_a-findfp.o)
                              /home/bnuy/.mcuxpressotools/arm-gnu-toolchain-14.2.rel1-x86_64-arm-none-eabi/bin/../lib/gcc/arm-none-eabi/14.2.1/../../../../arm-none-eabi/lib/thumb/v8-m.main/nofp/libc_nano.a(libc_a-exit.o) (__stdio_exit_handler)
/home/bnuy/.mcuxpressotools/arm-gnu-toolchain-14.2.rel1-x86_64-arm-none-eabi/bin/../lib/gcc/arm-none-eabi/14.2.1/../../../../arm-none-eabi/lib/thumb/v8-m.main/nofp/libc_nano.a(libc_a-fwalk.o)
                              /home/bnuy/.mcuxpressotools/arm-gnu-toolchain-14.2.rel1-x86_64-arm-none-eabi/bin/../lib/gcc/arm-none-eabi/14.2.1/../../../../arm-none-eabi/lib/thumb/v8-m.main/nofp/libc_nano.a(libc_a-findfp.o) (_fwalk_sglue)
/home/bnuy/.mcuxpressotools/arm-gnu-toolchain-14.2.rel1-x86_64-arm-none-eabi/bin/../lib/gcc/arm-none-eabi/14.2.1/../../../../arm-none-eabi/lib/thumb/v8-m.main/nofp/libc_nano.a(libc_a-snprintf.o)
                              CMakeFiles/UART-test_MCXA153.dir/hello_world.c.obj (snprintf)
/home/bnuy/.mcuxpressotools/arm-gnu-toolchain-14.2.rel1-x86_64-arm-none-eabi/bin/../lib/gcc/arm-none-eabi/14.2.1/../../../../arm-none-eabi/lib/thumb/v8-m.main/nofp/libc_nano.a(libc_a-sscanf.o)
                              CMakeFiles/UART-test_MCXA153.dir/hello_world.c.obj (sscanf)
/home/bnuy/.mcuxpressotools/arm-gnu-toolchain-14.2.rel1-x86_64-arm-none-eabi/bin/../lib/gcc/arm-none-eabi/14.2.1/../../../../arm-none-eabi/lib/thumb/v8-m.main/nofp/libc_nano.a(libc_a-stdio.o)
                              /home/bnuy/.mcuxpressotools/arm-gnu-toolchain-14.2.rel1-x86_64-arm-none-eabi/bin/../lib/gcc/arm-none-eabi/14.2.1/../../../../arm-none-eabi/lib/thumb/v8-m.main/nofp/libc_nano.a(libc_a-findfp.o) (__sread)
/home/bnuy/.mcuxpressotools/arm-gnu-toolchain-14.2.rel1-x86_64-arm-none-eabi/bin/../lib/gcc/arm-none-eabi/14.2.1/../../../../arm-none-eabi/lib/thumb/v8-m.main/nofp/libc_nano.a(libc_a-strstr.o)
                              CMakeFiles/UART-test_MCXA153.dir/hello_world.c.obj (strstr)
/home/bnuy/.mcuxpressotools/arm-gnu-toolchain-14.2.rel1-x86_64-arm-none-eabi/bin/../lib/gcc/arm-none-eabi/14.2.1/../../../../arm-none-eabi/lib/thumb/v8-m.main/nofp/libc_nano.a(libc_a-closer.o)
                              /home/bnuy/.mcuxpressotools/arm-gnu-toolchain-14.2.rel1-x86_64-arm-none-eabi/bin/../lib/gcc/arm-none-eabi/14.2.1/../../../../arm-none-eabi/lib/thumb/v8-m.main/nofp/libc_nano.a(libc_a-stdio.o) (_close_r)
[...]
Memory Configuration

Name             Origin             Length             Attributes
m_interrupts     0x00000000         0x00000200         xr
m_text           0x00000200         0x0001fe00         xr
m_data           0x20000000         0x00006000         rw
m_sramx0         0x04000000         0x00002000         rw
*default*        0x00000000         0xffffffff

Linker script and memory map

LOAD /home/bnuy/.mcuxpressotools/arm-gnu-toolchain-14.2.rel1-x86_64-arm-none-eabi/bin/../lib/gcc/arm-none-eabi/14.2.1/thumb/v8-m.main/nofp/crti.o
LOAD /home/bnuy/.mcuxpressotools/arm-gnu-toolchain-14.2.rel1-x86_64-arm-none-eabi/bin/../lib/gcc/arm-none-eabi/14.2.1/thumb/v8-m.main/nofp/crtbegin.o
LOAD /home/bnuy/.mcuxpressotools/arm-gnu-toolchain-14.2.rel1-x86_64-arm-none-eabi/bin/../lib/gcc/arm-none-eabi/14.2.1/../../../../arm-none-eabi/lib/thumb/v8-m.main/nofp/crt0.o
LOAD CMakeFiles/UART-test_MCXA153.dir/home/bnuy/Desktop/mcusdk/mcuxsdk/mcuxsdk/devices/MCX/MCXA/MCXA153/system_MCXA153.c.obj
LOAD CMakeFiles/UART-test_MCXA153.dir/home/bnuy/Desktop/mcusdk/mcuxsdk/mcuxsdk/devices/MCX/MCXA/MCXA153/gcc/startup_MCXA153.S.obj
LOAD CMakeFiles/UART-test_MCXA153.dir/home/bnuy/Desktop/mcusdk/mcuxsdk/mcuxsdk/devices/MCX/MCXA/MCXA153/drivers/fsl_clock.c.obj
LOAD CMakeFiles/UART-test_MCXA153.dir/home/bnuy/Desktop/mcusdk/mcuxsdk/mcuxsdk/devices/MCX/MCXA/MCXA153/drivers/fsl_reset.c.obj
LOAD CMakeFiles/UART-test_MCXA153.dir/home/bnuy/Desktop/mcusdk/mcuxsdk/mcuxsdk/drivers/common/fsl_common.c.obj
LOAD CMakeFiles/UART-test_MCXA153.dir/home/bnuy/Desktop/mcusdk/mcuxsdk/mcuxsdk/drivers/common/fsl_common_arm.c.obj
LOAD CMakeFiles/UART-test_MCXA153.dir/home/bnuy/Desktop/mcusdk/mcuxsdk/mcuxsdk/drivers/gpio/fsl_gpio.c.obj
LOAD CMakeFiles/UART-test_MCXA153.dir/home/bnuy/Desktop/mcusdk/mcuxsdk/mcuxsdk/drivers/lpuart/fsl_lpuart.c.obj
LOAD CMakeFiles/UART-test_MCXA153.dir/home/bnuy/Desktop/mcusdk/mcuxsdk/mcuxsdk/drivers/mcx_spc/fsl_spc.c.obj
LOAD CMakeFiles/UART-test_MCXA153.dir/home/bnuy/Desktop/mcusdk/mcuxsdk/mcuxsdk/components/assert/fsl_assert.c.obj
LOAD CMakeFiles/UART-test_MCXA153.dir/home/bnuy/Desktop/mcusdk/mcuxsdk/mcuxsdk/components/debug_console_lite/fsl_debug_console.c.obj
LOAD CMakeFiles/UART-test_MCXA153.dir/home/bnuy/Desktop/mcusdk/mcuxsdk/mcuxsdk/components/misc_utilities/fsl_syscall_stub.c.obj
LOAD CMakeFiles/UART-test_MCXA153.dir/home/bnuy/Desktop/mcusdk/mcuxsdk/mcuxsdk/components/misc_utilities/fsl_sbrk.c.obj
LOAD CMakeFiles/UART-test_MCXA153.dir/home/bnuy/Desktop/mcusdk/mcuxsdk/mcuxsdk/components/misc_utilities/fsl_memcpy.S.obj
LOAD CMakeFiles/UART-test_MCXA153.dir/home/bnuy/Desktop/mcusdk/mcuxsdk/mcuxsdk/components/misc_utilities/fsl_memset.S.obj
LOAD CMakeFiles/UART-test_MCXA153.dir/home/bnuy/Desktop/mcusdk/mcuxsdk/mcuxsdk/components/str/fsl_str.c.obj
LOAD CMakeFiles/UART-test_MCXA153.dir/home/bnuy/Desktop/mcusdk/mcuxsdk/mcuxsdk/components/uart/fsl_adapter_lpuart.c.obj
LOAD CMakeFiles/UART-test_MCXA153.dir/frdmmcxa153/frdmmcxa153/board.c.obj
LOAD CMakeFiles/UART-test_MCXA153.dir/frdmmcxa153/frdmmcxa153/clock_config.c.obj
LOAD CMakeFiles/UART-test_MCXA153.dir/frdmmcxa153/hello_world/pin_mux.c.obj
LOAD CMakeFiles/UART-test_MCXA153.dir/frdmmcxa153/hello_world/hardware_init.c.obj
LOAD CMakeFiles/UART-test_MCXA153.dir/hello_world.c.obj
START GROUP
LOAD /home/bnuy/.mcuxpressotools/arm-gnu-toolchain-14.2.rel1-x86_64-arm-none-eabi/bin/../lib/gcc/arm-none-eabi/14.2.1/../../../../arm-none-eabi/lib/thumb/v8-m.main/nofp/libm.a
LOAD /home/bnuy/.mcuxpressotools/arm-gnu-toolchain-14.2.rel1-x86_64-arm-none-eabi/bin/../lib/gcc/arm-none-eabi/14.2.1/../../../../arm-none-eabi/lib/thumb/v8-m.main/nofp/libc_nano.a
LOAD /home/bnuy/.mcuxpressotools/arm-gnu-toolchain-14.2.rel1-x86_64-arm-none-eabi/bin/../lib/gcc/arm-none-eabi/14.2.1/thumb/v8-m.main/nofp/libgcc.a
LOAD /home/bnuy/.mcuxpressotools/arm-gnu-toolchain-14.2.rel1-x86_64-arm-none-eabi/bin/../lib/gcc/arm-none-eabi/14.2.1/../../../../arm-none-eabi/lib/thumb/v8-m.main/nofp/libnosys.a
END GROUP
START GROUP
LOAD /home/bnuy/.mcuxpressotools/arm-gnu-toolchain-14.2.rel1-x86_64-arm-none-eabi/bin/../lib/gcc/arm-none-eabi/14.2.1/thumb/v8-m.main/nofp/libgcc.a
LOAD /home/bnuy/.mcuxpressotools/arm-gnu-toolchain-14.2.rel1-x86_64-arm-none-eabi/bin/../lib/gcc/arm-none-eabi/14.2.1/../../../../arm-none-eabi/lib/thumb/v8-m.main/nofp/libg_nano.a
LOAD /home/bnuy/.mcuxpressotools/arm-gnu-toolchain-14.2.rel1-x86_64-arm-none-eabi/bin/../lib/gcc/arm-none-eabi/14.2.1/../../../../arm-none-eabi/lib/thumb/v8-m.main/nofp/libc_nano.a
END GROUP
START GROUP
LOAD /home/bnuy/.mcuxpressotools/arm-gnu-toolchain-14.2.rel1-x86_64-arm-none-eabi/bin/../lib/gcc/arm-none-eabi/14.2.1/thumb/v8-m.main/nofp/libgcc.a
LOAD /home/bnuy/.mcuxpressotools/arm-gnu-toolchain-14.2.rel1-x86_64-arm-none-eabi/bin/../lib/gcc/arm-none-eabi/14.2.1/../../../../arm-none-eabi/lib/thumb/v8-m.main/nofp/libc_nano.a
LOAD /home/bnuy/.mcuxpressotools/arm-gnu-toolchain-14.2.rel1-x86_64-arm-none-eabi/bin/../lib/gcc/arm-none-eabi/14.2.1/../../../../arm-none-eabi/lib/thumb/v8-m.main/nofp/libnosys.a
END GROUP
START GROUP
LOAD /home/bnuy/.mcuxpressotools/arm-gnu-toolchain-14.2.rel1-x86_64-arm-none-eabi/bin/../lib/gcc/arm-none-eabi/14.2.1/thumb/v8-m.main/nofp/libgcc.a
LOAD /home/bnuy/.mcuxpressotools/arm-gnu-toolchain-14.2.rel1-x86_64-arm-none-eabi/bin/../lib/gcc/arm-none-eabi/14.2.1/../../../../arm-none-eabi/lib/thumb/v8-m.main/nofp/libc_nano.a
LOAD /home/bnuy/.mcuxpressotools/arm-gnu-toolchain-14.2.rel1-x86_64-arm-none-eabi/bin/../lib/gcc/arm-none-eabi/14.2.1/../../../../arm-none-eabi/lib/thumb/v8-m.main/nofp/libnosys.a
END GROUP
LOAD /home/bnuy/.mcuxpressotools/arm-gnu-toolchain-14.2.rel1-x86_64-arm-none-eabi/bin/../lib/gcc/arm-none-eabi/14.2.1/thumb/v8-m.main/nofp/crtend.o
LOAD /home/bnuy/.mcuxpressotools/arm-gnu-toolchain-14.2.rel1-x86_64-arm-none-eabi/bin/../lib/gcc/arm-none-eabi/14.2.1/thumb/v8-m.main/nofp/crtn.o
                0x00000400                        HEAP_SIZE = DEFINED (__heap_size__)?__heap_size__:0x400
                0x00000800                        STACK_SIZE = DEFINED (__stack_size__)?__stack_size__:0x800

.interrupts     0x00000000      0x180
                0x00000000                        . = ALIGN (0x4)
 *(.isr_vector)
 .isr_vector    0x00000000      0x180 CMakeFiles/UART-test_MCXA153.dir/home/bnuy/Desktop/mcusdk/mcuxsdk/mcuxsdk/devices/MCX/MCXA/MCXA153/gcc/startup_MCXA153.S.obj
                0x00000000                __Vectors
                0x00000180                        . = ALIGN (0x4)

.text           0x00000200     0x4910
                0x00000200                        . = ALIGN (0x4)
 *(.text)
 .text          0x00000200       0x7c /home/bnuy/.mcuxpressotools/arm-gnu-toolchain-14.2.rel1-x86_64-arm-none-eabi/bin/../lib/gcc/arm-none-eabi/14.2.1/../../../../arm-none-eabi/lib/thumb/v8-m.main/nofp/crt0.o
                0x00000200                _stack_init
                0x00000208                _mainCRTStartup
                0x00000208                _start
 .text          0x0000027c      0x340 CMakeFiles/UART-test_MCXA153.dir/home/bnuy/Desktop/mcusdk/mcuxsdk/mcuxsdk/devices/MCX/MCXA/MCXA153/gcc/startup_MCXA153.S.obj
                0x0000027c                Reset_Handler
                0x00000310                GLIKEY0_DriverIRQHandler
                0x00000310                CMC_DriverIRQHandler
                0x00000310                WUU0_DriverIRQHandler
                0x00000310                DebugMon_Handler
                0x00000310                Reserved33_DriverIRQHandler
                0x00000310                I3C0_DriverIRQHandler
                0x00000310                Reserved39_DriverIRQHandler
                0x00000310                WAKETIMER0_DriverIRQHandler
                0x00000310                MBC0_DriverIRQHandler
                0x00000310                LPTMR0_DriverIRQHandler
                0x00000310                FLEXPWM0_SUBMODULE1_DriverIRQHandler
                0x00000310                LPI2C0_DriverIRQHandler
                0x00000310                FLEXPWM0_RELOAD_ERROR_DriverIRQHandler
                0x00000310                QDC0_HOME_DriverIRQHandler
                0x00000310                Reserved82_DriverIRQHandler
                0x00000310                QDC0_WATCHDOG_DriverIRQHandler
                0x00000310                ERM0_MULTI_BIT_DriverIRQHandler
                0x00000310                Reserved36_DriverIRQHandler
                0x00000310                CTIMER2_DriverIRQHandler
                0x00000310                UsageFault_Handler
                0x00000310                CMP1_DriverIRQHandler
                0x00000310                DefaultISR
                0x00000310                USB0_DriverIRQHandler
                0x00000310                QDC0_INDEX_DriverIRQHandler
                0x00000310                UTICK0_DriverIRQHandler
                0x00000310                Reserved41_DriverIRQHandler
                0x00000310                FLEXPWM0_SUBMODULE2_DriverIRQHandler
                0x00000310                WWDT0_DriverIRQHandler
                0x00000310                Reserved84_DriverIRQHandler
                0x00000310                FLEXPWM0_FAULT_DriverIRQHandler
                0x00000310                GPIO0_DriverIRQHandler
                0x00000310                Reserved38_DriverIRQHandler
                0x00000310                FREQME0_DriverIRQHandler
                0x00000310                Reserved22_DriverIRQHandler
                0x00000310                Reserved53_DriverIRQHandler
                0x00000310                Reserved35_DriverIRQHandler
                0x00000310                CTIMER0_DriverIRQHandler
                0x00000310                Reserved79_DriverIRQHandler
                0x00000310                Reserved91_DriverIRQHandler
                0x00000310                Reserved24_DriverIRQHandler
                0x00000310                CTIMER1_DriverIRQHandler
                0x00000310                QDC0_COMPARE_DriverIRQHandler
                0x00000310                SecureFault_Handler
                0x00000310                Reserved92_DriverIRQHandler
                0x00000310                Reserved95_DriverIRQHandler
                0x00000310                LPSPI0_DriverIRQHandler
                0x00000310                DMA_CH3_DriverIRQHandler
                0x00000310                Reserved83_DriverIRQHandler
                0x00000310                Reserved72_DriverIRQHandler
                0x00000310                Reserved23_DriverIRQHandler
                0x00000310                Reserved93_DriverIRQHandler
                0x00000310                Reserved65_DriverIRQHandler
                0x00000310                ERM0_SINGLE_BIT_DriverIRQHandler
                0x00000310                DMA_CH2_DriverIRQHandler
                0x00000310                MemManage_Handler
                0x00000310                Reserved51_DriverIRQHandler
                0x00000310                Reserved25_DriverIRQHandler
                0x00000310                Reserved94_DriverIRQHandler
                0x00000310                FMU0_DriverIRQHandler
                0x00000310                LPSPI1_DriverIRQHandler
                0x00000310                Reserved77_DriverIRQHandler
                0x00000310                Reserved16_DriverIRQHandler
                0x00000310                GPIO2_DriverIRQHandler
                0x00000310                Reserved85_DriverIRQHandler
                0x00000310                ADC0_DriverIRQHandler
                0x00000310                CMP0_DriverIRQHandler
                0x00000310                CDOG0_DriverIRQHandler
                0x00000310                Reserved59_DriverIRQHandler
                0x00000310                DMA_CH0_DriverIRQHandler
                0x00000310                Reserved58_DriverIRQHandler
                0x00000310                DMA_CH1_DriverIRQHandler
                0x00000310                SPC0_DriverIRQHandler
                0x00000310                BusFault_Handler
                0x00000310                Reserved43_DriverIRQHandler
                0x00000310                Reserved46_DriverIRQHandler
                0x00000310                Reserved37_DriverIRQHandler
                0x00000310                Reserved86_DriverIRQHandler
                0x00000310                GPIO1_DriverIRQHandler
                0x00000310                FLEXPWM0_SUBMODULE0_DriverIRQHandler
                0x00000310                Reserved50_DriverIRQHandler
                0x00000310                OS_EVENT_DriverIRQHandler
                0x00000310                SCG0_DriverIRQHandler
                0x00000310                GPIO3_DriverIRQHandler
                0x00000314                NMI_Handler
                0x00000318                HardFault_Handler
                0x0000031c                SVC_Handler
                0x00000320                PendSV_Handler
                0x00000324                SysTick_Handler
                0x00000328                Reserved16_IRQHandler
                0x0000032c                CMC_IRQHandler
                0x00000330                DMA_CH0_IRQHandler
                0x00000334                DMA_CH1_IRQHandler
                0x00000338                DMA_CH2_IRQHandler
                0x0000033c                DMA_CH3_IRQHandler
                0x00000340                Reserved22_IRQHandler
                0x00000344                Reserved23_IRQHandler
                0x00000348                Reserved24_IRQHandler
                0x0000034c                Reserved25_IRQHandler
                0x00000350                ERM0_SINGLE_BIT_IRQHandler
                0x00000354                ERM0_MULTI_BIT_IRQHandler
                0x00000358                FMU0_IRQHandler
                0x0000035c                GLIKEY0_IRQHandler
                0x00000360                MBC0_IRQHandler
                0x00000364                SCG0_IRQHandler
                0x00000368                SPC0_IRQHandler
                0x0000036c                Reserved33_IRQHandler
                0x00000370                WUU0_IRQHandler
                0x00000374                Reserved35_IRQHandler
                0x00000378                Reserved36_IRQHandler
                0x0000037c                Reserved37_IRQHandler
                0x00000380                Reserved38_IRQHandler
                0x00000384                Reserved39_IRQHandler
                0x00000388                I3C0_IRQHandler
                0x0000038c                Reserved41_IRQHandler
                0x00000390                LPI2C0_IRQHandler
                0x00000394                Reserved43_IRQHandler
                0x00000398                LPSPI0_IRQHandler
                0x0000039c                LPSPI1_IRQHandler
                0x000003a0                Reserved46_IRQHandler
                0x000003a4                LPUART0_IRQHandler
                0x000003a8                LPUART1_IRQHandler
                0x000003ac                LPUART2_IRQHandler
                0x000003b0                Reserved50_IRQHandler
                0x000003b4                Reserved51_IRQHandler
                0x000003b8                USB0_IRQHandler
                0x000003bc                Reserved53_IRQHandler
                0x000003c0                CDOG0_IRQHandler
                0x000003c4                CTIMER0_IRQHandler
                0x000003c8                CTIMER1_IRQHandler
                0x000003cc                CTIMER2_IRQHandler
                0x000003d0                Reserved58_IRQHandler
                0x000003d4                Reserved59_IRQHandler
                0x000003d8                FLEXPWM0_RELOAD_ERROR_IRQHandler
                0x000003dc                FLEXPWM0_FAULT_IRQHandler
                0x000003e0                FLEXPWM0_SUBMODULE0_IRQHandler
                0x000003e4                FLEXPWM0_SUBMODULE1_IRQHandler
                0x000003e8                FLEXPWM0_SUBMODULE2_IRQHandler
                0x000003ec                Reserved65_IRQHandler
                0x000003f0                QDC0_COMPARE_IRQHandler
                0x000003f4                QDC0_HOME_IRQHandler
                0x000003f8                QDC0_WATCHDOG_IRQHandler
                0x000003fc                QDC0_INDEX_IRQHandler
                0x00000400                FREQME0_IRQHandler
                0x00000404                LPTMR0_IRQHandler
                0x00000408                Reserved72_IRQHandler
                0x0000040c                OS_EVENT_IRQHandler
                0x00000410                WAKETIMER0_IRQHandler
                0x00000414                UTICK0_IRQHandler
                0x00000418                WWDT0_IRQHandler
                0x0000041c                Reserved77_IRQHandler
                0x00000420                ADC0_IRQHandler
                0x00000424                Reserved79_IRQHandler
                0x00000428                CMP0_IRQHandler
                0x0000042c                CMP1_IRQHandler
                0x00000430                Reserved82_IRQHandler
                0x00000434                Reserved83_IRQHandler
                0x00000438                Reserved84_IRQHandler
                0x0000043c                Reserved85_IRQHandler
                0x00000440                Reserved86_IRQHandler
                0x00000444                GPIO0_IRQHandler
                0x00000448                GPIO1_IRQHandler
                0x0000044c                GPIO2_IRQHandler
                0x00000450                GPIO3_IRQHandler
                0x00000454                Reserved91_IRQHandler
                0x00000458                Reserved92_IRQHandler
                0x0000045c                Reserved93_IRQHandler
                0x00000460                Reserved94_IRQHandler
                0x00000464                Reserved95_IRQHandler
 .text          0x000005bc       0x10 /home/bnuy/.mcuxpressotools/arm-gnu-toolchain-14.2.rel1-x86_64-arm-none-eabi/bin/../lib/gcc/arm-none-eabi/14.2.1/../../../../arm-none-eabi/lib/thumb/v8-m.main/nofp/libc_nano.a(libc_a-strlen.o)
                0x000005bc                strlen
 *(.text*)
 .text.deregister_tm_clones
                0x000005cc       0x1c /home/bnuy/.mcuxpressotools/arm-gnu-toolchain-14.2.rel1-x86_64-arm-none-eabi/bin/../lib/gcc/arm-none-eabi/14.2.1/thumb/v8-m.main/nofp/crtbegin.o
 .text.register_tm_clones
                0x000005e8       0x28 /home/bnuy/.mcuxpressotools/arm-gnu-toolchain-14.2.rel1-x86_64-arm-none-eabi/bin/../lib/gcc/arm-none-eabi/14.2.1/thumb/v8-m.main/nofp/crtbegin.o
 .text.__do_global_dtors_aux
                0x00000610       0x28 /home/bnuy/.mcuxpressotools/arm-gnu-toolchain-14.2.rel1-x86_64-arm-none-eabi/bin/../lib/gcc/arm-none-eabi/14.2.1/thumb/v8-m.main/nofp/crtbegin.o
 .text.frame_dummy
                0x00000638       0x24 /home/bnuy/.mcuxpressotools/arm-gnu-toolchain-14.2.rel1-x86_64-arm-none-eabi/bin/../lib/gcc/arm-none-eabi/14.2.1/thumb/v8-m.main/nofp/crtbegin.o
 .text.SystemInit
                0x0000065c      0x168 CMakeFiles/UART-test_MCXA153.dir/home/bnuy/Desktop/mcusdk/mcuxsdk/mcuxsdk/devices/MCX/MCXA/MCXA153/system_MCXA153.c.obj
                0x0000065c                SystemInit
 .text.SystemInitHook
                0x000007c4        0xc CMakeFiles/UART-test_MCXA153.dir/home/bnuy/Desktop/mcusdk/mcuxsdk/mcuxsdk/devices/MCX/MCXA/MCXA153/system_MCXA153.c.obj
                0x000007c4                SystemInitHook
 .text.CLOCK_IsDivHalt
                0x000007d0       0x22 CMakeFiles/UART-test_MCXA153.dir/home/bnuy/Desktop/mcusdk/mcuxsdk/mcuxsdk/devices/MCX/MCXA/MCXA153/drivers/fsl_clock.c.obj
 .text.CLOCK_AttachClk
                0x000007f2       0x30 CMakeFiles/UART-test_MCXA153.dir/home/bnuy/Desktop/mcusdk/mcuxsdk/mcuxsdk/devices/MCX/MCXA/MCXA153/drivers/fsl_clock.c.obj
                0x000007f2                CLOCK_AttachClk
 *fill*         0x00000822        0x2 
 .text.CLOCK_SetClockSelect
                0x00000824       0xa4 CMakeFiles/UART-test_MCXA153.dir/home/bnuy/Desktop/mcusdk/mcuxsdk/mcuxsdk/devices/MCX/MCXA/MCXA153/drivers/fsl_clock.c.obj
                0x00000824                CLOCK_SetClockSelect
 .text.CLOCK_SetClockDiv
                0x000008c8       0xe0 CMakeFiles/UART-test_MCXA153.dir/home/bnuy/Desktop/mcusdk/mcuxsdk/mcuxsdk/devices/MCX/MCXA/MCXA153/drivers/fsl_clock.c.obj
                0x000008c8                CLOCK_SetClockDiv
 .text.CLOCK_SetupFROHFClocking
                0x000009a8       0xf4 CMakeFiles/UART-test_MCXA153.dir/home/bnuy/Desktop/mcusdk/mcuxsdk/mcuxsdk/devices/MCX/MCXA/MCXA153/drivers/fsl_clock.c.obj
                0x000009a8                CLOCK_SetupFROHFClocking
 .text.CLOCK_SetupFRO12MClocking
                0x00000a9c       0x54 CMakeFiles/UART-test_MCXA153.dir/home/bnuy/Desktop/mcusdk/mcuxsdk/mcuxsdk/devices/MCX/MCXA/MCXA153/drivers/fsl_clock.c.obj
                0x00000a9c                CLOCK_SetupFRO12MClocking
 .text.CLOCK_GetFro12MFreq
                0x00000af0       0x28 CMakeFiles/UART-test_MCXA153.dir/home/bnuy/Desktop/mcusdk/mcuxsdk/mcuxsdk/devices/MCX/MCXA/MCXA153/drivers/fsl_clock.c.obj
 .text.CLOCK_GetClk1MFreq
                0x00000b18       0x14 CMakeFiles/UART-test_MCXA153.dir/home/bnuy/Desktop/mcusdk/mcuxsdk/mcuxsdk/devices/MCX/MCXA/MCXA153/drivers/fsl_clock.c.obj
 .text.CLOCK_GetFroHfFreq
                0x00000b2c       0x9c CMakeFiles/UART-test_MCXA153.dir/home/bnuy/Desktop/mcusdk/mcuxsdk/mcuxsdk/devices/MCX/MCXA/MCXA153/drivers/fsl_clock.c.obj
 .text.CLOCK_GetClk16KFreq
                0x00000bc8       0x48 CMakeFiles/UART-test_MCXA153.dir/home/bnuy/Desktop/mcusdk/mcuxsdk/mcuxsdk/devices/MCX/MCXA/MCXA153/drivers/fsl_clock.c.obj
 .text.CLOCK_GetExtClkFreq
                0x00000c10       0x2c CMakeFiles/UART-test_MCXA153.dir/home/bnuy/Desktop/mcusdk/mcuxsdk/mcuxsdk/devices/MCX/MCXA/MCXA153/drivers/fsl_clock.c.obj
 .text.CLOCK_GetMainClk
                0x00000c3c       0x68 CMakeFiles/UART-test_MCXA153.dir/home/bnuy/Desktop/mcusdk/mcuxsdk/mcuxsdk/devices/MCX/MCXA/MCXA153/drivers/fsl_clock.c.obj
                0x00000c3c                CLOCK_GetMainClk
 .text.CLOCK_GetCoreSysClkFreq
                0x00000ca4       0x20 CMakeFiles/UART-test_MCXA153.dir/home/bnuy/Desktop/mcusdk/mcuxsdk/mcuxsdk/devices/MCX/MCXA/MCXA153/drivers/fsl_clock.c.obj
                0x00000ca4                CLOCK_GetCoreSysClkFreq
 .text.CLOCK_GetLpuartClkFreq
                0x00000cc4       0xe4 CMakeFiles/UART-test_MCXA153.dir/home/bnuy/Desktop/mcusdk/mcuxsdk/mcuxsdk/devices/MCX/MCXA/MCXA153/drivers/fsl_clock.c.obj
                0x00000cc4                CLOCK_GetLpuartClkFreq
 .text.RESET_SetPeripheralReset
                0x00000da8       0xc8 CMakeFiles/UART-test_MCXA153.dir/home/bnuy/Desktop/mcusdk/mcuxsdk/mcuxsdk/devices/MCX/MCXA/MCXA153/drivers/fsl_reset.c.obj
                0x00000da8                RESET_SetPeripheralReset
 .text.RESET_ClearPeripheralReset
                0x00000e70       0xa8 CMakeFiles/UART-test_MCXA153.dir/home/bnuy/Desktop/mcusdk/mcuxsdk/mcuxsdk/devices/MCX/MCXA/MCXA153/drivers/fsl_reset.c.obj
                0x00000e70                RESET_ClearPeripheralReset
 .text.RESET_PeripheralReset
                0x00000f18       0x22 CMakeFiles/UART-test_MCXA153.dir/home/bnuy/Desktop/mcusdk/mcuxsdk/mcuxsdk/devices/MCX/MCXA/MCXA153/drivers/fsl_reset.c.obj
                0x00000f18                RESET_PeripheralReset
 *fill*         0x00000f3a        0x2 
 .text.CLOCK_EnableClock
                0x00000f3c       0x88 CMakeFiles/UART-test_MCXA153.dir/home/bnuy/Desktop/mcusdk/mcuxsdk/mcuxsdk/drivers/lpuart/fsl_lpuart.c.obj
 .text.RESET_ReleasePeripheralReset
                0x00000fc4       0x1a CMakeFiles/UART-test_MCXA153.dir/home/bnuy/Desktop/mcusdk/mcuxsdk/mcuxsdk/drivers/lpuart/fsl_lpuart.c.obj
 .text.LPUART_SoftwareReset
                0x00000fde       0x2a CMakeFiles/UART-test_MCXA153.dir/home/bnuy/Desktop/mcusdk/mcuxsdk/mcuxsdk/drivers/lpuart/fsl_lpuart.c.obj
 .text.LPUART_GetInstance
                0x00001008       0x60 CMakeFiles/UART-test_MCXA153.dir/home/bnuy/Desktop/mcusdk/mcuxsdk/mcuxsdk/drivers/lpuart/fsl_lpuart.c.obj
                0x00001008                LPUART_GetInstance
 .text.LPUART_Init
                0x00001068      0x400 CMakeFiles/UART-test_MCXA153.dir/home/bnuy/Desktop/mcusdk/mcuxsdk/mcuxsdk/drivers/lpuart/fsl_lpuart.c.obj
                0x00001068                LPUART_Init
 .text.LPUART_GetDefaultConfig
                0x00001468       0xb0 CMakeFiles/UART-test_MCXA153.dir/home/bnuy/Desktop/mcusdk/mcuxsdk/mcuxsdk/drivers/lpuart/fsl_lpuart.c.obj
                0x00001468                LPUART_GetDefaultConfig
 .text.LPUART_GetStatusFlags
                0x00001518       0x38 CMakeFiles/UART-test_MCXA153.dir/home/bnuy/Desktop/mcusdk/mcuxsdk/mcuxsdk/drivers/lpuart/fsl_lpuart.c.obj
                0x00001518                LPUART_GetStatusFlags
 .text.LPUART_ClearStatusFlags
                0x00001550       0x7c CMakeFiles/UART-test_MCXA153.dir/home/bnuy/Desktop/mcusdk/mcuxsdk/mcuxsdk/drivers/lpuart/fsl_lpuart.c.obj
                0x00001550                LPUART_ClearStatusFlags
 .text.LPUART_WriteBlocking
                0x000015cc       0x78 CMakeFiles/UART-test_MCXA153.dir/home/bnuy/Desktop/mcusdk/mcuxsdk/mcuxsdk/drivers/lpuart/fsl_lpuart.c.obj
                0x000015cc                LPUART_WriteBlocking
 .text.LPUART_WaitForReadData
                0x00001644       0xd0 CMakeFiles/UART-test_MCXA153.dir/home/bnuy/Desktop/mcusdk/mcuxsdk/mcuxsdk/drivers/lpuart/fsl_lpuart.c.obj
 .text.LPUART_ReadBlocking
                0x00001714       0xc0 CMakeFiles/UART-test_MCXA153.dir/home/bnuy/Desktop/mcusdk/mcuxsdk/mcuxsdk/drivers/lpuart/fsl_lpuart.c.obj
                0x00001714                LPUART_ReadBlocking
 .text.LPUART0_DriverIRQHandler
                0x000017d4       0x24 CMakeFiles/UART-test_MCXA153.dir/home/bnuy/Desktop/mcusdk/mcuxsdk/mcuxsdk/drivers/lpuart/fsl_lpuart.c.obj
                0x000017d4                LPUART0_DriverIRQHandler
 .text.LPUART1_DriverIRQHandler
                0x000017f8       0x24 CMakeFiles/UART-test_MCXA153.dir/home/bnuy/Desktop/mcusdk/mcuxsdk/mcuxsdk/drivers/lpuart/fsl_lpuart.c.obj
                0x000017f8                LPUART1_DriverIRQHandler
 .text.LPUART2_DriverIRQHandler
                0x0000181c       0x24 CMakeFiles/UART-test_MCXA153.dir/home/bnuy/Desktop/mcusdk/mcuxsdk/mcuxsdk/drivers/lpuart/fsl_lpuart.c.obj
                0x0000181c                LPUART2_DriverIRQHandler
 .text.SPC_GetActiveModeBandgapMode
                0x00001840       0x20 CMakeFiles/UART-test_MCXA153.dir/home/bnuy/Desktop/mcusdk/mcuxsdk/mcuxsdk/drivers/mcx_spc/fsl_spc.c.obj
 .text.SPC_GetActiveModeVoltageDetectStatus
                0x00001860       0x20 CMakeFiles/UART-test_MCXA153.dir/home/bnuy/Desktop/mcusdk/mcuxsdk/mcuxsdk/drivers/mcx_spc/fsl_spc.c.obj
 .text.SPC_GetActiveModeCoreLDOVDDVoltageLevel
                0x00001880       0x20 CMakeFiles/UART-test_MCXA153.dir/home/bnuy/Desktop/mcusdk/mcuxsdk/mcuxsdk/drivers/mcx_spc/fsl_spc.c.obj
 .text.SPC_GetActiveModeCoreLDODriveStrength
                0x000018a0       0x20 CMakeFiles/UART-test_MCXA153.dir/home/bnuy/Desktop/mcusdk/mcuxsdk/mcuxsdk/drivers/mcx_spc/fsl_spc.c.obj
 .text.SPC_SetSRAMOperateVoltage
                0x000018c0       0x68 CMakeFiles/UART-test_MCXA153.dir/home/bnuy/Desktop/mcusdk/mcuxsdk/mcuxsdk/drivers/mcx_spc/fsl_spc.c.obj
                0x000018c0                SPC_SetSRAMOperateVoltage
 .text.SPC_SetActiveModeCoreLDORegulatorConfig
                0x00001928       0x94 CMakeFiles/UART-test_MCXA153.dir/home/bnuy/Desktop/mcusdk/mcuxsdk/mcuxsdk/drivers/mcx_spc/fsl_spc.c.obj
                0x00001928                SPC_SetActiveModeCoreLDORegulatorConfig
 .text.SPC_SetActiveModeCoreLDORegulatorVoltageLevel
                0x000019bc       0x60 CMakeFiles/UART-test_MCXA153.dir/home/bnuy/Desktop/mcusdk/mcuxsdk/mcuxsdk/drivers/mcx_spc/fsl_spc.c.obj
                0x000019bc                SPC_SetActiveModeCoreLDORegulatorVoltageLevel
 .text.SPC_SetActiveModeCoreLDORegulatorDriveStrength
                0x00001a1c       0x5e CMakeFiles/UART-test_MCXA153.dir/home/bnuy/Desktop/mcusdk/mcuxsdk/mcuxsdk/drivers/mcx_spc/fsl_spc.c.obj
                0x00001a1c                SPC_SetActiveModeCoreLDORegulatorDriveStrength
 .text.fsl_assert_hook
                0x00001a7a       0x18 CMakeFiles/UART-test_MCXA153.dir/home/bnuy/Desktop/mcusdk/mcuxsdk/mcuxsdk/components/assert/fsl_assert.c.obj
                0x00001a7a                fsl_assert_hook
 *fill*         0x00001a92        0x2 
 .text.__assert_func
                0x00001a94       0x40 CMakeFiles/UART-test_MCXA153.dir/home/bnuy/Desktop/mcusdk/mcuxsdk/mcuxsdk/components/assert/fsl_assert.c.obj
                0x00001a94                __assert_func
 .text.DbgConsole_Init
                0x00001ad4       0x88 CMakeFiles/UART-test_MCXA153.dir/home/bnuy/Desktop/mcusdk/mcuxsdk/mcuxsdk/components/debug_console_lite/fsl_debug_console.c.obj
                0x00001ad4                DbgConsole_Init
 .text.DbgConsole_Printf
                0x00001b5c       0x2c CMakeFiles/UART-test_MCXA153.dir/home/bnuy/Desktop/mcusdk/mcuxsdk/mcuxsdk/components/debug_console_lite/fsl_debug_console.c.obj
                0x00001b5c                DbgConsole_Printf
 .text.DbgConsole_Vprintf
                0x00001b88       0x3c CMakeFiles/UART-test_MCXA153.dir/home/bnuy/Desktop/mcusdk/mcuxsdk/mcuxsdk/components/debug_console_lite/fsl_debug_console.c.obj
                0x00001b88                DbgConsole_Vprintf
 .text.DbgConsole_Putchar
                0x00001bc4       0x30 CMakeFiles/UART-test_MCXA153.dir/home/bnuy/Desktop/mcusdk/mcuxsdk/mcuxsdk/components/debug_console_lite/fsl_debug_console.c.obj
                0x00001bc4                DbgConsole_Putchar
 .text.DbgConsole_PrintfPaddingCharacter
                0x00001bf4       0x40 CMakeFiles/UART-test_MCXA153.dir/home/bnuy/Desktop/mcusdk/mcuxsdk/mcuxsdk/components/debug_console_lite/fsl_debug_console.c.obj
 .text.DbgConsole_ConvertRadixNumToString
                0x00001c34       0xc0 CMakeFiles/UART-test_MCXA153.dir/home/bnuy/Desktop/mcusdk/mcuxsdk/mcuxsdk/components/debug_console_lite/fsl_debug_console.c.obj
 .text.DbgConsole_PrintfFormattedData
                0x00001cf4      0x3e0 CMakeFiles/UART-test_MCXA153.dir/home/bnuy/Desktop/mcusdk/mcuxsdk/mcuxsdk/components/debug_console_lite/fsl_debug_console.c.obj
 .text._sbrk    0x000020d4       0x68 CMakeFiles/UART-test_MCXA153.dir/home/bnuy/Desktop/mcusdk/mcuxsdk/mcuxsdk/components/misc_utilities/fsl_sbrk.c.obj
                0x000020d4                _sbrk
 .text.memcpy   0x0000213c       0xa0 CMakeFiles/UART-test_MCXA153.dir/home/bnuy/Desktop/mcusdk/mcuxsdk/mcuxsdk/components/misc_utilities/fsl_memcpy.S.obj
                0x0000213c                memcpy
                0x0000213c                __aeabi_memcpy
                0x0000213c                __aeabi_memcpy4
                0x0000213c                __aeabi_memcpy8
 .text.memset   0x000021dc       0x68 CMakeFiles/UART-test_MCXA153.dir/home/bnuy/Desktop/mcusdk/mcuxsdk/mcuxsdk/components/misc_utilities/fsl_memset.S.obj
                0x000021dc                memset
                0x00002230                __aeabi_memset
                0x00002230                __aeabi_memset8
                0x00002230                __aeabi_memset4
                0x0000223c                __aeabi_memclr8
                0x0000223c                __aeabi_memclr
                0x0000223c                __aeabi_memclr4
 .text.HAL_UartGetStatus
                0x00002244       0x26 CMakeFiles/UART-test_MCXA153.dir/home/bnuy/Desktop/mcusdk/mcuxsdk/mcuxsdk/components/uart/fsl_adapter_lpuart.c.obj
 *fill*         0x0000226a        0x2 
 .text.HAL_UartInitCommon
                0x0000226c       0xe0 CMakeFiles/UART-test_MCXA153.dir/home/bnuy/Desktop/mcusdk/mcuxsdk/mcuxsdk/components/uart/fsl_adapter_lpuart.c.obj
 .text.HAL_UartInit
                0x0000234c       0xac CMakeFiles/UART-test_MCXA153.dir/home/bnuy/Desktop/mcusdk/mcuxsdk/mcuxsdk/components/uart/fsl_adapter_lpuart.c.obj
                0x0000234c                HAL_UartInit
 .text.HAL_UartReceiveBlocking
                0x000023f8       0x8c CMakeFiles/UART-test_MCXA153.dir/home/bnuy/Desktop/mcusdk/mcuxsdk/mcuxsdk/components/uart/fsl_adapter_lpuart.c.obj
                0x000023f8                HAL_UartReceiveBlocking
 .text.HAL_UartSendBlocking
                0x00002484       0x84 CMakeFiles/UART-test_MCXA153.dir/home/bnuy/Desktop/mcusdk/mcuxsdk/mcuxsdk/components/uart/fsl_adapter_lpuart.c.obj
                0x00002484                HAL_UartSendBlocking
 .text.BOARD_InitDebugConsole
                0x00002508       0x30 CMakeFiles/UART-test_MCXA153.dir/frdmmcxa153/frdmmcxa153/board.c.obj
                0x00002508                BOARD_InitDebugConsole
 .text.BOARD_InitBootClocks
                0x00002538        0xc CMakeFiles/UART-test_MCXA153.dir/frdmmcxa153/frdmmcxa153/clock_config.c.obj
                0x00002538                BOARD_InitBootClocks
 .text.BOARD_BootClockFRO96M
                0x00002544       0xd0 CMakeFiles/UART-test_MCXA153.dir/frdmmcxa153/frdmmcxa153/clock_config.c.obj
                0x00002544                BOARD_BootClockFRO96M
 .text.CLOCK_EnableClock
                0x00002614       0x88 CMakeFiles/UART-test_MCXA153.dir/frdmmcxa153/hello_world/pin_mux.c.obj
 .text.RESET_ReleasePeripheralReset
                0x0000269c       0x1a CMakeFiles/UART-test_MCXA153.dir/frdmmcxa153/hello_world/pin_mux.c.obj
 *fill*         0x000026b6        0x2 
 .text.PORT_SetPinConfig
                0x000026b8       0x48 CMakeFiles/UART-test_MCXA153.dir/frdmmcxa153/hello_world/pin_mux.c.obj
 .text.BOARD_InitPins
                0x00002700       0x78 CMakeFiles/UART-test_MCXA153.dir/frdmmcxa153/hello_world/pin_mux.c.obj
                0x00002700                BOARD_InitPins
 .text.BOARD_InitHardware
                0x00002778       0x14 CMakeFiles/UART-test_MCXA153.dir/frdmmcxa153/hello_world/hardware_init.c.obj
                0x00002778                BOARD_InitHardware
 .text.CLOCK_EnableClock
                0x0000278c       0x88 CMakeFiles/UART-test_MCXA153.dir/hello_world.c.obj
 .text.RESET_ReleasePeripheralReset
                0x00002814       0x1a CMakeFiles/UART-test_MCXA153.dir/hello_world.c.obj
 .text.LPUART_ReadByte
                0x0000282e       0x6c CMakeFiles/UART-test_MCXA153.dir/hello_world.c.obj
 .text.PORT_SetPinMux
                0x0000289a       0x3c CMakeFiles/UART-test_MCXA153.dir/hello_world.c.obj
 *fill*         0x000028d6        0x2 
 .text.Init_LPUART2_Peripheral
                0x000028d8       0xa4 CMakeFiles/UART-test_MCXA153.dir/hello_world.c.obj
 .text.LPUART2_SendString
                0x0000297c       0x28 CMakeFiles/UART-test_MCXA153.dir/hello_world.c.obj
 .text.LPUART2_ReceiveLine
                0x000029a4       0xbc CMakeFiles/UART-test_MCXA153.dir/hello_world.c.obj
 .text.ParseJsonIntField
                0x00002a60       0x80 CMakeFiles/UART-test_MCXA153.dir/hello_world.c.obj
 .text.main     0x00002ae0      0x180 CMakeFiles/UART-test_MCXA153.dir/hello_world.c.obj
                0x00002ae0                main
 .text.exit     0x00002c60       0x24 /home/bnuy/.mcuxpressotools/arm-gnu-toolchain-14.2.rel1-x86_64-arm-none-eabi/bin/../lib/gcc/arm-none-eabi/14.2.1/../../../../arm-none-eabi/lib/thumb/v8-m.main/nofp/libc_nano.a(libc_a-exit.o)
                0x00002c60                exit
 .text.sbrk_aligned
                0x00002c84       0x44 /home/bnuy/.mcuxpressotools/arm-gnu-toolchain-14.2.rel1-x86_64-arm-none-eabi/bin/../lib/gcc/arm-none-eabi/14.2.1/../../../../arm-none-eabi/lib/thumb/v8-m.main/nofp/libc_nano.a(libc_a-mallocr.o)
 .text._malloc_r
                0x00002cc8      0x100 /home/bnuy/.mcuxpressotools/arm-gnu-toolchain-14.2.rel1-x86_64-arm-none-eabi/bin/../lib/gcc/arm-none-eabi/14.2.1/../../../../arm-none-eabi/lib/thumb/v8-m.main/nofp/libc_nano.a(libc_a-mallocr.o)
                0x00002cc8                _malloc_r
 .text.__malloc_lock
                0x00002dc8        0xc /home/bnuy/.mcuxpressotools/arm-gnu-toolchain-14.2.rel1-x86_64-arm-none-eabi/bin/../lib/gcc/arm-none-eabi/14.2.1/../../../../arm-none-eabi/lib/thumb/v8-m.main/nofp/libc_nano.a(libc_a-mlock.o)
                0x00002dc8                __malloc_lock
 .text.__malloc_unlock
                0x00002dd4        0xc /home/bnuy/.mcuxpressotools/arm-gnu-toolchain-14.2.rel1-x86_64-arm-none-eabi/bin/../lib/gcc/arm-none-eabi/14.2.1/../../../../arm-none-eabi/lib/thumb/v8-m.main/nofp/libc_nano.a(libc_a-mlock.o)
                0x00002dd4                __malloc_unlock
 .text._strtoul_l.isra.0
                0x00002de0       0xdc /home/bnuy/.mcuxpressotools/arm-gnu-toolchain-14.2.rel1-x86_64-arm-none-eabi/bin/../lib/gcc/arm-none-eabi/14.2.1/../../../../arm-none-eabi/lib/thumb/v8-m.main/nofp/libc_nano.a(libc_a-strtoul.o)
 .text._strtoul_r
                0x00002ebc        0x4 /home/bnuy/.mcuxpressotools/arm-gnu-toolchain-14.2.rel1-x86_64-arm-none-eabi/bin/../lib/gcc/arm-none-eabi/14.2.1/../../../../arm-none-eabi/lib/thumb/v8-m.main/nofp/libc_nano.a(libc_a-strtoul.o)
                0x00002ebc                _strtoul_r
 .text.snprintf
                0x00002ec0       0x6c /home/bnuy/.mcuxpressotools/arm-gnu-toolchain-14.2.rel1-x86_64-arm-none-eabi/bin/../lib/gcc/arm-none-eabi/14.2.1/../../../../arm-none-eabi/lib/thumb/v8-m.main/nofp/libc_nano.a(libc_a-snprintf.o)
                0x00002ec0                snprintf
                0x00002ec0                sniprintf
 .text.sscanf   0x00002f2c       0x58 /home/bnuy/.mcuxpressotools/arm-gnu-toolchain-14.2.rel1-x86_64-arm-none-eabi/bin/../lib/gcc/arm-none-eabi/14.2.1/../../../../arm-none-eabi/lib/thumb/v8-m.main/nofp/libc_nano.a(libc_a-sscanf.o)
                0x00002f2c                sscanf
                0x00002f2c                siscanf
 .text.__seofread
                0x00002f84        0x4 /home/bnuy/.mcuxpressotools/arm-gnu-toolchain-14.2.rel1-x86_64-arm-none-eabi/bin/../lib/gcc/arm-none-eabi/14.2.1/../../../../arm-none-eabi/lib/thumb/v8-m.main/nofp/libc_nano.a(libc_a-stdio.o)
                0x00002f84                __seofread
 .text.strstr   0x00002f88       0x2c /home/bnuy/.mcuxpressotools/arm-gnu-toolchain-14.2.rel1-x86_64-arm-none-eabi/bin/../lib/gcc/arm-none-eabi/14.2.1/../../../../arm-none-eabi/lib/thumb/v8-m.main/nofp/libc_nano.a(libc_a-strstr.o)
                0x00002f88                strstr
 .text._sbrk_r  0x00002fb4       0x20 /home/bnuy/.mcuxpressotools/arm-gnu-toolchain-14.2.rel1-x86_64-arm-none-eabi/bin/../lib/gcc/arm-none-eabi/14.2.1/../../../../arm-none-eabi/lib/thumb/v8-m.main/nofp/libc_nano.a(libc_a-sbrkr.o)
                0x00002fb4                _sbrk_r
 .text.__errno  0x00002fd4        0xc /home/bnuy/.mcuxpressotools/arm-gnu-toolchain-14.2.rel1-x86_64-arm-none-eabi/bin/../lib/gcc/arm-none-eabi/14.2.1/../../../../arm-none-eabi/lib/thumb/v8-m.main/nofp/libc_nano.a(libc_a-errno.o)
                0x00002fd4                __errno
 .text.__libc_init_array
                0x00002fe0       0x48 /home/bnuy/.mcuxpressotools/arm-gnu-toolchain-14.2.rel1-x86_64-arm-none-eabi/bin/../lib/gcc/arm-none-eabi/14.2.1/../../../../arm-none-eabi/lib/thumb/v8-m.main/nofp/libc_nano.a(libc_a-init.o)
                0x00002fe0                __libc_init_array
 .text.__retarget_lock_acquire_recursive
                0x00003028        0x2 /home/bnuy/.mcuxpressotools/arm-gnu-toolchain-14.2.rel1-x86_64-arm-none-eabi/bin/../lib/gcc/arm-none-eabi/14.2.1/../../../../arm-none-eabi/lib/thumb/v8-m.main/nofp/libc_nano.a(libc_a-lock.o)
                0x00003028                __retarget_lock_acquire_recursive
 .text.__retarget_lock_release_recursive
                0x0000302a        0x2 /home/bnuy/.mcuxpressotools/arm-gnu-toolchain-14.2.rel1-x86_64-arm-none-eabi/bin/../lib/gcc/arm-none-eabi/14.2.1/../../../../arm-none-eabi/lib/thumb/v8-m.main/nofp/libc_nano.a(libc_a-lock.o)
                0x0000302a                __retarget_lock_release_recursive
 .text._free_r  0x0000302c       0x94 /home/bnuy/.mcuxpressotools/arm-gnu-toolchain-14.2.rel1-x86_64-arm-none-eabi/bin/../lib/gcc/arm-none-eabi/14.2.1/../../../../arm-none-eabi/lib/thumb/v8-m.main/nofp/libc_nano.a(libc_a-freer.o)
                0x0000302c                _free_r
 .text.__ssputs_r
                0x000030c0       0xc0 /home/bnuy/.mcuxpressotools/arm-gnu-toolchain-14.2.rel1-x86_64-arm-none-eabi/bin/../lib/gcc/arm-none-eabi/14.2.1/../../../../arm-none-eabi/lib/thumb/v8-m.main/nofp/libc_nano.a(libc_a-nano-svfprintf.o)
                0x000030c0                __ssputs_r
 .text._svfprintf_r
                0x00003180      0x1f8 /home/bnuy/.mcuxpressotools/arm-gnu-toolchain-14.2.rel1-x86_64-arm-none-eabi/bin/../lib/gcc/arm-none-eabi/14.2.1/../../../../arm-none-eabi/lib/thumb/v8-m.main/nofp/libc_nano.a(libc_a-nano-svfprintf.o)
                0x00003180                _svfprintf_r
                0x00003180                _svfiprintf_r
 .text._sungetc_r
                0x00003378       0x7a /home/bnuy/.mcuxpressotools/arm-gnu-toolchain-14.2.rel1-x86_64-arm-none-eabi/bin/../lib/gcc/arm-none-eabi/14.2.1/../../../../arm-none-eabi/lib/thumb/v8-m.main/nofp/libc_nano.a(libc_a-nano-svfscanf.o)
                0x00003378                _sungetc_r
 .text.__ssrefill_r
                0x000033f2       0x3a /home/bnuy/.mcuxpressotools/arm-gnu-toolchain-14.2.rel1-x86_64-arm-none-eabi/bin/../lib/gcc/arm-none-eabi/14.2.1/../../../../arm-none-eabi/lib/thumb/v8-m.main/nofp/libc_nano.a(libc_a-nano-svfscanf.o)
                0x000033f2                __ssrefill_r
 .text.__ssvfscanf_r
                0x0000342c      0x300 /home/bnuy/.mcuxpressotools/arm-gnu-toolchain-14.2.rel1-x86_64-arm-none-eabi/bin/../lib/gcc/arm-none-eabi/14.2.1/../../../../arm-none-eabi/lib/thumb/v8-m.main/nofp/libc_nano.a(libc_a-nano-svfscanf.o)
                0x0000342c                __ssvfscanf_r
                0x0000342c                __ssvfiscanf_r
 .text._printf_common
                0x0000372c       0xe4 /home/bnuy/.mcuxpressotools/arm-gnu-toolchain-14.2.rel1-x86_64-arm-none-eabi/bin/../lib/gcc/arm-none-eabi/14.2.1/../../../../arm-none-eabi/lib/thumb/v8-m.main/nofp/libc_nano.a(libc_a-nano-vfprintf_i.o)
                0x0000372c                _printf_common
 .text._printf_i
                0x00003810      0x240 /home/bnuy/.mcuxpressotools/arm-gnu-toolchain-14.2.rel1-x86_64-arm-none-eabi/bin/../lib/gcc/arm-none-eabi/14.2.1/../../../../arm-none-eabi/lib/thumb/v8-m.main/nofp/libc_nano.a(libc_a-nano-vfprintf_i.o)
                0x00003810                _printf_i
 .text._scanf_chars
                0x00003a50       0xb4 /home/bnuy/.mcuxpressotools/arm-gnu-toolchain-14.2.rel1-x86_64-arm-none-eabi/bin/../lib/gcc/arm-none-eabi/14.2.1/../../../../arm-none-eabi/lib/thumb/v8-m.main/nofp/libc_nano.a(libc_a-nano-vfscanf_i.o)
                0x00003a50                _scanf_chars
 .text._scanf_i
                0x00003b04      0x1e0 /home/bnuy/.mcuxpressotools/arm-gnu-toolchain-14.2.rel1-x86_64-arm-none-eabi/bin/../lib/gcc/arm-none-eabi/14.2.1/../../../../arm-none-eabi/lib/thumb/v8-m.main/nofp/libc_nano.a(libc_a-nano-vfscanf_i.o)
                0x00003b04                _scanf_i
 .text.__sccl   0x00003ce4       0x72 /home/bnuy/.mcuxpressotools/arm-gnu-toolchain-14.2.rel1-x86_64-arm-none-eabi/bin/../lib/gcc/arm-none-eabi/14.2.1/../../../../arm-none-eabi/lib/thumb/v8-m.main/nofp/libc_nano.a(libc_a-sccl.o)
                0x00003ce4                __sccl
 .text.__submore
                0x00003d56       0x6e /home/bnuy/.mcuxpressotools/arm-gnu-toolchain-14.2.rel1-x86_64-arm-none-eabi/bin/../lib/gcc/arm-none-eabi/14.2.1/../../../../arm-none-eabi/lib/thumb/v8-m.main/nofp/libc_nano.a(libc_a-ungetc.o)
                0x00003d56                __submore
 .text.memmove  0x00003dc4       0x32 /home/bnuy/.mcuxpressotools/arm-gnu-toolchain-14.2.rel1-x86_64-arm-none-eabi/bin/../lib/gcc/arm-none-eabi/14.2.1/../../../../arm-none-eabi/lib/thumb/v8-m.main/nofp/libc_nano.a(libc_a-memmove.o)
                0x00003dc4                memmove
 .text.memchr   0x00003df6       0x1c /home/bnuy/.mcuxpressotools/arm-gnu-toolchain-14.2.rel1-x86_64-arm-none-eabi/bin/../lib/gcc/arm-none-eabi/14.2.1/../../../../arm-none-eabi/lib/thumb/v8-m.main/nofp/libc_nano.a(libc_a-memchr-stub.o)
                0x00003df6                memchr
 .text._realloc_r
                0x00003e12       0x5c /home/bnuy/.mcuxpressotools/arm-gnu-toolchain-14.2.rel1-x86_64-arm-none-eabi/bin/../lib/gcc/arm-none-eabi/14.2.1/../../../../arm-none-eabi/lib/thumb/v8-m.main/nofp/libc_nano.a(libc_a-reallocr.o)
                0x00003e12                _realloc_r
 *fill*         0x00003e6e        0x2 
 .text._strtol_l.isra.0
                0x00003e70       0xf4 /home/bnuy/.mcuxpressotools/arm-gnu-toolchain-14.2.rel1-x86_64-arm-none-eabi/bin/../lib/gcc/arm-none-eabi/14.2.1/../../../../arm-none-eabi/lib/thumb/v8-m.main/nofp/libc_nano.a(libc_a-strtol.o)
 .text._strtol_r
                0x00003f64        0x4 /home/bnuy/.mcuxpressotools/arm-gnu-toolchain-14.2.rel1-x86_64-arm-none-eabi/bin/../lib/gcc/arm-none-eabi/14.2.1/../../../../arm-none-eabi/lib/thumb/v8-m.main/nofp/libc_nano.a(libc_a-strtol.o)
                0x00003f64                _strtol_r
 .text._malloc_usable_size_r
                0x00003f68       0x10 /home/bnuy/.mcuxpressotools/arm-gnu-toolchain-14.2.rel1-x86_64-arm-none-eabi/bin/../lib/gcc/arm-none-eabi/14.2.1/../../../../arm-none-eabi/lib/thumb/v8-m.main/nofp/libc_nano.a(libc_a-msizer.o)
                0x00003f68                _malloc_usable_size_r
 .text._exit    0x00003f78        0x4 /home/bnuy/.mcuxpressotools/arm-gnu-toolchain-14.2.rel1-x86_64-arm-none-eabi/bin/../lib/gcc/arm-none-eabi/14.2.1/../../../../arm-none-eabi/lib/thumb/v8-m.main/nofp/libnosys.a(_exit.o)
                0x00003f78                _exit
 *(.rodata)
 .rodata        0x00003f7c       0x8e CMakeFiles/UART-test_MCXA153.dir/home/bnuy/Desktop/mcusdk/mcuxsdk/mcuxsdk/devices/MCX/MCXA/MCXA153/drivers/fsl_clock.c.obj
 *fill*         0x0000400a        0x2 
 .rodata        0x0000400c       0x76 CMakeFiles/UART-test_MCXA153.dir/home/bnuy/Desktop/mcusdk/mcuxsdk/mcuxsdk/devices/MCX/MCXA/MCXA153/drivers/fsl_reset.c.obj
 *fill*         0x00004082        0x2 
 .rodata        0x00004084      0x292 CMakeFiles/UART-test_MCXA153.dir/home/bnuy/Desktop/mcusdk/mcuxsdk/mcuxsdk/drivers/lpuart/fsl_lpuart.c.obj
 *fill*         0x00004316        0x2 
 .rodata        0x00004318       0x93 CMakeFiles/UART-test_MCXA153.dir/home/bnuy/Desktop/mcusdk/mcuxsdk/mcuxsdk/drivers/mcx_spc/fsl_spc.c.obj
 *fill*         0x000043ab        0x1 
 .rodata        0x000043ac       0x3e CMakeFiles/UART-test_MCXA153.dir/home/bnuy/Desktop/mcusdk/mcuxsdk/mcuxsdk/components/assert/fsl_assert.c.obj
 *fill*         0x000043ea        0x2 
 .rodata        0x000043ec      0x114 CMakeFiles/UART-test_MCXA153.dir/home/bnuy/Desktop/mcusdk/mcuxsdk/mcuxsdk/components/uart/fsl_adapter_lpuart.c.obj
 .rodata        0x00004500       0x52 CMakeFiles/UART-test_MCXA153.dir/frdmmcxa153/hello_world/pin_mux.c.obj
 *fill*         0x00004552        0x2 
 .rodata        0x00004554      0x2bc CMakeFiles/UART-test_MCXA153.dir/hello_world.c.obj
 .rodata        0x00004810        0xc /home/bnuy/.mcuxpressotools/arm-gnu-toolchain-14.2.rel1-x86_64-arm-none-eabi/bin/../lib/gcc/arm-none-eabi/14.2.1/../../../../arm-none-eabi/lib/thumb/v8-m.main/nofp/libc_nano.a(libc_a-nano-vfscanf_i.o)
 *(.rodata*)
 .rodata.__func__.4
                0x0000481c       0x15 CMakeFiles/UART-test_MCXA153.dir/home/bnuy/Desktop/mcusdk/mcuxsdk/mcuxsdk/devices/MCX/MCXA/MCXA153/drivers/fsl_clock.c.obj
 *fill*         0x00004831        0x3 
 .rodata.__func__.2
                0x00004834       0x12 CMakeFiles/UART-test_MCXA153.dir/home/bnuy/Desktop/mcusdk/mcuxsdk/mcuxsdk/devices/MCX/MCXA/MCXA153/drivers/fsl_clock.c.obj
 *fill*         0x00004846        0x2 
 .rodata.__func__.1
                0x00004848       0x19 CMakeFiles/UART-test_MCXA153.dir/home/bnuy/Desktop/mcusdk/mcuxsdk/mcuxsdk/devices/MCX/MCXA/MCXA153/drivers/fsl_reset.c.obj
 *fill*         0x00004861        0x3 
 .rodata.__func__.0
                0x00004864       0x1b CMakeFiles/UART-test_MCXA153.dir/home/bnuy/Desktop/mcusdk/mcuxsdk/mcuxsdk/devices/MCX/MCXA/MCXA153/drivers/fsl_reset.c.obj
 *fill*         0x0000487f        0x1 
 .rodata.s_lpuartBases
                0x00004880        0xc CMakeFiles/UART-test_MCXA153.dir/home/bnuy/Desktop/mcusdk/mcuxsdk/mcuxsdk/drivers/lpuart/fsl_lpuart.c.obj
 .rodata.s_lpuartClock
                0x0000488c        0xc CMakeFiles/UART-test_MCXA153.dir/home/bnuy/Desktop/mcusdk/mcuxsdk/mcuxsdk/drivers/lpuart/fsl_lpuart.c.obj
 .rodata.s_lpuartResets
                0x00004898        0x6 CMakeFiles/UART-test_MCXA153.dir/home/bnuy/Desktop/mcusdk/mcuxsdk/mcuxsdk/drivers/lpuart/fsl_lpuart.c.obj
 *fill*         0x0000489e        0x2 
 .rodata.__func__.25
                0x000048a0       0x13 CMakeFiles/UART-test_MCXA153.dir/home/bnuy/Desktop/mcusdk/mcuxsdk/mcuxsdk/drivers/lpuart/fsl_lpuart.c.obj
 *fill*         0x000048b3        0x1 
 .rodata.__func__.18
                0x000048b4        0xc CMakeFiles/UART-test_MCXA153.dir/home/bnuy/Desktop/mcusdk/mcuxsdk/mcuxsdk/drivers/lpuart/fsl_lpuart.c.obj
 .rodata.__func__.17
                0x000048c0       0x18 CMakeFiles/UART-test_MCXA153.dir/home/bnuy/Desktop/mcusdk/mcuxsdk/mcuxsdk/drivers/lpuart/fsl_lpuart.c.obj
 .rodata.__func__.13
                0x000048d8       0x15 CMakeFiles/UART-test_MCXA153.dir/home/bnuy/Desktop/mcusdk/mcuxsdk/mcuxsdk/drivers/lpuart/fsl_lpuart.c.obj
 *fill*         0x000048ed        0x3 
 .rodata.__func__.11
                0x000048f0       0x14 CMakeFiles/UART-test_MCXA153.dir/home/bnuy/Desktop/mcusdk/mcuxsdk/mcuxsdk/drivers/lpuart/fsl_lpuart.c.obj
 .rodata.__func__.5
                0x00004904       0x1a CMakeFiles/UART-test_MCXA153.dir/home/bnuy/Desktop/mcusdk/mcuxsdk/mcuxsdk/drivers/mcx_spc/fsl_spc.c.obj
 *fill*         0x0000491e        0x2 
 .rodata.__func__.2
                0x00004920       0x28 CMakeFiles/UART-test_MCXA153.dir/home/bnuy/Desktop/mcusdk/mcuxsdk/mcuxsdk/drivers/mcx_spc/fsl_spc.c.obj
 .rodata.s_LpuartAdapterBase
                0x00004948        0xc CMakeFiles/UART-test_MCXA153.dir/home/bnuy/Desktop/mcusdk/mcuxsdk/mcuxsdk/components/uart/fsl_adapter_lpuart.c.obj
 .rodata.__func__.4
                0x00004954        0xd CMakeFiles/UART-test_MCXA153.dir/home/bnuy/Desktop/mcusdk/mcuxsdk/mcuxsdk/components/uart/fsl_adapter_lpuart.c.obj
 *fill*         0x00004961        0x3 
 .rodata.__func__.2
                0x00004964       0x18 CMakeFiles/UART-test_MCXA153.dir/home/bnuy/Desktop/mcusdk/mcuxsdk/mcuxsdk/components/uart/fsl_adapter_lpuart.c.obj
 .rodata.__func__.1
                0x0000497c       0x15 CMakeFiles/UART-test_MCXA153.dir/home/bnuy/Desktop/mcusdk/mcuxsdk/mcuxsdk/components/uart/fsl_adapter_lpuart.c.obj
 *fill*         0x00004991        0x3 
 .rodata.__func__.0
                0x00004994       0x12 CMakeFiles/UART-test_MCXA153.dir/frdmmcxa153/hello_world/pin_mux.c.obj
 .rodata._ctype_
                0x000049a6      0x101 /home/bnuy/.mcuxpressotools/arm-gnu-toolchain-14.2.rel1-x86_64-arm-none-eabi/bin/../lib/gcc/arm-none-eabi/14.2.1/../../../../arm-none-eabi/lib/thumb/v8-m.main/nofp/libc_nano.a(libc_a-ctype_.o)
                0x000049a6                _ctype_
 .rodata._svfprintf_r.str1.1
                0x00004aa7       0x4e /home/bnuy/.mcuxpressotools/arm-gnu-toolchain-14.2.rel1-x86_64-arm-none-eabi/bin/../lib/gcc/arm-none-eabi/14.2.1/../../../../arm-none-eabi/lib/thumb/v8-m.main/nofp/libc_nano.a(libc_a-nano-svfprintf.o)
                                 0x11 (size before relaxing)
 .rodata.__ssvfscanf_r.str1.1
                0x00004af5        0x4 /home/bnuy/.mcuxpressotools/arm-gnu-toolchain-14.2.rel1-x86_64-arm-none-eabi/bin/../lib/gcc/arm-none-eabi/14.2.1/../../../../arm-none-eabi/lib/thumb/v8-m.main/nofp/libc_nano.a(libc_a-nano-svfscanf.o)
 .rodata._printf_i.str1.1
                0x00004af5       0x22 /home/bnuy/.mcuxpressotools/arm-gnu-toolchain-14.2.rel1-x86_64-arm-none-eabi/bin/../lib/gcc/arm-none-eabi/14.2.1/../../../../arm-none-eabi/lib/thumb/v8-m.main/nofp/libc_nano.a(libc_a-nano-vfprintf_i.o)
 .rodata._scanf_i.str1.1
                0x00004af5       0x12 /home/bnuy/.mcuxpressotools/arm-gnu-toolchain-14.2.rel1-x86_64-arm-none-eabi/bin/../lib/gcc/arm-none-eabi/14.2.1/../../../../arm-none-eabi/lib/thumb/v8-m.main/nofp/libc_nano.a(libc_a-nano-vfscanf_i.o)
 .rodata.str1.1
                0x00004af5        0x9 /home/bnuy/.mcuxpressotools/arm-gnu-toolchain-14.2.rel1-x86_64-arm-none-eabi/bin/../lib/gcc/arm-none-eabi/14.2.1/../../../../arm-none-eabi/lib/thumb/v8-m.main/nofp/libc_nano.a(libc_a-nano-vfscanf_i.o)
 *(.glue_7)
 .glue_7        0x00004af5        0x0 linker stubs
 *(.glue_7t)
 .glue_7t       0x00004af5        0x0 linker stubs
 *(.eh_frame)
 *fill*         0x00004af5        0x3 
 .eh_frame      0x00004af8        0x0 /home/bnuy/.mcuxpressotools/arm-gnu-toolchain-14.2.rel1-x86_64-arm-none-eabi/bin/../lib/gcc/arm-none-eabi/14.2.1/thumb/v8-m.main/nofp/crtbegin.o
 *(.init)
 .init          0x00004af8        0x4 /home/bnuy/.mcuxpressotools/arm-gnu-toolchain-14.2.rel1-x86_64-arm-none-eabi/bin/../lib/gcc/arm-none-eabi/14.2.1/thumb/v8-m.main/nofp/crti.o
                0x00004af8                _init
 .init          0x00004afc        0x8 /home/bnuy/.mcuxpressotools/arm-gnu-toolchain-14.2.rel1-x86_64-arm-none-eabi/bin/../lib/gcc/arm-none-eabi/14.2.1/thumb/v8-m.main/nofp/crtn.o
 *(.fini)
 .fini          0x00004b04        0x4 /home/bnuy/.mcuxpressotools/arm-gnu-toolchain-14.2.rel1-x86_64-arm-none-eabi/bin/../lib/gcc/arm-none-eabi/14.2.1/thumb/v8-m.main/nofp/crti.o
                0x00004b04                _fini
 .fini          0x00004b08        0x8 /home/bnuy/.mcuxpressotools/arm-gnu-toolchain-14.2.rel1-x86_64-arm-none-eabi/bin/../lib/gcc/arm-none-eabi/14.2.1/thumb/v8-m.main/nofp/crtn.o
                0x00004b10                        . = ALIGN (0x4)

.vfp11_veneer   0x00004b10        0x0
 .vfp11_veneer  0x00004b10        0x0 linker stubs

.v4_bx          0x00004b10        0x0
 .v4_bx         0x00004b10        0x0 linker stubs

.iplt           0x00004b10        0x0
 .iplt          0x00004b10        0x0 /home/bnuy/.mcuxpressotools/arm-gnu-toolchain-14.2.rel1-x86_64-arm-none-eabi/bin/../lib/gcc/arm-none-eabi/14.2.1/thumb/v8-m.main/nofp/crtbegin.o

.ARM.extab
 *(.ARM.extab* .gnu.linkonce.armextab.*)

.ARM            0x00004b10        0x8
                0x00004b10                        __exidx_start = .
 *(.ARM.exidx*)
 .ARM.exidx     0x00004b10        0x8 /home/bnuy/.mcuxpressotools/arm-gnu-toolchain-14.2.rel1-x86_64-arm-none-eabi/bin/../lib/gcc/arm-none-eabi/14.2.1/../../../../arm-none-eabi/lib/thumb/v8-m.main/nofp/crt0.o
                                 0x10 (size before relaxing)
 .ARM.exidx     0x00004b18        0x0 /home/bnuy/.mcuxpressotools/arm-gnu-toolchain-14.2.rel1-x86_64-arm-none-eabi/bin/../lib/gcc/arm-none-eabi/14.2.1/../../../../arm-none-eabi/lib/thumb/v8-m.main/nofp/libc_nano.a(libc_a-strlen.o)
                                  0x8 (size before relaxing)
                0x00004b18                        __exidx_end = .

.rel.dyn        0x00004b18        0x0
 .rel.iplt      0x00004b18        0x0 /home/bnuy/.mcuxpressotools/arm-gnu-toolchain-14.2.rel1-x86_64-arm-none-eabi/bin/../lib/gcc/arm-none-eabi/14.2.1/thumb/v8-m.main/nofp/crtbegin.o

.ctors          0x00004b18        0x0
                0x00004b18                        __CTOR_LIST__ = .
 *crtbegin.o(.ctors)
 *crtbegin?.o(.ctors)
 *(EXCLUDE_FILE(*crtend.o *crtend?.o) .ctors)
 *(SORT_BY_NAME(.ctors.*))
 *(.ctors)
                0x00004b18                        __CTOR_END__ = .

.dtors          0x00004b18        0x0
                0x00004b18                        __DTOR_LIST__ = .
 *crtbegin.o(.dtors)
 *crtbegin?.o(.dtors)
 *(EXCLUDE_FILE(*crtend.o *crtend?.o) .dtors)
 *(SORT_BY_NAME(.dtors.*))
 *(.dtors)
                0x00004b18                        __DTOR_END__ = .

.preinit_array  0x00004b18        0x0
                0x00004b18                        PROVIDE (__preinit_array_start = .)
 *(.preinit_array*)
                0x00004b18                        PROVIDE (__preinit_array_end = .)

.init_array     0x00004b18        0x4
                0x00004b18                        PROVIDE (__init_array_start = .)
 *(SORT_BY_NAME(.init_array.*))
 *(.init_array*)
 .init_array    0x00004b18        0x4 /home/bnuy/.mcuxpressotools/arm-gnu-toolchain-14.2.rel1-x86_64-arm-none-eabi/bin/../lib/gcc/arm-none-eabi/14.2.1/thumb/v8-m.main/nofp/crtbegin.o
                0x00004b1c                        PROVIDE (__init_array_end = .)

.fini_array     0x00004b1c        0x4
                [!provide]                        PROVIDE (__fini_array_start = .)
 *(SORT_BY_NAME(.fini_array.*))
 *(.fini_array*)
 .fini_array    0x00004b1c        0x4 /home/bnuy/.mcuxpressotools/arm-gnu-toolchain-14.2.rel1-x86_64-arm-none-eabi/bin/../lib/gcc/arm-none-eabi/14.2.1/thumb/v8-m.main/nofp/crtbegin.o
                [!provide]                        PROVIDE (__fini_array_end = .)
                0x00004b20                        __etext = .
                0x00004b20                        __DATA_ROM = .

.data           0x20000000       0x58 load address 0x00004b20
                0x20000000                        . = ALIGN (0x4)
                0x20000000                        __DATA_RAM = .
                0x20000000                        __data_start__ = .
 *(.ramfunc*)
 *(.data)
 *(.data*)
 .data.SystemCoreClock
                0x20000000        0x4 CMakeFiles/UART-test_MCXA153.dir/home/bnuy/Desktop/mcusdk/mcuxsdk/mcuxsdk/devices/MCX/MCXA/MCXA153/system_MCXA153.c.obj
                0x20000000                SystemCoreClock
 .data.s_Ext_Clk_Freq
                0x20000004        0x4 CMakeFiles/UART-test_MCXA153.dir/home/bnuy/Desktop/mcusdk/mcuxsdk/mcuxsdk/devices/MCX/MCXA/MCXA153/drivers/fsl_clock.c.obj
 .data._impure_ptr
                0x20000008        0x4 /home/bnuy/.mcuxpressotools/arm-gnu-toolchain-14.2.rel1-x86_64-arm-none-eabi/bin/../lib/gcc/arm-none-eabi/14.2.1/../../../../arm-none-eabi/lib/thumb/v8-m.main/nofp/libc_nano.a(libc_a-impure.o)
                0x20000008                _impure_ptr
 .data._impure_data
                0x2000000c       0x4c /home/bnuy/.mcuxpressotools/arm-gnu-toolchain-14.2.rel1-x86_64-arm-none-eabi/bin/../lib/gcc/arm-none-eabi/14.2.1/../../../../arm-none-eabi/lib/thumb/v8-m.main/nofp/libc_nano.a(libc_a-impure.o)
                0x2000000c                _impure_data
 *(.jcr*)
                0x20000058                        . = ALIGN (0x4)
                0x20000058                        __data_end__ = .
                0x00004b78                        __DATA_END = (__DATA_ROM + (__data_end__ - __data_start__))
                0x00020000                        text_end = (ORIGIN (m_text) + LENGTH (m_text))
                0x00000001                        ASSERT ((__DATA_END <= text_end), region m_text overflowed with text and data)

.tm_clone_table
                0x20000058        0x0 load address 0x00004b78
 .tm_clone_table
                0x20000058        0x0 /home/bnuy/.mcuxpressotools/arm-gnu-toolchain-14.2.rel1-x86_64-arm-none-eabi/bin/../lib/gcc/arm-none-eabi/14.2.1/thumb/v8-m.main/nofp/crtbegin.o
 .tm_clone_table
                0x20000058        0x0 /home/bnuy/.mcuxpressotools/arm-gnu-toolchain-14.2.rel1-x86_64-arm-none-eabi/bin/../lib/gcc/arm-none-eabi/14.2.1/thumb/v8-m.main/nofp/crtend.o

.igot.plt       0x20000058        0x0 load address 0x00004b78
 .igot.plt      0x20000058        0x0 /home/bnuy/.mcuxpressotools/arm-gnu-toolchain-14.2.rel1-x86_64-arm-none-eabi/bin/../lib/gcc/arm-none-eabi/14.2.1/thumb/v8-m.main/nofp/crtbegin.o

.bss            0x20000058      0x19c load address 0x00004b78
                0x20000058                        . = ALIGN (0x4)
                0x20000058                        __START_BSS = .
                0x20000058                        __bss_start__ = .
 *(.bss)
 *(.bss*)
 .bss.completed.1
                0x20000058        0x1 /home/bnuy/.mcuxpressotools/arm-gnu-toolchain-14.2.rel1-x86_64-arm-none-eabi/bin/../lib/gcc/arm-none-eabi/14.2.1/thumb/v8-m.main/nofp/crtbegin.o
 *fill*         0x20000059        0x3 
 .bss.object.0  0x2000005c       0x18 /home/bnuy/.mcuxpressotools/arm-gnu-toolchain-14.2.rel1-x86_64-arm-none-eabi/bin/../lib/gcc/arm-none-eabi/14.2.1/thumb/v8-m.main/nofp/crtbegin.o
 .bss.s_lpuartHandle
                0x20000074        0xc CMakeFiles/UART-test_MCXA153.dir/home/bnuy/Desktop/mcusdk/mcuxsdk/mcuxsdk/drivers/lpuart/fsl_lpuart.c.obj
                0x20000074                s_lpuartHandle
 .bss.s_lpuartIsr
                0x20000080        0xc CMakeFiles/UART-test_MCXA153.dir/home/bnuy/Desktop/mcusdk/mcuxsdk/mcuxsdk/drivers/lpuart/fsl_lpuart.c.obj
                0x20000080                s_lpuartIsr
 .bss.s_debugConsole
                0x2000008c       0x14 CMakeFiles/UART-test_MCXA153.dir/home/bnuy/Desktop/mcusdk/mcuxsdk/mcuxsdk/components/debug_console_lite/fsl_debug_console.c.obj
 .bss.heap_end.0
                0x200000a0        0x4 CMakeFiles/UART-test_MCXA153.dir/home/bnuy/Desktop/mcusdk/mcuxsdk/mcuxsdk/components/misc_utilities/fsl_sbrk.c.obj
 .bss.g_cmdCount
                0x200000a4        0x4 CMakeFiles/UART-test_MCXA153.dir/hello_world.c.obj
 .bss.__malloc_sbrk_start
                0x200000a8        0x4 /home/bnuy/.mcuxpressotools/arm-gnu-toolchain-14.2.rel1-x86_64-arm-none-eabi/bin/../lib/gcc/arm-none-eabi/14.2.1/../../../../arm-none-eabi/lib/thumb/v8-m.main/nofp/libc_nano.a(libc_a-mallocr.o)
                0x200000a8                __malloc_sbrk_start
 .bss.__malloc_free_list
                0x200000ac        0x4 /home/bnuy/.mcuxpressotools/arm-gnu-toolchain-14.2.rel1-x86_64-arm-none-eabi/bin/../lib/gcc/arm-none-eabi/14.2.1/../../../../arm-none-eabi/lib/thumb/v8-m.main/nofp/libc_nano.a(libc_a-mallocr.o)
                0x200000ac                __malloc_free_list
 .bss.__sf      0x200000b0      0x138 /home/bnuy/.mcuxpressotools/arm-gnu-toolchain-14.2.rel1-x86_64-arm-none-eabi/bin/../lib/gcc/arm-none-eabi/14.2.1/../../../../arm-none-eabi/lib/thumb/v8-m.main/nofp/libc_nano.a(libc_a-findfp.o)
                0x200000b0                __sf
 .bss.__stdio_exit_handler
                0x200001e8        0x4 /home/bnuy/.mcuxpressotools/arm-gnu-toolchain-14.2.rel1-x86_64-arm-none-eabi/bin/../lib/gcc/arm-none-eabi/14.2.1/../../../../arm-none-eabi/lib/thumb/v8-m.main/nofp/libc_nano.a(libc_a-findfp.o)
                0x200001e8                __stdio_exit_handler
 .bss.errno     0x200001ec        0x4 /home/bnuy/.mcuxpressotools/arm-gnu-toolchain-14.2.rel1-x86_64-arm-none-eabi/bin/../lib/gcc/arm-none-eabi/14.2.1/../../../../arm-none-eabi/lib/thumb/v8-m.main/nofp/libc_nano.a(libc_a-reent.o)
                0x200001ec                errno
 .bss.__lock___malloc_recursive_mutex
                0x200001f0        0x1 /home/bnuy/.mcuxpressotools/arm-gnu-toolchain-14.2.rel1-x86_64-arm-none-eabi/bin/../lib/gcc/arm-none-eabi/14.2.1/../../../../arm-none-eabi/lib/thumb/v8-m.main/nofp/libc_nano.a(libc_a-lock.o)
                0x200001f0                __lock___malloc_recursive_mutex
 *(COMMON)
                0x200001f4                        . = ALIGN (0x4)
 *fill*         0x200001f1        0x3 
                0x200001f4                        __bss_end__ = .
                0x200001f4                        __END_BSS = .

.heap           0x200001f4      0x404 load address 0x00004d14
                0x200001f8                        . = ALIGN (0x8)
 *fill*         0x200001f4        0x4 
                0x200001f8                        __end__ = .
                0x200001f8                        PROVIDE (end = .)
                0x200001f8                        __HeapBase = .
                0x200005f8                        . = (. + HEAP_SIZE)
 *fill*         0x200001f8      0x400 
                0x200005f8                        __HeapLimit = .
                0x200005f8                        __heap_limit = .

.stack          0x200005f8      0x800 load address 0x00005118
                0x200005f8                        . = ALIGN (0x8)
                0x20000df8                        . = (. + STACK_SIZE)
 *fill*         0x200005f8      0x800 
                0x20006000                        __StackTop = (ORIGIN (m_data) + LENGTH (m_data))
                0x20005800                        __StackLimit = (__StackTop - STACK_SIZE)
                0x20006000                        PROVIDE (__stack = __StackTop)

.ARM.attributes
                0x00000000       0x2e
 *(.ARM.attributes)
 .ARM.attributes
                0x00000000       0x22 /home/bnuy/.mcuxpressotools/arm-gnu-toolchain-14.2.rel1-x86_64-arm-none-eabi/bin/../lib/gcc/arm-none-eabi/14.2.1/thumb/v8-m.main/nofp/crti.o
 .ARM.attributes
                0x00000022       0x32 /home/bnuy/.mcuxpressotools/arm-gnu-toolchain-14.2.rel1-x86_64-arm-none-eabi/bin/../lib/gcc/arm-none-eabi/14.2.1/thumb/v8-m.main/nofp/crtbegin.o
 .ARM.attributes
                0x00000054       0x20 /home/bnuy/.mcuxpressotools/arm-gnu-toolchain-14.2.rel1-x86_64-arm-none-eabi/bin/../lib/gcc/arm-none-eabi/14.2.1/../../../../arm-none-eabi/lib/thumb/v8-m.main/nofp/crt0.o
 .ARM.attributes
                0x00000074       0x32 CMakeFiles/UART-test_MCXA153.dir/home/bnuy/Desktop/mcusdk/mcuxsdk/mcuxsdk/devices/MCX/MCXA/MCXA153/system_MCXA153.c.obj
 .ARM.attributes
                0x000000a6       0x20 CMakeFiles/UART-test_MCXA153.dir/home/bnuy/Desktop/mcusdk/mcuxsdk/mcuxsdk/devices/MCX/MCXA/MCXA153/gcc/startup_MCXA153.S.obj
 .ARM.attributes
                0x000000c6       0x32 CMakeFiles/UART-test_MCXA153.dir/home/bnuy/Desktop/mcusdk/mcuxsdk/mcuxsdk/devices/MCX/MCXA/MCXA153/drivers/fsl_clock.c.obj
 .ARM.attributes
                0x000000f8       0x32 CMakeFiles/UART-test_MCXA153.dir/home/bnuy/Desktop/mcusdk/mcuxsdk/mcuxsdk/devices/MCX/MCXA/MCXA153/drivers/fsl_reset.c.obj
 .ARM.attributes
                0x0000012a       0x32 CMakeFiles/UART-test_MCXA153.dir/home/bnuy/Desktop/mcusdk/mcuxsdk/mcuxsdk/drivers/lpuart/fsl_lpuart.c.obj
 .ARM.attributes
                0x0000015c       0x32 CMakeFiles/UART-test_MCXA153.dir/home/bnuy/Desktop/mcusdk/mcuxsdk/mcuxsdk/drivers/mcx_spc/fsl_spc.c.obj
 .ARM.attributes
                0x0000018e       0x32 CMakeFiles/UART-test_MCXA153.dir/home/bnuy/Desktop/mcusdk/mcuxsdk/mcuxsdk/components/assert/fsl_assert.c.obj
 .ARM.attributes
                0x000001c0       0x32 CMakeFiles/UART-test_MCXA153.dir/home/bnuy/Desktop/mcusdk/mcuxsdk/mcuxsdk/components/debug_console_lite/fsl_debug_console.c.obj
 .ARM.attributes
                0x000001f2       0x32 CMakeFiles/UART-test_MCXA153.dir/home/bnuy/Desktop/mcusdk/mcuxsdk/mcuxsdk/components/misc_utilities/fsl_sbrk.c.obj
 .ARM.attributes
                0x00000224       0x20 CMakeFiles/UART-test_MCXA153.dir/home/bnuy/Desktop/mcusdk/mcuxsdk/mcuxsdk/components/misc_utilities/fsl_memcpy.S.obj
 .ARM.attributes
                0x00000244       0x20 CMakeFiles/UART-test_MCXA153.dir/home/bnuy/Desktop/mcusdk/mcuxsdk/mcuxsdk/components/misc_utilities/fsl_memset.S.obj
 .ARM.attributes
                0x00000264       0x32 CMakeFiles/UART-test_MCXA153.dir/home/bnuy/Desktop/mcusdk/mcuxsdk/mcuxsdk/components/uart/fsl_adapter_lpuart.c.obj
 .ARM.attributes
                0x00000296       0x32 CMakeFiles/UART-test_MCXA153.dir/frdmmcxa153/frdmmcxa153/board.c.obj
 .ARM.attributes
                0x000002c8       0x32 CMakeFiles/UART-test_MCXA153.dir/frdmmcxa153/frdmmcxa153/clock_config.c.obj
 .ARM.attributes
                0x000002fa       0x32 CMakeFiles/UART-test_MCXA153.dir/frdmmcxa153/hello_world/pin_mux.c.obj
 .ARM.attributes
                0x0000032c       0x32 CMakeFiles/UART-test_MCXA153.dir/frdmmcxa153/hello_world/hardware_init.c.obj
 .ARM.attributes
                0x0000035e       0x32 CMakeFiles/UART-test_MCXA153.dir/hello_world.c.obj
 .ARM.attributes
                0x00000390       0x32 /home/bnuy/.mcuxpressotools/arm-gnu-toolchain-14.2.rel1-x86_64-arm-none-eabi/bin/../lib/gcc/arm-none-eabi/14.2.1/../../../../arm-none-eabi/lib/thumb/v8-m.main/nofp/libc_nano.a(libc_a-exit.o)
 .ARM.attributes
                0x000003c2       0x32 /home/bnuy/.mcuxpressotools/arm-gnu-toolchain-14.2.rel1-x86_64-arm-none-eabi/bin/../lib/gcc/arm-none-eabi/14.2.1/../../../../arm-none-eabi/lib/thumb/v8-m.main/nofp/libc_nano.a(libc_a-mallocr.o)
 .ARM.attributes
                0x000003f4       0x32 /home/bnuy/.mcuxpressotools/arm-gnu-toolchain-14.2.rel1-x86_64-arm-none-eabi/bin/../lib/gcc/arm-none-eabi/14.2.1/../../../../arm-none-eabi/lib/thumb/v8-m.main/nofp/libc_nano.a(libc_a-mlock.o)
 .ARM.attributes
                0x00000426       0x32 /home/bnuy/.mcuxpressotools/arm-gnu-toolchain-14.2.rel1-x86_64-arm-none-eabi/bin/../lib/gcc/arm-none-eabi/14.2.1/../../../../arm-none-eabi/lib/thumb/v8-m.main/nofp/libc_nano.a(libc_a-strtoul.o)
 .ARM.attributes
                0x00000458       0x32 /home/bnuy/.mcuxpressotools/arm-gnu-toolchain-14.2.rel1-x86_64-arm-none-eabi/bin/../lib/gcc/arm-none-eabi/14.2.1/../../../../arm-none-eabi/lib/thumb/v8-m.main/nofp/libc_nano.a(libc_a-ctype_.o)
 .ARM.attributes
                0x0000048a       0x32 /home/bnuy/.mcuxpressotools/arm-gnu-toolchain-14.2.rel1-x86_64-arm-none-eabi/bin/../lib/gcc/arm-none-eabi/14.2.1/../../../../arm-none-eabi/lib/thumb/v8-m.main/nofp/libc_nano.a(libc_a-findfp.o)
 .ARM.attributes
                0x000004bc       0x32 /home/bnuy/.mcuxpressotools/arm-gnu-toolchain-14.2.rel1-x86_64-arm-none-eabi/bin/../lib/gcc/arm-none-eabi/14.2.1/../../../../arm-none-eabi/lib/thumb/v8-m.main/nofp/libc_nano.a(libc_a-snprintf.o)
 .ARM.attributes
                0x000004ee       0x32 /home/bnuy/.mcuxpressotools/arm-gnu-toolchain-14.2.rel1-x86_64-arm-none-eabi/bin/../lib/gcc/arm-none-eabi/14.2.1/../../../../arm-none-eabi/lib/thumb/v8-m.main/nofp/libc_nano.a(libc_a-sscanf.o)
 .ARM.attributes
                0x00000520       0x32 /home/bnuy/.mcuxpressotools/arm-gnu-toolchain-14.2.rel1-x86_64-arm-none-eabi/bin/../lib/gcc/arm-none-eabi/14.2.1/../../../../arm-none-eabi/lib/thumb/v8-m.main/nofp/libc_nano.a(libc_a-stdio.o)
 .ARM.attributes
                0x00000552       0x32 /home/bnuy/.mcuxpressotools/arm-gnu-toolchain-14.2.rel1-x86_64-arm-none-eabi/bin/../lib/gcc/arm-none-eabi/14.2.1/../../../../arm-none-eabi/lib/thumb/v8-m.main/nofp/libc_nano.a(libc_a-strstr.o)
 .ARM.attributes
                0x00000584       0x32 /home/bnuy/.mcuxpressotools/arm-gnu-toolchain-14.2.rel1-x86_64-arm-none-eabi/bin/../lib/gcc/arm-none-eabi/14.2.1/../../../../arm-none-eabi/lib/thumb/v8-m.main/nofp/libc_nano.a(libc_a-reent.o)
 .ARM.attributes
                0x000005b6       0x32 /home/bnuy/.mcuxpressotools/arm-gnu-toolchain-14.2.rel1-x86_64-arm-none-eabi/bin/../lib/gcc/arm-none-eabi/14.2.1/../../../../arm-none-eabi/lib/thumb/v8-m.main/nofp/libc_nano.a(libc_a-impure.o)
 .ARM.attributes
                0x000005e8       0x32 /home/bnuy/.mcuxpressotools/arm-gnu-toolchain-14.2.rel1-x86_64-arm-none-eabi/bin/../lib/gcc/arm-none-eabi/14.2.1/../../../../arm-none-eabi/lib/thumb/v8-m.main/nofp/libc_nano.a(libc_a-sbrkr.o)
 .ARM.attributes
                0x0000061a       0x32 /home/bnuy/.mcuxpressotools/arm-gnu-toolchain-14.2.rel1-x86_64-arm-none-eabi/bin/../lib/gcc/arm-none-eabi/14.2.1/../../../../arm-none-eabi/lib/thumb/v8-m.main/nofp/libc_nano.a(libc_a-errno.o)
 .ARM.attributes
                0x0000064c       0x32 /home/bnuy/.mcuxpressotools/arm-gnu-toolchain-14.2.rel1-x86_64-arm-none-eabi/bin/../lib/gcc/arm-none-eabi/14.2.1/../../../../arm-none-eabi/lib/thumb/v8-m.main/nofp/libc_nano.a(libc_a-init.o)
 .ARM.attributes
                0x0000067e       0x32 /home/bnuy/.mcuxpressotools/arm-gnu-toolchain-14.2.rel1-x86_64-arm-none-eabi/bin/../lib/gcc/arm-none-eabi/14.2.1/../../../../arm-none-eabi/lib/thumb/v8-m.main/nofp/libc_nano.a(libc_a-lock.o)
 .ARM.attributes
                0x000006b0       0x20 /home/bnuy/.mcuxpressotools/arm-gnu-toolchain-14.2.rel1-x86_64-arm-none-eabi/bin/../lib/gcc/arm-none-eabi/14.2.1/../../../../arm-none-eabi/lib/thumb/v8-m.main/nofp/libc_nano.a(libc_a-strlen.o)
 .ARM.attributes
                0x000006d0       0x32 /home/bnuy/.mcuxpressotools/arm-gnu-toolchain-14.2.rel1-x86_64-arm-none-eabi/bin/../lib/gcc/arm-none-eabi/14.2.1/../../../../arm-none-eabi/lib/thumb/v8-m.main/nofp/libc_nano.a(libc_a-freer.o)
 .ARM.attributes
                0x00000702       0x32 /home/bnuy/.mcuxpressotools/arm-gnu-toolchain-14.2.rel1-x86_64-arm-none-eabi/bin/../lib/gcc/arm-none-eabi/14.2.1/../../../../arm-none-eabi/lib/thumb/v8-m.main/nofp/libc_nano.a(libc_a-nano-svfprintf.o)
 .ARM.attributes
                0x00000734       0x32 /home/bnuy/.mcuxpressotools/arm-gnu-toolchain-14.2.rel1-x86_64-arm-none-eabi/bin/../lib/gcc/arm-none-eabi/14.2.1/../../../../arm-none-eabi/lib/thumb/v8-m.main/nofp/libc_nano.a(libc_a-nano-svfscanf.o)
 .ARM.attributes
                0x00000766       0x32 /home/bnuy/.mcuxpressotools/arm-gnu-toolchain-14.2.rel1-x86_64-arm-none-eabi/bin/../lib/gcc/arm-none-eabi/14.2.1/../../../../arm-none-eabi/lib/thumb/v8-m.main/nofp/libc_nano.a(libc_a-nano-vfprintf_i.o)
 .ARM.attributes
                0x00000798       0x32 /home/bnuy/.mcuxpressotools/arm-gnu-toolchain-14.2.rel1-x86_64-arm-none-eabi/bin/../lib/gcc/arm-none-eabi/14.2.1/../../../../arm-none-eabi/lib/thumb/v8-m.main/nofp/libc_nano.a(libc_a-nano-vfscanf_i.o)
 .ARM.attributes
                0x000007ca       0x32 /home/bnuy/.mcuxpressotools/arm-gnu-toolchain-14.2.rel1-x86_64-arm-none-eabi/bin/../lib/gcc/arm-none-eabi/14.2.1/../../../../arm-none-eabi/lib/thumb/v8-m.main/nofp/libc_nano.a(libc_a-sccl.o)
 .ARM.attributes
                0x000007fc       0x32 /home/bnuy/.mcuxpressotools/arm-gnu-toolchain-14.2.rel1-x86_64-arm-none-eabi/bin/../lib/gcc/arm-none-eabi/14.2.1/../../../../arm-none-eabi/lib/thumb/v8-m.main/nofp/libc_nano.a(libc_a-ungetc.o)
 .ARM.attributes
                0x0000082e       0x32 /home/bnuy/.mcuxpressotools/arm-gnu-toolchain-14.2.rel1-x86_64-arm-none-eabi/bin/../lib/gcc/arm-none-eabi/14.2.1/../../../../arm-none-eabi/lib/thumb/v8-m.main/nofp/libc_nano.a(libc_a-memmove.o)
 .ARM.attributes
                0x00000860       0x32 /home/bnuy/.mcuxpressotools/arm-gnu-toolchain-14.2.rel1-x86_64-arm-none-eabi/bin/../lib/gcc/arm-none-eabi/14.2.1/../../../../arm-none-eabi/lib/thumb/v8-m.main/nofp/libc_nano.a(libc_a-memchr-stub.o)
 .ARM.attributes
                0x00000892       0x32 /home/bnuy/.mcuxpressotools/arm-gnu-toolchain-14.2.rel1-x86_64-arm-none-eabi/bin/../lib/gcc/arm-none-eabi/14.2.1/../../../../arm-none-eabi/lib/thumb/v8-m.main/nofp/libc_nano.a(libc_a-reallocr.o)
 .ARM.attributes
                0x000008c4       0x32 /home/bnuy/.mcuxpressotools/arm-gnu-toolchain-14.2.rel1-x86_64-arm-none-eabi/bin/../lib/gcc/arm-none-eabi/14.2.1/../../../../arm-none-eabi/lib/thumb/v8-m.main/nofp/libc_nano.a(libc_a-strtol.o)
 .ARM.attributes
                0x000008f6       0x32 /home/bnuy/.mcuxpressotools/arm-gnu-toolchain-14.2.rel1-x86_64-arm-none-eabi/bin/../lib/gcc/arm-none-eabi/14.2.1/../../../../arm-none-eabi/lib/thumb/v8-m.main/nofp/libc_nano.a(libc_a-msizer.o)
 .ARM.attributes
                0x00000928       0x32 /home/bnuy/.mcuxpressotools/arm-gnu-toolchain-14.2.rel1-x86_64-arm-none-eabi/bin/../lib/gcc/arm-none-eabi/14.2.1/../../../../arm-none-eabi/lib/thumb/v8-m.main/nofp/libnosys.a(_exit.o)
 .ARM.attributes
                0x0000095a       0x32 /home/bnuy/.mcuxpressotools/arm-gnu-toolchain-14.2.rel1-x86_64-arm-none-eabi/bin/../lib/gcc/arm-none-eabi/14.2.1/thumb/v8-m.main/nofp/crtend.o
 .ARM.attributes
                0x0000098c       0x22 /home/bnuy/.mcuxpressotools/arm-gnu-toolchain-14.2.rel1-x86_64-arm-none-eabi/bin/../lib/gcc/arm-none-eabi/14.2.1/thumb/v8-m.main/nofp/crtn.o
                0x00000001                        ASSERT ((__StackLimit >= __HeapLimit), region m_data overflowed with stack and heap)
OUTPUT(UART-test_MCXA153.elf elf32-littlearm)
LOAD linker stubs

.debug_line_str
                0x00000000      0x2a6
 .debug_line_str
                0x00000000      0x2a6 /home/bnuy/.mcuxpressotools/arm-gnu-toolchain-14.2.rel1-x86_64-arm-none-eabi/bin/../lib/gcc/arm-none-eabi/14.2.1/../../../../arm-none-eabi/lib/thumb/v8-m.main/nofp/crt0.o
                                 0xd0 (size before relaxing)
 .debug_line_str
                0x000002a6       0x93 CMakeFiles/UART-test_MCXA153.dir/home/bnuy/Desktop/mcusdk/mcuxsdk/mcuxsdk/devices/MCX/MCXA/MCXA153/gcc/startup_MCXA153.S.obj
 .debug_line_str
                0x000002a6       0x8b CMakeFiles/UART-test_MCXA153.dir/home/bnuy/Desktop/mcusdk/mcuxsdk/mcuxsdk/components/misc_utilities/fsl_memcpy.S.obj
 .debug_line_str
                0x000002a6       0x8b CMakeFiles/UART-test_MCXA153.dir/home/bnuy/Desktop/mcusdk/mcuxsdk/mcuxsdk/components/misc_utilities/fsl_memset.S.obj
 .debug_line_str
                0x000002a6       0xe5 /home/bnuy/.mcuxpressotools/arm-gnu-toolchain-14.2.rel1-x86_64-arm-none-eabi/bin/../lib/gcc/arm-none-eabi/14.2.1/../../../../arm-none-eabi/lib/thumb/v8-m.main/nofp/libc_nano.a(libc_a-strlen.o)

.debug_info     0x00000000     0xe0c3
 .debug_info    0x00000000      0xfea CMakeFiles/UART-test_MCXA153.dir/home/bnuy/Desktop/mcusdk/mcuxsdk/mcuxsdk/devices/MCX/MCXA/MCXA153/system_MCXA153.c.obj
 .debug_info    0x00000fea      0x838 CMakeFiles/UART-test_MCXA153.dir/home/bnuy/Desktop/mcusdk/mcuxsdk/mcuxsdk/devices/MCX/MCXA/MCXA153/gcc/startup_MCXA153.S.obj
 .debug_info    0x00001822     0x208f CMakeFiles/UART-test_MCXA153.dir/home/bnuy/Desktop/mcusdk/mcuxsdk/mcuxsdk/devices/MCX/MCXA/MCXA153/drivers/fsl_clock.c.obj
 .debug_info    0x000038b1      0xa96 CMakeFiles/UART-test_MCXA153.dir/home/bnuy/Desktop/mcusdk/mcuxsdk/mcuxsdk/devices/MCX/MCXA/MCXA153/drivers/fsl_reset.c.obj
 .debug_info    0x00004347     0x3019 CMakeFiles/UART-test_MCXA153.dir/home/bnuy/Desktop/mcusdk/mcuxsdk/mcuxsdk/drivers/lpuart/fsl_lpuart.c.obj
 .debug_info    0x00007360     0x102a CMakeFiles/UART-test_MCXA153.dir/home/bnuy/Desktop/mcusdk/mcuxsdk/mcuxsdk/drivers/mcx_spc/fsl_spc.c.obj
 .debug_info    0x0000838a      0x1bf CMakeFiles/UART-test_MCXA153.dir/home/bnuy/Desktop/mcusdk/mcuxsdk/mcuxsdk/components/assert/fsl_assert.c.obj
 .debug_info    0x00008549      0xd9a CMakeFiles/UART-test_MCXA153.dir/home/bnuy/Desktop/mcusdk/mcuxsdk/mcuxsdk/components/debug_console_lite/fsl_debug_console.c.obj
 .debug_info    0x000092e3      0x124 CMakeFiles/UART-test_MCXA153.dir/home/bnuy/Desktop/mcusdk/mcuxsdk/mcuxsdk/components/misc_utilities/fsl_sbrk.c.obj
 .debug_info    0x00009407       0x25 CMakeFiles/UART-test_MCXA153.dir/home/bnuy/Desktop/mcusdk/mcuxsdk/mcuxsdk/components/misc_utilities/fsl_memcpy.S.obj
 .debug_info    0x0000942c       0x24 CMakeFiles/UART-test_MCXA153.dir/home/bnuy/Desktop/mcusdk/mcuxsdk/mcuxsdk/components/misc_utilities/fsl_memset.S.obj
 .debug_info    0x00009450      0xdd0 CMakeFiles/UART-test_MCXA153.dir/home/bnuy/Desktop/mcusdk/mcuxsdk/mcuxsdk/components/uart/fsl_adapter_lpuart.c.obj
 .debug_info    0x0000a220      0x6c7 CMakeFiles/UART-test_MCXA153.dir/frdmmcxa153/frdmmcxa153/board.c.obj
 .debug_info    0x0000a8e7      0xa7a CMakeFiles/UART-test_MCXA153.dir/frdmmcxa153/frdmmcxa153/clock_config.c.obj
 .debug_info    0x0000b361      0xf4f CMakeFiles/UART-test_MCXA153.dir/frdmmcxa153/hello_world/pin_mux.c.obj
 .debug_info    0x0000c2b0       0x9b CMakeFiles/UART-test_MCXA153.dir/frdmmcxa153/hello_world/hardware_init.c.obj
 .debug_info    0x0000c34b     0x1d78 CMakeFiles/UART-test_MCXA153.dir/hello_world.c.obj

.debug_abbrev   0x00000000     0x1cc1
 .debug_abbrev  0x00000000      0x1c8 CMakeFiles/UART-test_MCXA153.dir/home/bnuy/Desktop/mcusdk/mcuxsdk/mcuxsdk/devices/MCX/MCXA/MCXA153/system_MCXA153.c.obj
 .debug_abbrev  0x000001c8       0x26 CMakeFiles/UART-test_MCXA153.dir/home/bnuy/Desktop/mcusdk/mcuxsdk/mcuxsdk/devices/MCX/MCXA/MCXA153/gcc/startup_MCXA153.S.obj
 .debug_abbrev  0x000001ee      0x338 CMakeFiles/UART-test_MCXA153.dir/home/bnuy/Desktop/mcusdk/mcuxsdk/mcuxsdk/devices/MCX/MCXA/MCXA153/drivers/fsl_clock.c.obj
 .debug_abbrev  0x00000526      0x132 CMakeFiles/UART-test_MCXA153.dir/home/bnuy/Desktop/mcusdk/mcuxsdk/mcuxsdk/devices/MCX/MCXA/MCXA153/drivers/fsl_reset.c.obj
 .debug_abbrev  0x00000658      0x47f CMakeFiles/UART-test_MCXA153.dir/home/bnuy/Desktop/mcusdk/mcuxsdk/mcuxsdk/drivers/lpuart/fsl_lpuart.c.obj
 .debug_abbrev  0x00000ad7      0x2f9 CMakeFiles/UART-test_MCXA153.dir/home/bnuy/Desktop/mcusdk/mcuxsdk/mcuxsdk/drivers/mcx_spc/fsl_spc.c.obj
 .debug_abbrev  0x00000dd0      0x101 CMakeFiles/UART-test_MCXA153.dir/home/bnuy/Desktop/mcusdk/mcuxsdk/mcuxsdk/components/assert/fsl_assert.c.obj
 .debug_abbrev  0x00000ed1      0x25c CMakeFiles/UART-test_MCXA153.dir/home/bnuy/Desktop/mcusdk/mcuxsdk/mcuxsdk/components/debug_console_lite/fsl_debug_console.c.obj
 .debug_abbrev  0x0000112d       0xd8 CMakeFiles/UART-test_MCXA153.dir/home/bnuy/Desktop/mcusdk/mcuxsdk/mcuxsdk/components/misc_utilities/fsl_sbrk.c.obj
 .debug_abbrev  0x00001205       0x14 CMakeFiles/UART-test_MCXA153.dir/home/bnuy/Desktop/mcusdk/mcuxsdk/mcuxsdk/components/misc_utilities/fsl_memcpy.S.obj
 .debug_abbrev  0x00001219       0x14 CMakeFiles/UART-test_MCXA153.dir/home/bnuy/Desktop/mcusdk/mcuxsdk/mcuxsdk/components/misc_utilities/fsl_memset.S.obj
 .debug_abbrev  0x0000122d      0x1f7 CMakeFiles/UART-test_MCXA153.dir/home/bnuy/Desktop/mcusdk/mcuxsdk/mcuxsdk/components/uart/fsl_adapter_lpuart.c.obj
 .debug_abbrev  0x00001424       0xf7 CMakeFiles/UART-test_MCXA153.dir/frdmmcxa153/frdmmcxa153/board.c.obj
 .debug_abbrev  0x0000151b      0x213 CMakeFiles/UART-test_MCXA153.dir/frdmmcxa153/frdmmcxa153/clock_config.c.obj
 .debug_abbrev  0x0000172e      0x258 CMakeFiles/UART-test_MCXA153.dir/frdmmcxa153/hello_world/pin_mux.c.obj
 .debug_abbrev  0x00001986       0x57 CMakeFiles/UART-test_MCXA153.dir/frdmmcxa153/hello_world/hardware_init.c.obj
 .debug_abbrev  0x000019dd      0x2e4 CMakeFiles/UART-test_MCXA153.dir/hello_world.c.obj

.debug_aranges  0x00000000      0x720
 .debug_aranges
                0x00000000       0x30 CMakeFiles/UART-test_MCXA153.dir/home/bnuy/Desktop/mcusdk/mcuxsdk/mcuxsdk/devices/MCX/MCXA/MCXA153/system_MCXA153.c.obj
 .debug_aranges
                0x00000030       0x20 CMakeFiles/UART-test_MCXA153.dir/home/bnuy/Desktop/mcusdk/mcuxsdk/mcuxsdk/devices/MCX/MCXA/MCXA153/gcc/startup_MCXA153.S.obj
 .debug_aranges
                0x00000050      0x160 CMakeFiles/UART-test_MCXA153.dir/home/bnuy/Desktop/mcusdk/mcuxsdk/mcuxsdk/devices/MCX/MCXA/MCXA153/drivers/fsl_clock.c.obj
 .debug_aranges
                0x000001b0       0x30 CMakeFiles/UART-test_MCXA153.dir/home/bnuy/Desktop/mcusdk/mcuxsdk/mcuxsdk/devices/MCX/MCXA/MCXA153/drivers/fsl_reset.c.obj
 .debug_aranges
                0x000001e0      0x1a8 CMakeFiles/UART-test_MCXA153.dir/home/bnuy/Desktop/mcusdk/mcuxsdk/mcuxsdk/drivers/lpuart/fsl_lpuart.c.obj
 .debug_aranges
                0x00000388      0x118 CMakeFiles/UART-test_MCXA153.dir/home/bnuy/Desktop/mcusdk/mcuxsdk/mcuxsdk/drivers/mcx_spc/fsl_spc.c.obj
 .debug_aranges
                0x000004a0       0x28 CMakeFiles/UART-test_MCXA153.dir/home/bnuy/Desktop/mcusdk/mcuxsdk/mcuxsdk/components/assert/fsl_assert.c.obj
 .debug_aranges
                0x000004c8       0x78 CMakeFiles/UART-test_MCXA153.dir/home/bnuy/Desktop/mcusdk/mcuxsdk/mcuxsdk/components/debug_console_lite/fsl_debug_console.c.obj
 .debug_aranges
                0x00000540       0x20 CMakeFiles/UART-test_MCXA153.dir/home/bnuy/Desktop/mcusdk/mcuxsdk/mcuxsdk/components/misc_utilities/fsl_sbrk.c.obj
 .debug_aranges
                0x00000560       0x20 CMakeFiles/UART-test_MCXA153.dir/home/bnuy/Desktop/mcusdk/mcuxsdk/mcuxsdk/components/misc_utilities/fsl_memcpy.S.obj
 .debug_aranges
                0x00000580       0x20 CMakeFiles/UART-test_MCXA153.dir/home/bnuy/Desktop/mcusdk/mcuxsdk/mcuxsdk/components/misc_utilities/fsl_memset.S.obj
 .debug_aranges
                0x000005a0       0x58 CMakeFiles/UART-test_MCXA153.dir/home/bnuy/Desktop/mcusdk/mcuxsdk/mcuxsdk/components/uart/fsl_adapter_lpuart.c.obj
 .debug_aranges
                0x000005f8       0x20 CMakeFiles/UART-test_MCXA153.dir/frdmmcxa153/frdmmcxa153/board.c.obj
 .debug_aranges
                0x00000618       0x48 CMakeFiles/UART-test_MCXA153.dir/frdmmcxa153/frdmmcxa153/clock_config.c.obj
 .debug_aranges
                0x00000660       0x40 CMakeFiles/UART-test_MCXA153.dir/frdmmcxa153/hello_world/pin_mux.c.obj
 .debug_aranges
                0x000006a0       0x20 CMakeFiles/UART-test_MCXA153.dir/frdmmcxa153/hello_world/hardware_init.c.obj
 .debug_aranges
                0x000006c0       0x60 CMakeFiles/UART-test_MCXA153.dir/hello_world.c.obj

.debug_rnglists
                0x00000000      0x51b
 .debug_rnglists
                0x00000000       0x20 CMakeFiles/UART-test_MCXA153.dir/home/bnuy/Desktop/mcusdk/mcuxsdk/mcuxsdk/devices/MCX/MCXA/MCXA153/system_MCXA153.c.obj
 .debug_rnglists
                0x00000020      0x117 CMakeFiles/UART-test_MCXA153.dir/home/bnuy/Desktop/mcusdk/mcuxsdk/mcuxsdk/devices/MCX/MCXA/MCXA153/drivers/fsl_clock.c.obj
 .debug_rnglists
                0x00000137       0x21 CMakeFiles/UART-test_MCXA153.dir/home/bnuy/Desktop/mcusdk/mcuxsdk/mcuxsdk/devices/MCX/MCXA/MCXA153/drivers/fsl_reset.c.obj
 .debug_rnglists
                0x00000158      0x14c CMakeFiles/UART-test_MCXA153.dir/home/bnuy/Desktop/mcusdk/mcuxsdk/mcuxsdk/drivers/lpuart/fsl_lpuart.c.obj
 .debug_rnglists
                0x000002a4       0xd2 CMakeFiles/UART-test_MCXA153.dir/home/bnuy/Desktop/mcusdk/mcuxsdk/mcuxsdk/drivers/mcx_spc/fsl_spc.c.obj
 .debug_rnglists
                0x00000376       0x19 CMakeFiles/UART-test_MCXA153.dir/home/bnuy/Desktop/mcusdk/mcuxsdk/mcuxsdk/components/assert/fsl_assert.c.obj
 .debug_rnglists
                0x0000038f       0x59 CMakeFiles/UART-test_MCXA153.dir/home/bnuy/Desktop/mcusdk/mcuxsdk/mcuxsdk/components/debug_console_lite/fsl_debug_console.c.obj
 .debug_rnglists
                0x000003e8       0x13 CMakeFiles/UART-test_MCXA153.dir/home/bnuy/Desktop/mcusdk/mcuxsdk/mcuxsdk/components/misc_utilities/fsl_sbrk.c.obj
 .debug_rnglists
                0x000003fb       0x41 CMakeFiles/UART-test_MCXA153.dir/home/bnuy/Desktop/mcusdk/mcuxsdk/mcuxsdk/components/uart/fsl_adapter_lpuart.c.obj
 .debug_rnglists
                0x0000043c       0x13 CMakeFiles/UART-test_MCXA153.dir/frdmmcxa153/frdmmcxa153/board.c.obj
 .debug_rnglists
                0x0000044f       0x36 CMakeFiles/UART-test_MCXA153.dir/frdmmcxa153/frdmmcxa153/clock_config.c.obj
 .debug_rnglists
                0x00000485       0x2c CMakeFiles/UART-test_MCXA153.dir/frdmmcxa153/hello_world/pin_mux.c.obj
 .debug_rnglists
                0x000004b1       0x13 CMakeFiles/UART-test_MCXA153.dir/frdmmcxa153/hello_world/hardware_init.c.obj
 .debug_rnglists
                0x000004c4       0x57 CMakeFiles/UART-test_MCXA153.dir/hello_world.c.obj

.debug_line     0x00000000     0x6472
 .debug_line    0x00000000      0x3e8 CMakeFiles/UART-test_MCXA153.dir/home/bnuy/Desktop/mcusdk/mcuxsdk/mcuxsdk/devices/MCX/MCXA/MCXA153/system_MCXA153.c.obj
 .debug_line    0x000003e8      0x23d CMakeFiles/UART-test_MCXA153.dir/home/bnuy/Desktop/mcusdk/mcuxsdk/mcuxsdk/devices/MCX/MCXA/MCXA153/gcc/startup_MCXA153.S.obj
 .debug_line    0x00000625     0x11bf CMakeFiles/UART-test_MCXA153.dir/home/bnuy/Desktop/mcusdk/mcuxsdk/mcuxsdk/devices/MCX/MCXA/MCXA153/drivers/fsl_clock.c.obj
 .debug_line    0x000017e4      0x342 CMakeFiles/UART-test_MCXA153.dir/home/bnuy/Desktop/mcusdk/mcuxsdk/mcuxsdk/devices/MCX/MCXA/MCXA153/drivers/fsl_reset.c.obj
 .debug_line    0x00001b26     0x17ac CMakeFiles/UART-test_MCXA153.dir/home/bnuy/Desktop/mcusdk/mcuxsdk/mcuxsdk/drivers/lpuart/fsl_lpuart.c.obj
 .debug_line    0x000032d2      0x9f7 CMakeFiles/UART-test_MCXA153.dir/home/bnuy/Desktop/mcusdk/mcuxsdk/mcuxsdk/drivers/mcx_spc/fsl_spc.c.obj
 .debug_line    0x00003cc9      0x2bb CMakeFiles/UART-test_MCXA153.dir/home/bnuy/Desktop/mcusdk/mcuxsdk/mcuxsdk/components/assert/fsl_assert.c.obj
 .debug_line    0x00003f84      0x82f CMakeFiles/UART-test_MCXA153.dir/home/bnuy/Desktop/mcusdk/mcuxsdk/mcuxsdk/components/debug_console_lite/fsl_debug_console.c.obj
 .debug_line    0x000047b3      0x233 CMakeFiles/UART-test_MCXA153.dir/home/bnuy/Desktop/mcusdk/mcuxsdk/mcuxsdk/components/misc_utilities/fsl_sbrk.c.obj
 .debug_line    0x000049e6       0x88 CMakeFiles/UART-test_MCXA153.dir/home/bnuy/Desktop/mcusdk/mcuxsdk/mcuxsdk/components/misc_utilities/fsl_memcpy.S.obj
 .debug_line    0x00004a6e       0x77 CMakeFiles/UART-test_MCXA153.dir/home/bnuy/Desktop/mcusdk/mcuxsdk/mcuxsdk/components/misc_utilities/fsl_memset.S.obj
 .debug_line    0x00004ae5      0x57e CMakeFiles/UART-test_MCXA153.dir/home/bnuy/Desktop/mcusdk/mcuxsdk/mcuxsdk/components/uart/fsl_adapter_lpuart.c.obj
 .debug_line    0x00005063      0x292 CMakeFiles/UART-test_MCXA153.dir/frdmmcxa153/frdmmcxa153/board.c.obj
 .debug_line    0x000052f5      0x531 CMakeFiles/UART-test_MCXA153.dir/frdmmcxa153/frdmmcxa153/clock_config.c.obj
 .debug_line    0x00005826      0x3d3 CMakeFiles/UART-test_MCXA153.dir/frdmmcxa153/hello_world/pin_mux.c.obj
 .debug_line    0x00005bf9      0x10b CMakeFiles/UART-test_MCXA153.dir/frdmmcxa153/hello_world/hardware_init.c.obj
 .debug_line    0x00005d04      0x76e CMakeFiles/UART-test_MCXA153.dir/hello_world.c.obj

.debug_str      0x00000000     0x7948
 .debug_str     0x00000000     0x7948 CMakeFiles/UART-test_MCXA153.dir/home/bnuy/Desktop/mcusdk/mcuxsdk/mcuxsdk/devices/MCX/MCXA/MCXA153/system_MCXA153.c.obj
                               0x1476 (size before relaxing)
 .debug_str     0x00007948     0x1036 CMakeFiles/UART-test_MCXA153.dir/home/bnuy/Desktop/mcusdk/mcuxsdk/mcuxsdk/devices/MCX/MCXA/MCXA153/gcc/startup_MCXA153.S.obj
 .debug_str     0x00007948     0x2a00 CMakeFiles/UART-test_MCXA153.dir/home/bnuy/Desktop/mcusdk/mcuxsdk/mcuxsdk/devices/MCX/MCXA/MCXA153/drivers/fsl_clock.c.obj
 .debug_str     0x00007948      0xc3c CMakeFiles/UART-test_MCXA153.dir/home/bnuy/Desktop/mcusdk/mcuxsdk/mcuxsdk/devices/MCX/MCXA/MCXA153/drivers/fsl_reset.c.obj
 .debug_str     0x00007948     0x35e5 CMakeFiles/UART-test_MCXA153.dir/home/bnuy/Desktop/mcusdk/mcuxsdk/mcuxsdk/drivers/lpuart/fsl_lpuart.c.obj
 .debug_str     0x00007948     0x1239 CMakeFiles/UART-test_MCXA153.dir/home/bnuy/Desktop/mcusdk/mcuxsdk/mcuxsdk/drivers/mcx_spc/fsl_spc.c.obj
 .debug_str     0x00007948      0x26b CMakeFiles/UART-test_MCXA153.dir/home/bnuy/Desktop/mcusdk/mcuxsdk/mcuxsdk/components/assert/fsl_assert.c.obj
 .debug_str     0x00007948     0x15c5 CMakeFiles/UART-test_MCXA153.dir/home/bnuy/Desktop/mcusdk/mcuxsdk/mcuxsdk/components/debug_console_lite/fsl_debug_console.c.obj
 .debug_str     0x00007948      0x233 CMakeFiles/UART-test_MCXA153.dir/home/bnuy/Desktop/mcusdk/mcuxsdk/mcuxsdk/components/misc_utilities/fsl_sbrk.c.obj
 .debug_str     0x00007948       0x99 CMakeFiles/UART-test_MCXA153.dir/home/bnuy/Desktop/mcusdk/mcuxsdk/mcuxsdk/components/misc_utilities/fsl_memcpy.S.obj
 .debug_str     0x00007948       0x99 CMakeFiles/UART-test_MCXA153.dir/home/bnuy/Desktop/mcusdk/mcuxsdk/mcuxsdk/components/misc_utilities/fsl_memset.S.obj
 .debug_str     0x00007948     0x179a CMakeFiles/UART-test_MCXA153.dir/home/bnuy/Desktop/mcusdk/mcuxsdk/mcuxsdk/components/uart/fsl_adapter_lpuart.c.obj
 .debug_str     0x00007948      0xf42 CMakeFiles/UART-test_MCXA153.dir/frdmmcxa153/frdmmcxa153/board.c.obj
 .debug_str     0x00007948     0x1002 CMakeFiles/UART-test_MCXA153.dir/frdmmcxa153/frdmmcxa153/clock_config.c.obj
 .debug_str     0x00007948     0x1445 CMakeFiles/UART-test_MCXA153.dir/frdmmcxa153/hello_world/pin_mux.c.obj
 .debug_str     0x00007948      0x22d CMakeFiles/UART-test_MCXA153.dir/frdmmcxa153/hello_world/hardware_init.c.obj
 .debug_str     0x00007948     0x2f53 CMakeFiles/UART-test_MCXA153.dir/hello_world.c.obj

.comment        0x00000000       0x45
 .comment       0x00000000       0x45 CMakeFiles/UART-test_MCXA153.dir/home/bnuy/Desktop/mcusdk/mcuxsdk/mcuxsdk/devices/MCX/MCXA/MCXA153/system_MCXA153.c.obj
                                 0x46 (size before relaxing)
 .comment       0x00000045       0x46 CMakeFiles/UART-test_MCXA153.dir/home/bnuy/Desktop/mcusdk/mcuxsdk/mcuxsdk/devices/MCX/MCXA/MCXA153/drivers/fsl_clock.c.obj
 .comment       0x00000045       0x46 CMakeFiles/UART-test_MCXA153.dir/home/bnuy/Desktop/mcusdk/mcuxsdk/mcuxsdk/devices/MCX/MCXA/MCXA153/drivers/fsl_reset.c.obj
 .comment       0x00000045       0x46 CMakeFiles/UART-test_MCXA153.dir/home/bnuy/Desktop/mcusdk/mcuxsdk/mcuxsdk/drivers/lpuart/fsl_lpuart.c.obj
 .comment       0x00000045       0x46 CMakeFiles/UART-test_MCXA153.dir/home/bnuy/Desktop/mcusdk/mcuxsdk/mcuxsdk/drivers/mcx_spc/fsl_spc.c.obj
 .comment       0x00000045       0x46 CMakeFiles/UART-test_MCXA153.dir/home/bnuy/Desktop/mcusdk/mcuxsdk/mcuxsdk/components/assert/fsl_assert.c.obj
 .comment       0x00000045       0x46 CMakeFiles/UART-test_MCXA153.dir/home/bnuy/Desktop/mcusdk/mcuxsdk/mcuxsdk/components/debug_console_lite/fsl_debug_console.c.obj
 .comment       0x00000045       0x46 CMakeFiles/UART-test_MCXA153.dir/home/bnuy/Desktop/mcusdk/mcuxsdk/mcuxsdk/components/misc_utilities/fsl_sbrk.c.obj
 .comment       0x00000045       0x46 CMakeFiles/UART-test_MCXA153.dir/home/bnuy/Desktop/mcusdk/mcuxsdk/mcuxsdk/components/uart/fsl_adapter_lpuart.c.obj
 .comment       0x00000045       0x46 CMakeFiles/UART-test_MCXA153.dir/frdmmcxa153/frdmmcxa153/board.c.obj
 .comment       0x00000045       0x46 CMakeFiles/UART-test_MCXA153.dir/frdmmcxa153/frdmmcxa153/clock_config.c.obj
 .comment       0x00000045       0x46 CMakeFiles/UART-test_MCXA153.dir/frdmmcxa153/hello_world/pin_mux.c.obj
 .comment       0x00000045       0x46 CMakeFiles/UART-test_MCXA153.dir/frdmmcxa153/hello_world/hardware_init.c.obj
 .comment       0x00000045       0x46 CMakeFiles/UART-test_MCXA153.dir/hello_world.c.obj

.debug_frame    0x00000000     0x2320
 .debug_frame   0x00000000       0x74 CMakeFiles/UART-test_MCXA153.dir/home/bnuy/Desktop/mcusdk/mcuxsdk/mcuxsdk/devices/MCX/MCXA/MCXA153/system_MCXA153.c.obj
 .debug_frame   0x00000074      0x5d8 CMakeFiles/UART-test_MCXA153.dir/home/bnuy/Desktop/mcusdk/mcuxsdk/mcuxsdk/devices/MCX/MCXA/MCXA153/drivers/fsl_clock.c.obj
 .debug_frame   0x0000064c       0x7c CMakeFiles/UART-test_MCXA153.dir/home/bnuy/Desktop/mcusdk/mcuxsdk/mcuxsdk/devices/MCX/MCXA/MCXA153/drivers/fsl_reset.c.obj
 .debug_frame   0x000006c8      0x73c CMakeFiles/UART-test_MCXA153.dir/home/bnuy/Desktop/mcusdk/mcuxsdk/mcuxsdk/drivers/lpuart/fsl_lpuart.c.obj