/home/bnuy/Desktop/mcusdk/mcuxsdk/mcuxsdk/devices/MCX/MCXA/MCXA153/drivers/fsl_clock.h:539:20:CLOCK_EnableClock	32	static
/home/bnuy/Desktop/mcusdk/mcuxsdk/mcuxsdk/devices/MCX/MCXA/MCXA153/drivers/fsl_clock.c:46:20:CLOCK_IsDivHalt	16	static
/home/bnuy/Desktop/mcusdk/mcuxsdk/mcuxsdk/devices/MCX/MCXA/MCXA153/drivers/fsl_clock.c:68:6:CLOCK_AttachClk	24	static
/home/bnuy/Desktop/mcusdk/mcuxsdk/mcuxsdk/devices/MCX/MCXA/MCXA153/drivers/fsl_clock.c:87:19:CLOCK_GetClockAttachId	32	static
/home/bnuy/Desktop/mcusdk/mcuxsdk/mcuxsdk/devices/MCX/MCXA/MCXA153/drivers/fsl_clock.c:105:6:CLOCK_SetClockSelect	24	static
/home/bnuy/Desktop/mcusdk/mcuxsdk/mcuxsdk/devices/MCX/MCXA/MCXA153/drivers/fsl_clock.c:130:10:CLOCK_GetClockSelect	24	static
/home/bnuy/Desktop/mcusdk/mcuxsdk/mcuxsdk/devices/MCX/MCXA/MCXA153/drivers/fsl_clock.c:149:6:CLOCK_SetClockDiv	24	static
/home/bnuy/Desktop/mcusdk/mcuxsdk/mcuxsdk/devices/MCX/MCXA/MCXA153/drivers/fsl_clock.c:193:10:CLOCK_GetClockDiv	24	static
/home/bnuy/Desktop/mcusdk/mcuxsdk/mcuxsdk/devices/MCX/MCXA/MCXA153/drivers/fsl_clock.c:209:6:CLOCK_HaltClockDiv	24	static
/home/bnuy/Desktop/mcusdk/mcuxsdk/mcuxsdk/devices/MCX/MCXA/MCXA153/drivers/fsl_clock.c:224:10:CLOCK_SetupFROHFClocking	24	static
/home/bnuy/Desktop/mcusdk/mcuxsdk/mcuxsdk/devices/MCX/MCXA/MCXA153/drivers/fsl_clock.c:276:10:CLOCK_SetupFRO12MClocking	4	static
/home/bnuy/Desktop/mcusdk/mcuxsdk/mcuxsdk/devices/MCX/MCXA/MCXA153/drivers/fsl_clock.c:300:10:CLOCK_SetupFRO16KClocking	16	static
/home/bnuy/Desktop/mcusdk/mcuxsdk/mcuxsdk/devices/MCX/MCXA/MCXA153/drivers/fsl_clock.c:316:10:CLOCK_SetupExtClocking	24	static
/home/bnuy/Desktop/mcusdk/mcuxsdk/mcuxsdk/devices/MCX/MCXA/MCXA153/drivers/fsl_clock.c:374:10:CLOCK_SetupExtRefClocking	16	static
/home/bnuy/Desktop/mcusdk/mcuxsdk/mcuxsdk/devices/MCX/MCXA/MCXA153/drivers/fsl_clock.c:414:10:CLOCK_GetFreq	24	static
/home/bnuy/Desktop/mcusdk/mcuxsdk/mcuxsdk/devices/MCX/MCXA/MCXA153/drivers/fsl_clock.c:473:17:CLOCK_GetFro12MFreq	4	static
/home/bnuy/Desktop/mcusdk/mcuxsdk/mcuxsdk/devices/MCX/MCXA/MCXA153/drivers/fsl_clock.c:482:17:CLOCK_GetClk1MFreq	4	static
/home/bnuy/Desktop/mcusdk/mcuxsdk/mcuxsdk/devices/MCX/MCXA/MCXA153/drivers/fsl_clock.c:491:17:CLOCK_GetFroHfFreq	16	static
/home/bnuy/Desktop/mcusdk/mcuxsdk/mcuxsdk/devices/MCX/MCXA/MCXA153/drivers/fsl_clock.c:529:17:CLOCK_GetClk48MFreq	4	static
/home/bnuy/Desktop/mcusdk/mcuxsdk/mcuxsdk/devices/MCX/MCXA/MCXA153/drivers/fsl_clock.c:539:17:CLOCK_GetFRO16KFreq	4	static
/home/bnuy/Desktop/mcusdk/mcuxsdk/mcuxsdk/devices/MCX/MCXA/MCXA153/drivers/fsl_clock.c:547:17:CLOCK_GetClk16KFreq	16	static
/home/bnuy/Desktop/mcusdk/mcuxsdk/mcuxsdk/devices/MCX/MCXA/MCXA153/drivers/fsl_clock.c:559:17:CLOCK_GetExtClkFreq	4	static
/home/bnuy/Desktop/mcusdk/mcuxsdk/mcuxsdk/devices/MCX/MCXA/MCXA153/drivers/fsl_clock.c:568:10:CLOCK_GetMainClk	16	static
/home/bnuy/Desktop/mcusdk/mcuxsdk/mcuxsdk/devices/MCX/MCXA/MCXA153/drivers/fsl_clock.c:597:10:CLOCK_GetCoreSysClkFreq	8	static
/home/bnuy/Desktop/mcusdk/mcuxsdk/mcuxsdk/devices/MCX/MCXA/MCXA153/drivers/fsl_clock.c:606:10:CLOCK_GetI3CFClkFreq	24	static
/home/bnuy/Desktop/mcusdk/mcuxsdk/mcuxsdk/devices/MCX/MCXA/MCXA153/drivers/fsl_clock.c:643:10:CLOCK_GetCTimerClkFreq	32	static
/home/bnuy/Desktop/mcusdk/mcuxsdk/mcuxsdk/devices/MCX/MCXA/MCXA153/drivers/fsl_clock.c:685:10:CLOCK_GetLpi2cClkFreq	24	static
/home/bnuy/Desktop/mcusdk/mcuxsdk/mcuxsdk/devices/MCX/MCXA/MCXA153/drivers/fsl_clock.c:721:10:CLOCK_GetLpspiClkFreq	32	static
/home/bnuy/Desktop/mcusdk/mcuxsdk/mcuxsdk/devices/MCX/MCXA/MCXA153/drivers/fsl_clock.c:757:10:CLOCK_GetLpuartClkFreq	32	static
/home/bnuy/Desktop/mcusdk/mcuxsdk/mcuxsdk/devices/MCX/MCXA/MCXA153/drivers/fsl_clock.c:798:10:CLOCK_GetLptmrClkFreq	24	static
/home/bnuy/Desktop/mcusdk/mcuxsdk/mcuxsdk/devices/MCX/MCXA/MCXA153/drivers/fsl_clock.c:834:10:CLOCK_GetOstimerClkFreq	16	static
/home/bnuy/Desktop/mcusdk/mcuxsdk/mcuxsdk/devices/MCX/MCXA/MCXA153/drivers/fsl_clock.c:858:10:CLOCK_GetAdcClkFreq	24	static
/home/bnuy/Desktop/mcusdk/mcuxsdk/mcuxsdk/devices/MCX/MCXA/MCXA153/drivers/fsl_clock.c:894:10:CLOCK_GetCmpFClkFreq	32	static
/home/bnuy/Desktop/mcusdk/mcuxsdk/mcuxsdk/devices/MCX/MCXA/MCXA153/drivers/fsl_clock.c:930:10:CLOCK_GetCmpRRClkFreq	32	static
/home/bnuy/Desktop/mcusdk/mcuxsdk/mcuxsdk/devices/MCX/MCXA/MCXA153/drivers/fsl_clock.c:966:10:CLOCK_GetTraceClkFreq	24	static
/home/bnuy/Desktop/mcusdk/mcuxsdk/mcuxsdk/devices/MCX/MCXA/MCXA153/drivers/fsl_clock.c:999:10:CLOCK_GetClkoutClkFreq	24	static
/home/bnuy/Desktop/mcusdk/mcuxsdk/mcuxsdk/devices/MCX/MCXA/MCXA153/drivers/fsl_clock.c:1038:10:CLOCK_GetWwdtClkFreq	16	static
/home/bnuy/Desktop/mcusdk/mcuxsdk/mcuxsdk/devices/MCX/MCXA/MCXA153/drivers/fsl_clock.c:1058:10:CLOCK_FROHFTrimConfig	16	static
/home/bnuy/Desktop/mcusdk/mcuxsdk/mcuxsdk/devices/MCX/MCXA/MCXA153/drivers/fsl_clock.c:1093:10:CLOCK_FRO12MTrimConfig	16	static
/home/bnuy/Desktop/mcusdk/mcuxsdk/mcuxsdk/devices/MCX/MCXA/MCXA153/drivers/fsl_clock.c:1132:6:CLOCK_SetSysOscMonitorMode	24	static
/home/bnuy/Desktop/mcusdk/mcuxsdk/mcuxsdk/devices/MCX/MCXA/MCXA153/drivers/fsl_clock.c:1146:6:CLOCK_EnableUsbfsClock	8	static
